Archive member included to satisfy reference by file (symbol)

CMakeFiles\crf_test.dir/objects.a(main.c.obj)
                              (--whole-archive)
CMakeFiles\crf_test.dir/objects.a(cpool_test.c.obj)
                              (--whole-archive)
CMakeFiles\crf_test.dir/objects.a(cqueue_test.c.obj)
                              (--whole-archive)
CMakeFiles\crf_test.dir/objects.a(chsm_test.c.obj)
                              (--whole-archive)
CMakeFiles\crf_test.dir/objects.a(crf_test.c.obj)
                              (--whole-archive)
CMakeFiles\crf_test.dir/objects.a(cbits_test.c.obj)
                              (--whole-archive)
CMakeFiles\crf_test.dir/objects.a(cvalue_test.c.obj)
                              (--whole-archive)
CMakeFiles\crf_test.dir/objects.a(chsm_test_functions.c.obj)
                              (--whole-archive)
CMakeFiles\crf_test.dir/objects.a(chsm_test_machine.c.obj)
                              (--whole-archive)
CMakeFiles\crf_test.dir/objects.a(chsm_test_machine2.c.obj)
                              (--whole-archive)
CMakeFiles\crf_test.dir/objects.a(chsm_test_machine3.c.obj)
                              (--whole-archive)
CMakeFiles\crf_test.dir/objects.a(chsm_test_machine4.c.obj)
                              (--whole-archive)
CMakeFiles\crf_test.dir/objects.a(bus_driver.c.obj)
                              (--whole-archive)
CMakeFiles\crf_test.dir/objects.a(bus_driver_functions.c.obj)
                              (--whole-archive)
CMakeFiles\crf_test.dir/objects.a(dev_driver.c.obj)
                              (--whole-archive)
CMakeFiles\crf_test.dir/objects.a(dev_driver_functions.c.obj)
                              (--whole-archive)
CMakeFiles\crf_test.dir/objects.a(atomic_functions.c.obj)
                              (--whole-archive)
../../../lib/libunity.a(unity.c.obj)
                              CMakeFiles\crf_test.dir/objects.a(cpool_test.c.obj) (UnityAssertEqualNumber)
../../../lib/libunity.a(unity_fixture.c.obj)
                              ../../../lib/libunity.a(unity.c.obj) (setUp)
../../../lib/libcrf.a(cbits.c.obj)
                              CMakeFiles\crf_test.dir/objects.a(cbits_test.c.obj) (cbits_init)
../../../lib/libcrf.a(chsm.c.obj)
                              CMakeFiles\crf_test.dir/objects.a(chsm_test.c.obj) (chsm_ctor)
../../../lib/libcrf.a(cpool.c.obj)
                              CMakeFiles\crf_test.dir/objects.a(cpool_test.c.obj) (cpool_init)
../../../lib/libcrf.a(cqueue.c.obj)
                              CMakeFiles\crf_test.dir/objects.a(cqueue_test.c.obj) (cqueue_init)
../../../lib/libcrf.a(crf.c.obj)
                              CMakeFiles\crf_test.dir/objects.a(crf_test.c.obj) (crf_init)
../../../lib/libcrf.a(cvalue.c.obj)
                              CMakeFiles\crf_test.dir/objects.a(cvalue_test.c.obj) (cvalue_init)
c:/mingw/bin/../lib/gcc/mingw32/8.2.0/../../../libkernel32.a(dimos01131.o)
                              c:/mingw/bin/../lib/gcc/mingw32/8.2.0/../../../crt2.o (SetUnhandledExceptionFilter@4)
c:/mingw/bin/../lib/gcc/mingw32/8.2.0/../../../libkernel32.a(dimos00817.o)
                              c:/mingw/bin/../lib/gcc/mingw32/8.2.0/crtbegin.o (LoadLibraryA@4)
c:/mingw/bin/../lib/gcc/mingw32/8.2.0/../../../libkernel32.a(dimos00577.o)
                              c:/mingw/bin/../lib/gcc/mingw32/8.2.0/crtbegin.o (GetProcAddress@8)
c:/mingw/bin/../lib/gcc/mingw32/8.2.0/../../../libkernel32.a(dimos00529.o)
                              c:/mingw/bin/../lib/gcc/mingw32/8.2.0/crtbegin.o (GetModuleHandleA@4)
c:/mingw/bin/../lib/gcc/mingw32/8.2.0/../../../libkernel32.a(dimos00352.o)
                              c:/mingw/bin/../lib/gcc/mingw32/8.2.0/crtbegin.o (FreeLibrary@4)
c:/mingw/bin/../lib/gcc/mingw32/8.2.0/../../../libkernel32.a(dimos00279.o)
                              c:/mingw/bin/../lib/gcc/mingw32/8.2.0/../../../crt2.o (ExitProcess@4)
c:/mingw/bin/../lib/gcc/mingw32/8.2.0/../../../libkernel32.a(dimoh.o)
                              c:/mingw/bin/../lib/gcc/mingw32/8.2.0/../../../libkernel32.a(dimos01131.o) (_head_libkernel32_a)
c:/mingw/bin/../lib/gcc/mingw32/8.2.0/../../../libkernel32.a(dimot.o)
                              c:/mingw/bin/../lib/gcc/mingw32/8.2.0/../../../libkernel32.a(dimoh.o) (_libkernel32_a_iname)
c:/mingw/bin/../lib/gcc/mingw32/8.2.0/../../../libmingw32.a(CRTglob.o)
                              c:/mingw/bin/../lib/gcc/mingw32/8.2.0/../../../crt2.o (_CRT_glob)
c:/mingw/bin/../lib/gcc/mingw32/8.2.0/../../../libmingw32.a(setargv.o)
                              c:/mingw/bin/../lib/gcc/mingw32/8.2.0/../../../crt2.o (_setargv)
c:/mingw/bin/../lib/gcc/mingw32/8.2.0/../../../libmingw32.a(CRTfmode.o)
                              c:/mingw/bin/../lib/gcc/mingw32/8.2.0/../../../crt2.o (_CRT_fmode)
c:/mingw/bin/../lib/gcc/mingw32/8.2.0/../../../libmingw32.a(cpu_features.o)
                              c:/mingw/bin/../lib/gcc/mingw32/8.2.0/../../../crt2.o (__cpu_features_init)
[...]
Memory Configuration

Name             Origin             Length             Attributes
*default*        0x00000000         0xffffffff

Linker script and memory map

                0x00400000                __image_base__ = 0x400000
                0x00000000                __dll__ = 0x0
                0x00400000                ___ImageBase = 0x400000
                0x00001000                __section_alignment__ = 0x1000
                0x00000200                __file_alignment__ = 0x200
                0x00000004                __major_os_version__ = 0x4
                0x00000000                __minor_os_version__ = 0x0
                0x00000000                __major_image_version__ = 0x0
                0x00000000                __minor_image_version__ = 0x0
                0x00000004                __major_subsystem_version__ = 0x4
                0x00000000                __minor_subsystem_version__ = 0x0
                0x00000003                __subsystem__ = 0x3
                0x00200000                __size_of_stack_reserve__ = 0x200000
                0x00001000                __size_of_stack_commit__ = 0x1000
                0x00100000                __size_of_heap_reserve__ = 0x100000
                0x00001000                __size_of_heap_commit__ = 0x1000
                0x00000000                __loader_flags__ = 0x0
                0x00000000                __dll_characteristics__ = 0x0
LOAD c:/mingw/bin/../lib/gcc/mingw32/8.2.0/../../../crt2.o
LOAD c:/mingw/bin/../lib/gcc/mingw32/8.2.0/crtbegin.o
LOAD CMakeFiles\crf_test.dir/objects.a
LOAD ../../../lib/libunity.a
LOAD ../../../lib/libcrf.a
LOAD c:/mingw/bin/../lib/gcc/mingw32/8.2.0/../../../libkernel32.a
LOAD c:/mingw/bin/../lib/gcc/mingw32/8.2.0/../../../libuser32.a
LOAD c:/mingw/bin/../lib/gcc/mingw32/8.2.0/../../../libgdi32.a
LOAD c:/mingw/bin/../lib/gcc/mingw32/8.2.0/../../../libwinspool.a
LOAD c:/mingw/bin/../lib/gcc/mingw32/8.2.0/../../../libshell32.a
LOAD c:/mingw/bin/../lib/gcc/mingw32/8.2.0/../../../libole32.a
LOAD c:/mingw/bin/../lib/gcc/mingw32/8.2.0/../../../liboleaut32.a
LOAD c:/mingw/bin/../lib/gcc/mingw32/8.2.0/../../../libuuid.a
LOAD c:/mingw/bin/../lib/gcc/mingw32/8.2.0/../../../libcomdlg32.a
LOAD c:/mingw/bin/../lib/gcc/mingw32/8.2.0/../../../libadvapi32.a
LOAD c:/mingw/bin/../lib/gcc/mingw32/8.2.0/../../../libmingw32.a
LOAD c:/mingw/bin/../lib/gcc/mingw32/8.2.0/libgcc.a
LOAD c:/mingw/bin/../lib/gcc/mingw32/8.2.0/libgcc_eh.a
LOAD c:/mingw/bin/../lib/gcc/mingw32/8.2.0/../../../libmoldname.a
LOAD c:/mingw/bin/../lib/gcc/mingw32/8.2.0/../../../libmingwex.a
LOAD c:/mingw/bin/../lib/gcc/mingw32/8.2.0/../../../libmsvcrt.a
LOAD c:/mingw/bin/../lib/gcc/mingw32/8.2.0/../../../libadvapi32.a
LOAD c:/mingw/bin/../lib/gcc/mingw32/8.2.0/../../../libshell32.a
LOAD c:/mingw/bin/../lib/gcc/mingw32/8.2.0/../../../libuser32.a
LOAD c:/mingw/bin/../lib/gcc/mingw32/8.2.0/../../../libkernel32.a
LOAD c:/mingw/bin/../lib/gcc/mingw32/8.2.0/../../../libmingw32.a
LOAD c:/mingw/bin/../lib/gcc/mingw32/8.2.0/libgcc.a
LOAD c:/mingw/bin/../lib/gcc/mingw32/8.2.0/libgcc_eh.a
LOAD c:/mingw/bin/../lib/gcc/mingw32/8.2.0/../../../libmoldname.a
LOAD c:/mingw/bin/../lib/gcc/mingw32/8.2.0/../../../libmingwex.a
LOAD c:/mingw/bin/../lib/gcc/mingw32/8.2.0/../../../libmsvcrt.a
LOAD c:/mingw/bin/../lib/gcc/mingw32/8.2.0/crtend.o
                0x000003a8                . = SIZEOF_HEADERS
                0x00001000                . = ALIGN (__section_alignment__)

.text           0x00401000    0x10e00
 *(.init)
 *(.text)
 .text          0x00401000      0x330 c:/mingw/bin/../lib/gcc/mingw32/8.2.0/../../../crt2.o
                0x00401290                _mingw32_init_mainargs
                0x004012d0                mainCRTStartup
                0x004012f0                WinMainCRTStartup
                0x00401310                atexit
                0x00401320                _onexit
 .text          0x00401330       0xe0 c:/mingw/bin/../lib/gcc/mingw32/8.2.0/crtbegin.o
                0x00401330                __gcc_register_frame
                0x004013e0                __gcc_deregister_frame
 .text          0x00401410       0x60 CMakeFiles\crf_test.dir/objects.a(main.c.obj)
                0x00401410                disableInterrupts
                0x00401416                enableInterrupts
                0x0040141c                run_hsm_tests
                0x00401443                main
 .text          0x00401470      0x5a0 CMakeFiles\crf_test.dir/objects.a(cpool_test.c.obj)
                0x00401470                TEST_ep_SETUP
                0x00401476                TEST_ep_TEAR_DOWN
                0x0040147c                TEST_ep_new_1_run
                0x004014ca                TEST_ep_new_1_
                0x0040155d                TEST_ep_new_2_run
                0x004015ab                TEST_ep_new_2_
                0x004016ca                TEST_ep_overallocate_run
                0x00401718                TEST_ep_overallocate_
                0x0040178a                TEST_ep_reuse_event_run
                0x004017d8                TEST_ep_reuse_event_
                0x004018ca                TEST_ep_ignore_foreign_event_run
                0x00401918                TEST_ep_ignore_foreign_event_
                0x004019ee                TEST_ep_GROUP_RUNNER
 .text          0x00401a10      0xf3c CMakeFiles\crf_test.dir/objects.a(cqueue_test.c.obj)
                0x00401a10                TEST_cq_SETUP
                0x00401a3a                TEST_cq_TEAR_DOWN
                0x00401a7b                TEST_cq_put_1_get_1_run
                0x00401ac9                TEST_cq_put_1_get_1_
                0x00401b5e                TEST_cq_put_2_get_1_run
                0x00401bac                TEST_cq_put_2_get_1_
                0x00401c84                TEST_cq_put_2_get_2_run
                0x00401cd2                TEST_cq_put_2_get_2_
                0x00401d7b                TEST_cq_get_from_empty_run
                0x00401dc9                TEST_cq_get_from_empty_
                0x00401e19                TEST_cq_put_more_than_capacity_run
                0x00401e67                TEST_cq_put_more_than_capacity_
                0x00401f05                TEST_cq_get_all_run
                0x00401f53                TEST_cq_get_all_
                0x00402014                TEST_cq_test_put_roll_run
                0x00402062                TEST_cq_test_put_roll_
                0x004020e4                TEST_cq_test_put_a_lot_run
                0x00402132                TEST_cq_test_put_a_lot_
                0x0040227c                TEST_cq_test_get_roll_run
                0x004022ca                TEST_cq_test_get_roll_
                0x0040234b                TEST_cq_put_left_1_get_1_run
                0x00402399                TEST_cq_put_left_1_get_1_
                0x0040242e                TEST_cq_put_left_2_get_2_run
                0x0040247c                TEST_cq_put_left_2_get_2_
                0x00402581                TEST_cq_put_left_after_put_run
                0x004025cf                TEST_cq_put_left_after_put_
                0x004026ea                TEST_cq_put_left_more_than_capacity_run
                0x00402738                TEST_cq_put_left_more_than_capacity_
                0x004027d6                TEST_cq_put_2_get_right_1_run
                0x00402824                TEST_cq_put_2_get_right_1_
                0x004028fc                TEST_cq_GROUP_RUNNER
 .text          0x0040294c     0x25b8 CMakeFiles\crf_test.dir/objects.a(chsm_test.c.obj)
                0x0040294c                TEST_hsm_SETUP
                0x0040297d                TEST_hsm_TEAR_DOWN
                0x00402983                TEST_hsm_enter_initial_state_run
                0x004029d1                TEST_hsm_enter_initial_state_
                0x00402a7a                TEST_hsm_handle_unknown_event_run
                0x00402ac8                TEST_hsm_handle_unknown_event_
                0x00402b61                TEST_hsm_handle_event_in_parent_run
                0x00402baf                TEST_hsm_handle_event_in_parent_
                0x00402c58                TEST_hsm_handle_event_in_parent_orig_state_run
                0x00402ca6                TEST_hsm_handle_event_in_parent_orig_state_
                0x00402d3f                TEST_hsm_handle_exit_from_child_run
                0x00402d8d                TEST_hsm_handle_exit_from_child_
                0x00402e12                TEST_hsm_sm4_init_run
                0x00402e60                TEST_hsm_sm4_init_
                0x00402f09                TEST_hsm_sm4_s11_g_guard1_run
                0x00402f57                TEST_hsm_sm4_s11_g_guard1_
                0x00403027                TEST_hsm_sm4_s11_g_guard2_run
                0x00403075                TEST_hsm_sm4_s11_g_guard2_
                0x00403145                TEST_hsm_sm4_s11_g_guards_run
                0x00403193                TEST_hsm_sm4_s11_g_guards_
                0x0040326a                TEST_hsm_sm4_s11_d_false_guard_run
                0x004032b8                TEST_hsm_sm4_s11_d_false_guard_
                0x00403381                TEST_hsm_sm4_s11_d_false_guard_no_parent_run
                0x004033cf                TEST_hsm_sm4_s11_d_false_guard_no_parent_
                0x0040349f                TEST_hsm_sm4_s11_evaluate_guards_run
                0x004034ed                TEST_hsm_sm4_s11_evaluate_guards_
                0x004035b6                TEST_hsm_sm4_s11_execute_sa_guarded_it_run
                0x00403604                TEST_hsm_sm4_s11_execute_sa_guarded_it_
                0x004036d4                TEST_hsm_sm4_s11_execute_sa_guarded_et_run
                0x00403722                TEST_hsm_sm4_s11_execute_sa_guarded_et_
                0x004037f2                TEST_hsm_sm4_s11_execute_parent_guarded_it_run
                0x00403840                TEST_hsm_sm4_s11_execute_parent_guarded_it_
                0x00403910                TEST_hsm_sm4_s11_a_run
                0x0040395e                TEST_hsm_sm4_s11_a_
                0x00403a27                TEST_hsm_sm4_s11_parent_sa_guard_et_run
                0x00403a75                TEST_hsm_sm4_s11_parent_sa_guard_et_
                0x00403b45                TEST_hsm_sm4_s11_h_run
                0x00403b93                TEST_hsm_sm4_s11_h_
                0x00403c5c                TEST_hsm_sm4_s11_b_run
                0x00403caa                TEST_hsm_sm4_s11_b_
                0x00403d73                TEST_hsm_sm4_s11_e_run
                0x00403dc1                TEST_hsm_sm4_s11_e_
                0x00403e8a                TEST_hsm_sm4_s11_d_guard_true_run
                0x00403ed8                TEST_hsm_sm4_s11_d_guard_true_
                0x00403fa8                TEST_hsm_sm4_s11_f_run
                0x00403ff6                TEST_hsm_sm4_s11_f_
                0x004040bf                TEST_hsm_sm4_s11_c_run
                0x0040410d                TEST_hsm_sm4_s11_c_
                0x004041d6                TEST_hsm_sm4_s211_a_run
                0x00404224                TEST_hsm_sm4_s211_a_
                0x00404301                TEST_hsm_sm4_s211_b_run
                0x0040434f                TEST_hsm_sm4_s211_b_
                0x0040442c                TEST_hsm_sm4_s211_c_run
                0x0040447a                TEST_hsm_sm4_s211_c_
                0x00404557                TEST_hsm_sm4_s211_f_run
                0x004045a5                TEST_hsm_sm4_s211_f_
                0x00404682                TEST_hsm_sm4_s211_h_run
                0x004046d0                TEST_hsm_sm4_s211_h_
                0x004047ad                TEST_hsm_init_event_queue_run
                0x004047fb                TEST_hsm_init_event_queue_
                0x0040488a                TEST_hsm_defer_1_run
                0x004048d8                TEST_hsm_defer_1_
                0x00404af0                TEST_hsm_defer_2_run
                0x00404b3e                TEST_hsm_defer_2_
                0x00404e6c                TEST_hsm_GROUP_RUNNER
 .text          0x00404f04      0xdac CMakeFiles\crf_test.dir/objects.a(crf_test.c.obj)
                0x00404f04                send_data
                0x00404f13                emit_event
                0x00404f52                bus_send
                0x00404f78                TEST_crf_SETUP
                0x00405111                TEST_crf_TEAR_DOWN
                0x00405117                TEST_crf_init_run
                0x00405165                TEST_crf_init_
                0x004051cc                TEST_crf_init_NULL_run
                0x0040521a                TEST_crf_init_NULL_
                0x004052af                TEST_crf_one_small_event_run
                0x004052fd                TEST_crf_one_small_event_
                0x004053a9                TEST_crf_two_small_event_run
                0x004053f7                TEST_crf_two_small_event_
                0x004054e0                TEST_crf_too_many_small_event_run
                0x0040552e                TEST_crf_too_many_small_event_
                0x004056ce                TEST_crf_too_many_events_run
                0x0040571c                TEST_crf_too_many_events_
                0x00405926                TEST_crf_post_run
                0x00405974                TEST_crf_post_
                0x00405a03                TEST_crf_gc_after_post_run
                0x00405a51                TEST_crf_gc_after_post_
                0x00405bab                TEST_crf_emmit_run
                0x00405bf9                TEST_crf_emmit_
                0x00405c7a                TEST_crf_GROUP_RUNNER
 .text          0x00405cb0      0x898 CMakeFiles\crf_test.dir/objects.a(cbits_test.c.obj)
                0x00405cb0                send
                0x00405d23                TEST_cb_SETUP
                0x00405e36                TEST_cb_TEAR_DOWN
                0x00405e3c                TEST_cb_init_without_send_run
                0x00405e8a                TEST_cb_init_without_send_
                0x00405ed3                TEST_cb_set_bit_0_run
                0x00405f21                TEST_cb_set_bit_0_
                0x00405f9a                TEST_cb_set_clr_bit_0_run
                0x00405fe8                TEST_cb_set_clr_bit_0_
                0x00406077                TEST_cb_set_bit_01_run
                0x004060c5                TEST_cb_set_bit_01_
                0x00406111                TEST_cb_set_bit_0_15_run
                0x0040615f                TEST_cb_set_bit_0_15_
                0x004061ab                TEST_cb_set_2_clr_1_run
                0x004061f9                TEST_cb_set_2_clr_1_
                0x0040629e                TEST_cb_check_0_signal_not_sent_run
                0x004062ec                TEST_cb_check_0_signal_not_sent_
                0x00406342                TEST_cb_no_active_events_run
                0x00406390                TEST_cb_no_active_events_
                0x00406429                TEST_cb_no_inactive_events_run
                0x00406477                TEST_cb_no_inactive_events_
                0x00406510                TEST_cb_GROUP_RUNNER
 .text          0x00406548     0x2a34 CMakeFiles\crf_test.dir/objects.a(cvalue_test.c.obj)
                0x004065a0                TEST_cv_SETUP
                0x00406683                TEST_cv_TEAR_DOWN
                0x00406689                TEST_cv_set_less_than_filter_count_values_in_range_run
                0x004066d7                TEST_cv_set_less_than_filter_count_values_in_range_
                0x00406799                TEST_cv_set_less_than_filter_count_values_low_run
                0x004067e7                TEST_cv_set_less_than_filter_count_values_low_
                0x004068a9                TEST_cv_set_less_than_filter_count_values_high_run
                0x004068f7                TEST_cv_set_less_than_filter_count_values_high_
                0x004069b9                TEST_cv_set_filter_count_values_in_range_run
                0x00406a07                TEST_cv_set_filter_count_values_in_range_
                0x00406af4                TEST_cv_set_filter_count_values_low_run
                0x00406b42                TEST_cv_set_filter_count_values_low_
                0x00406c02                TEST_cv_set_filter_count_values_high_run
                0x00406c50                TEST_cv_set_filter_count_values_high_
                0x00406d10                TEST_cv_set_more_than_filter_count_values_in_range_run
                0x00406d5e                TEST_cv_set_more_than_filter_count_values_in_range_
                0x00406e25                TEST_cv_set_more_than_filter_count_values_low_run
                0x00406e73                TEST_cv_set_more_than_filter_count_values_low_
                0x00406f3a                TEST_cv_set_more_than_filter_count_values_high_run
                0x00406f88                TEST_cv_set_more_than_filter_count_values_high_
                0x0040704f                TEST_cv_filter_count_in_range_values_with_low_noise_run
                0x0040709d                TEST_cv_filter_count_in_range_values_with_low_noise_
                0x0040718b                TEST_cv_filter_count_in_range_values_with_high_noise_run
                0x004071d9                TEST_cv_filter_count_in_range_values_with_high_noise_
                0x004072c7                TEST_cv_filter_count_low_values_with_high_noise_run
                0x00407315                TEST_cv_filter_count_low_values_with_high_noise_
                0x00407403                TEST_cv_filter_count_hig_values_with_high_noise_run
                0x00407451                TEST_cv_filter_count_hig_values_with_high_noise_
                0x0040753f                TEST_cv_no_multiple_in_range_event_after_few_low_values_run
                0x0040758d                TEST_cv_no_multiple_in_range_event_after_few_low_values_
                0x004077c1                TEST_cv_no_multiple_in_range_event_after_few_high_values_run
                0x0040780f                TEST_cv_no_multiple_in_range_event_after_few_high_values_
                0x00407a43                TEST_cv_no_multiple_low_limit_event_after_few_high_values_run
                0x00407a91                TEST_cv_no_multiple_low_limit_event_after_few_high_values_
                0x00407cc5                TEST_cv_no_multiple_low_limit_event_after_few_in_range_values_run
                0x00407d13                TEST_cv_no_multiple_low_limit_event_after_few_in_range_values_
                0x00407f47                TEST_cv_no_multiple_high_limit_event_after_few_in_range_values_run
                0x00407f95                TEST_cv_no_multiple_high_limit_event_after_few_in_range_values_
                0x004081c9                TEST_cv_no_multiple_high_limit_event_after_few_low_values_run
                0x00408217                TEST_cv_no_multiple_high_limit_event_after_few_low_values_
                0x0040844b                TEST_cv_low_to_in_range_run
                0x00408499                TEST_cv_low_to_in_range_
                0x00408612                TEST_cv_low_to_high_run
                0x00408660                TEST_cv_low_to_high_
                0x004087d9                TEST_cv_in_to_low_run
                0x00408827                TEST_cv_in_to_low_
                0x004089a0                TEST_cv_in_to_high_run
                0x004089ee                TEST_cv_in_to_high_
                0x00408b67                TEST_cv_high_to_in_range_run
                0x00408bb5                TEST_cv_high_to_in_range_
                0x00408d2e                TEST_cv_high_to_low_run
                0x00408d7c                TEST_cv_high_to_low_
                0x00408ef5                TEST_cv_GROUP_RUNNER
 .text          0x00408f7c      0x9d0 CMakeFiles\crf_test.dir/objects.a(chsm_test_functions.c.obj)
                0x0040903d                clear_log
                0x00409073                s_entry
                0x004090a8                s_exit
                0x004090dd                s_init
                0x00409112                s1_entry
                0x00409147                s1_exit
                0x0040917c                s1_init
                0x004091b1                s2_entry
                0x004091e6                s2_exit
                0x0040921b                s2_init
                0x00409250                s_sig1_handler
                0x00409285                s_sig2_handler
                0x004092ba                s_sig3_handler
                0x004092ef                d_func
                0x00409324                s11_entry
                0x00409359                s11_exit
                0x0040938e                s11_func
                0x004093ca                s11_init
                0x004093ff                s1_func
                0x00409434                s211_entry
                0x00409469                s211_exit
                0x004094a5                s211_init
                0x004094da                s21_entry
                0x0040950f                s21_exit
                0x00409544                s21_init
                0x00409579                s11_id
                0x004095b5                s211_id
                0x004095ea                s4_id
                0x0040961f                s11_g1
                0x0040965b                s11_g2
                0x00409697                cond
                0x004096d5                k_guard
                0x0040971a                j_guard
                0x00409758                s11_guard
                0x0040979d                s1_guard
                0x004097db                s211_i_guard
                0x00409819                s21_entry_guard
                0x00409857                s11_g_guard1
                0x0040989c                s11_g_guard2
                0x004098e1                s3_k_func
                0x00409916                s3_l_func
 .text          0x0040994c      0x12c CMakeFiles\crf_test.dir/objects.a(chsm_test_machine.c.obj)
                0x004099bc                __top__1
 .text          0x00409a78      0x1b4 CMakeFiles\crf_test.dir/objects.a(chsm_test_machine2.c.obj)
                0x00409ae8                __top__2
 .text          0x00409c2c      0x25c CMakeFiles\crf_test.dir/objects.a(chsm_test_machine3.c.obj)
                0x00409c9c                __top__3
 .text          0x00409e88     0x1144 CMakeFiles\crf_test.dir/objects.a(chsm_test_machine4.c.obj)
                0x0040af04                __top__4
 .text          0x0040afcc      0x1ec CMakeFiles\crf_test.dir/objects.a(bus_driver.c.obj)
                0x0040b168                bus_driver_top
 .text          0x0040b1b8        0x0 CMakeFiles\crf_test.dir/objects.a(bus_driver_functions.c.obj)
 .text          0x0040b1b8      0x360 CMakeFiles\crf_test.dir/objects.a(dev_driver.c.obj)
                0x0040b4b6                dev_driver_top
 .text          0x0040b518      0x210 CMakeFiles\crf_test.dir/objects.a(dev_driver_functions.c.obj)
                0x0040b554                dev_driver_clear_log
                0x0040b58a                dev_drv_init
                0x0040b59e                cancel_request
                0x0040b5cd                inc_timer
                0x0040b5fc                insert_data
                0x0040b62b                send_read_request
                0x0040b65a                send_write_request
                0x0040b689                start_timer
                0x0040b6b8                response_complete
                0x0040b6f0                timeout
 .text          0x0040b728       0x98 CMakeFiles\crf_test.dir/objects.a(atomic_functions.c.obj)
                0x0040b728                cpu_c28x_enable_interrupts
                0x0040b72e                cpu_c28x_disable_interrupts
                0x0040b734                atomic_compare_exchange_u16
                0x0040b785                atomic_fetch_add_u16
 .text          0x0040b7c0     0x2768 ../../../lib/libunity.a(unity.c.obj)
                0x0040b86a                UnityPrint
                0x0040b89a                UnityPrintLen
                0x0040b975                UnityPrintNumberByStyle
                0x0040ba8d                UnityPrintNumber
                0x0040babc                UnityPrintNumberUnsigned
                0x0040bb3b                UnityPrintNumberHex
                0x0040bbaf                UnityPrintMask
                0x0040bc11                UnityPrintFloat
                0x0040c161                UnityConcludeTest
                0x0040c3f9                UnityAssertBits
                0x0040c4a5                UnityAssertEqualNumber
                0x0040c54c                UnityAssertGreaterOrLessOrEqualNumber
                0x0040c6dd                UnityAssertEqualIntArray
                0x0040ca3c                UnityAssertEqualFloatArray
                0x0040cbf0                UnityAssertFloatsWithin
                0x0040cc9e                UnityAssertFloatsNotWithin
                0x0040cd4c                UnityAssertGreaterOrLessFloat
                0x0040cea8                UnityAssertFloatSpecial
                0x0040d062                UnityAssertNumbersWithin
                0x0040d1ae                UnityAssertNumbersArrayWithin
                0x0040d515                UnityAssertEqualString
                0x0040d605                UnityAssertEqualStringLen
                0x0040d707                UnityAssertEqualStringArray
                0x0040d910                UnityAssertEqualMemory
                0x0040db50                UnityNumToPtr
                0x0040db9a                UnityFloatToPtr
                0x0040dbad                UnityFail
                0x0040dc9a                UnityIgnore
                0x0040dd2d                UnityMessage
                0x0040dd8b                UnityDefaultTestRun
                0x0040ddf9                UnitySetTestFile
                0x0040de07                UnityBegin
                0x0040de6f                UnityEnd
 .text          0x0040df28      0x7cc ../../../lib/libunity.a(unity_fixture.c.obj)
                0x0040df28                setUp
                0x0040df2e                tearDown
                0x0040df7c                UnityMain
                0x0040e05e                UnityTestRunner
                0x0040e135                UnityIgnoreTest
                0x0040e1ad                UnityPointer_Init
                0x0040e1bd                UnityPointer_Set
                0x0040e218                UnityPointer_UndoAllSets
                0x0040e251                UnityGetCommandLineOptions
                0x0040e65f                UnityConcludeFixtureTest
 .text          0x0040e6f4      0x12c ../../../lib/libcrf.a(cbits.c.obj)
                0x0040e7fa                cbits_init
 .text          0x0040e820      0x1c8 ../../../lib/libcrf.a(chsm.c.obj)
                0x0040e826                chsm_ctor
                0x0040e89e                chsm_init
                0x0040e8ba                chsm_defer
                0x0040e8db                chsm_recall
                0x0040e915                chsm_exit_children
                0x0040e95a                chsm_dispatch
 .text          0x0040e9e8      0x264 ../../../lib/libcrf.a(cpool.c.obj)
                0x0040eb5e                cpool_init
 .text          0x0040ec4c      0x3cc ../../../lib/libcrf.a(cqueue.c.obj)
                0x0040ef84                cqueue_init
 .text          0x0040f018      0x288 ../../../lib/libcrf.a(crf.c.obj)
                0x0040f224                crf_init
 .text          0x0040f2a0      0x1bc ../../../lib/libcrf.a(cvalue.c.obj)
                0x0040f2a0                cvalue_is_ok
                0x0040f41d                cvalue_init
 .text          0x0040f45c        0x8 c:/mingw/bin/../lib/gcc/mingw32/8.2.0/../../../libkernel32.a(dimos01131.o)
                0x0040f45c                SetUnhandledExceptionFilter@4
 .text          0x0040f464        0x8 c:/mingw/bin/../lib/gcc/mingw32/8.2.0/../../../libkernel32.a(dimos00817.o)
                0x0040f464                LoadLibraryA@4
 .text          0x0040f46c        0x8 c:/mingw/bin/../lib/gcc/mingw32/8.2.0/../../../libkernel32.a(dimos00577.o)
                0x0040f46c                GetProcAddress@8
 .text          0x0040f474        0x8 c:/mingw/bin/../lib/gcc/mingw32/8.2.0/../../../libkernel32.a(dimos00529.o)
                0x0040f474                GetModuleHandleA@4
 .text          0x0040f47c        0x8 c:/mingw/bin/../lib/gcc/mingw32/8.2.0/../../../libkernel32.a(dimos00352.o)
                0x0040f47c                FreeLibrary@4
 .text          0x0040f484        0x8 c:/mingw/bin/../lib/gcc/mingw32/8.2.0/../../../libkernel32.a(dimos00279.o)
                0x0040f484                ExitProcess@4
 .text          0x0040f48c        0x0 c:/mingw/bin/../lib/gcc/mingw32/8.2.0/../../../libkernel32.a(dimoh.o)
 .text          0x0040f48c        0x0 c:/mingw/bin/../lib/gcc/mingw32/8.2.0/../../../libkernel32.a(dimot.o)
 .text          0x0040f48c        0x0 c:/mingw/bin/../lib/gcc/mingw32/8.2.0/../../../libmingw32.a(CRTglob.o)
 *fill*         0x0040f48c        0x4 
 .text          0x0040f490      0x370 c:/mingw/bin/../lib/gcc/mingw32/8.2.0/../../../libmingw32.a(setargv.o)
                0x0040f490                _setargv
 .text          0x0040f800        0x0 c:/mingw/bin/../lib/gcc/mingw32/8.2.0/../../../libmingw32.a(CRTfmode.o)
 .text          0x0040f800      0x110 c:/mingw/bin/../lib/gcc/mingw32/8.2.0/../../../libmingw32.a(cpu_features.o)
                0x0040f800                __cpu_features_init
 .text          0x0040f910        0x0 c:/mingw/bin/../lib/gcc/mingw32/8.2.0/../../../libmingw32.a(CRT_fp10.o)
 .text          0x0040f910        0x0 c:/mingw/bin/../lib/gcc/mingw32/8.2.0/../../../libmingw32.a(txtmode.o)
 .text          0x0040f910       0xb0 c:/mingw/bin/../lib/gcc/mingw32/8.2.0/../../../libmingw32.a(gccmain.o)
                0x0040f910                __do_global_dtors
                0x0040f950                __do_global_ctors
                0x0040f9a0                __main
 .text          0x0040f9c0      0x100 c:/mingw/bin/../lib/gcc/mingw32/8.2.0/../../../libmingw32.a(tlssup.o)
                0x0040fa10                __dyn_tls_init@12
                0x0040fab0                __tlregdtor
 .text          0x0040fac0      0x250 c:/mingw/bin/../lib/gcc/mingw32/8.2.0/../../../libmingw32.a(tlsthrd.o)
                0x0040fb20                ___w64_mingwthr_add_key_dtor
                0x0040fbb0                ___w64_mingwthr_remove_key_dtor
                0x0040fc50                __mingw_TLScallback
 .text          0x0040fd10      0x320 c:/mingw/bin/../lib/gcc/mingw32/8.2.0/../../../libmingw32.a(pseudo-reloc.o)
                0x0040fe50                _pei386_runtime_relocator
 .text          0x00410030        0x0 c:/mingw/bin/../lib/gcc/mingw32/8.2.0/../../../libmingw32.a(pseudo-reloc-list.o)
 .text          0x00410030        0x0 c:/mingw/bin/../lib/gcc/mingw32/8.2.0/../../../libmingw32.a(crtst.o)
 .text          0x00410030       0x2c c:/mingw/bin/../lib/gcc/mingw32/8.2.0/libgcc.a(_chkstk_ms.o)
                0x00410030                __chkstk_ms
 .text          0x0041005c        0x0 c:/mingw/bin/../lib/gcc/mingw32/8.2.0/libgcc.a(_ctors.o)
 *fill*         0x0041005c        0x4 
 .text          0x00410060       0x80 c:/mingw/bin/../lib/gcc/mingw32/8.2.0/../../../libmingwex.a(fesetenv.o)
                0x00410060                fesetenv
 .text          0x004100e0       0x20 c:/mingw/bin/../lib/gcc/mingw32/8.2.0/../../../libmingwex.a(fpclassifyf.o)
                0x004100e0                __fpclassifyf
 .text          0x00410100       0x20 c:/mingw/bin/../lib/gcc/mingw32/8.2.0/../../../libmingwex.a(isnanf.o)
                0x00410100                __isnanf
                0x00410100                isnanf
 .text          0x00410120     0x1090 c:/mingw/bin/../lib/gcc/mingw32/8.2.0/../../../libmingwex.a(glob.o)
                0x00411070                __mingw_glob
                0x00411150                __mingw_globfree
 .text          0x004111b0      0x3f0 c:/mingw/bin/../lib/gcc/mingw32/8.2.0/../../../libmingwex.a(dirname.o)
                0x004111b0                __mingw_dirname
 .text          0x004115a0      0x540 c:/mingw/bin/../lib/gcc/mingw32/8.2.0/../../../libmingwex.a(dirent.o)
                0x00411730                __mingw_opendir
                0x00411930                __mingw_readdir
                0x00411980                __mingw_closedir
                0x004119d0                __mingw_rewinddir
                0x00411a30                __mingw_telldir
                0x00411a60                __mingw_seekdir
 .text          0x00411ae0        0x8 c:/mingw/bin/../lib/gcc/mingw32/8.2.0/../../../libmsvcrt.a(dupkbs01320.o)
                0x00411ae0                wcstombs
 .text          0x00411ae8        0x8 c:/mingw/bin/../lib/gcc/mingw32/8.2.0/../../../libmsvcrt.a(dupkbs01279.o)
                0x00411ae8                vfprintf
 .text          0x00411af0        0x8 c:/mingw/bin/../lib/gcc/mingw32/8.2.0/../../../libmsvcrt.a(dupkbs01272.o)
                0x00411af0                tolower
 .text          0x00411af8        0x8 c:/mingw/bin/../lib/gcc/mingw32/8.2.0/../../../libmsvcrt.a(dupkbs01253.o)
                0x00411af8                strstr
 .text          0x00411b00        0x8 c:/mingw/bin/../lib/gcc/mingw32/8.2.0/../../../libmsvcrt.a(dupkbs01244.o)
                0x00411b00                strlen
 .text          0x00411b08        0x8 c:/mingw/bin/../lib/gcc/mingw32/8.2.0/../../../libmsvcrt.a(dupkbs01237.o)
                0x00411b08                strcoll
 .text          0x00411b10        0x8 c:/mingw/bin/../lib/gcc/mingw32/8.2.0/../../../libmsvcrt.a(dupkbs01236.o)
                0x00411b10                strcmp
 .text          0x00411b18        0x8 c:/mingw/bin/../lib/gcc/mingw32/8.2.0/../../../libmsvcrt.a(dupkbs01227.o)
                0x00411b18                sprintf
 .text          0x00411b20        0x8 c:/mingw/bin/../lib/gcc/mingw32/8.2.0/../../../libmsvcrt.a(dupkbs01224.o)
                0x00411b20                signal
 .text          0x00411b28        0x8 c:/mingw/bin/../lib/gcc/mingw32/8.2.0/../../../libmsvcrt.a(dupkbs01222.o)
                0x00411b28                setlocale
 .text          0x00411b30        0x8 c:/mingw/bin/../lib/gcc/mingw32/8.2.0/../../../libmsvcrt.a(dupkbs01215.o)
                0x00411b30                realloc
 .text          0x00411b38        0x8 c:/mingw/bin/../lib/gcc/mingw32/8.2.0/../../../libmsvcrt.a(dupkbs01206.o)
                0x00411b38                putchar
 .text          0x00411b40        0x8 c:/mingw/bin/../lib/gcc/mingw32/8.2.0/../../../libmsvcrt.a(dupkbs01198.o)
                0x00411b40                memset
 .text          0x00411b48        0x8 c:/mingw/bin/../lib/gcc/mingw32/8.2.0/../../../libmsvcrt.a(dupkbs01194.o)
                0x00411b48                memcpy
 .text          0x00411b50        0x8 c:/mingw/bin/../lib/gcc/mingw32/8.2.0/../../../libmsvcrt.a(dupkbs01189.o)
                0x00411b50                mbstowcs
 .text          0x00411b58        0x8 c:/mingw/bin/../lib/gcc/mingw32/8.2.0/../../../libmsvcrt.a(dupkbs01182.o)
                0x00411b58                malloc
 .text          0x00411b60        0x8 c:/mingw/bin/../lib/gcc/mingw32/8.2.0/../../../libmsvcrt.a(dupkbs01181.o)
                0x00411b60                longjmp
 .text          0x00411b68        0x8 c:/mingw/bin/../lib/gcc/mingw32/8.2.0/../../../libmsvcrt.a(dupkbs01137.o)
                0x00411b68                fwrite
 .text          0x00411b70        0x8 c:/mingw/bin/../lib/gcc/mingw32/8.2.0/../../../libmsvcrt.a(dupkbs01126.o)
                0x00411b70                free
 .text          0x00411b78        0x8 c:/mingw/bin/../lib/gcc/mingw32/8.2.0/../../../libmsvcrt.a(dupkbs01093.o)
                0x00411b78                calloc
 .text          0x00411b80        0x0 c:/mingw/bin/../lib/gcc/mingw32/8.2.0/../../../libmsvcrt.a(dupkbs01086.o)
 .text          0x00411b80        0x8 c:/mingw/bin/../lib/gcc/mingw32/8.2.0/../../../libmsvcrt.a(dupkbs01078.o)
                0x00411b80                abort
 .text          0x00411b88        0x8 c:/mingw/bin/../lib/gcc/mingw32/8.2.0/../../../libmsvcrt.a(dupkbs00748.o)
                0x00411b88                _setmode
 .text          0x00411b90        0x8 c:/mingw/bin/../lib/gcc/mingw32/8.2.0/../../../libmsvcrt.a(dupkbs00744.o)
                0x00411b90                _setjmp
 .text          0x00411b98        0x0 c:/mingw/bin/../lib/gcc/mingw32/8.2.0/../../../libmsvcrt.a(dupkbs00693.o)
 .text          0x00411b98        0x0 c:/mingw/bin/../lib/gcc/mingw32/8.2.0/../../../libmsvcrt.a(dupkbs00684.o)
 .text          0x00411b98        0x8 c:/mingw/bin/../lib/gcc/mingw32/8.2.0/../../../libmsvcrt.a(dupkbs00417.o)
                0x00411b98                _isctype
 .text          0x00411ba0        0x0 c:/mingw/bin/../lib/gcc/mingw32/8.2.0/../../../libmsvcrt.a(dupkbs00412.o)
 .text          0x00411ba0        0x8 c:/mingw/bin/../lib/gcc/mingw32/8.2.0/../../../libmsvcrt.a(dupkbs00345.o)
                0x00411ba0                _fullpath
 .text          0x00411ba8        0x8 c:/mingw/bin/../lib/gcc/mingw32/8.2.0/../../../libmsvcrt.a(dupkbs00280.o)
                0x00411ba8                _errno
 .text          0x00411bb0        0x8 c:/mingw/bin/../lib/gcc/mingw32/8.2.0/../../../libmsvcrt.a(dupkbs00214.o)
                0x00411bb0                _cexit
 .text          0x00411bb8        0x8 c:/mingw/bin/../lib/gcc/mingw32/8.2.0/../../../libmsvcrt.a(dupkbs00133.o)
                0x00411bb8                __p__fmode
 .text          0x00411bc0        0x8 c:/mingw/bin/../lib/gcc/mingw32/8.2.0/../../../libmsvcrt.a(dupkbs00131.o)
                0x00411bc0                __p__environ
 .text          0x00411bc8        0x0 c:/mingw/bin/../lib/gcc/mingw32/8.2.0/../../../libmsvcrt.a(dupkbs00119.o)
 .text          0x00411bc8        0x8 c:/mingw/bin/../lib/gcc/mingw32/8.2.0/../../../libmsvcrt.a(dupkbs00088.o)
                0x00411bc8                __getmainargs
 .text          0x00411bd0        0x0 c:/mingw/bin/../lib/gcc/mingw32/8.2.0/../../../libmsvcrt.a(dupkbh.o)
 .text          0x00411bd0        0x0 c:/mingw/bin/../lib/gcc/mingw32/8.2.0/../../../libmsvcrt.a(dupkbt.o)
 .text          0x00411bd0        0x8 c:/mingw/bin/../lib/gcc/mingw32/8.2.0/../../../libkernel32.a(dimos01206.o)
                0x00411bd0                VirtualQuery@12
 .text          0x00411bd8        0x8 c:/mingw/bin/../lib/gcc/mingw32/8.2.0/../../../libkernel32.a(dimos01204.o)
                0x00411bd8                VirtualProtect@16
 .text          0x00411be0        0x8 c:/mingw/bin/../lib/gcc/mingw32/8.2.0/../../../libkernel32.a(dimos01164.o)
                0x00411be0                TlsGetValue@4
 .text          0x00411be8        0x8 c:/mingw/bin/../lib/gcc/mingw32/8.2.0/../../../libkernel32.a(dimos00814.o)
                0x00411be8                LeaveCriticalSection@4
 .text          0x00411bf0        0x8 c:/mingw/bin/../lib/gcc/mingw32/8.2.0/../../../libkernel32.a(dimos00734.o)
                0x00411bf0                InitializeCriticalSection@4
 .text          0x00411bf8        0x8 c:/mingw/bin/../lib/gcc/mingw32/8.2.0/../../../libkernel32.a(dimos00510.o)
                0x00411bf8                GetLastError@0
 .text          0x00411c00        0x8 c:/mingw/bin/../lib/gcc/mingw32/8.2.0/../../../libkernel32.a(dimos00388.o)
                0x00411c00                GetCommandLineA@0
 .text          0x00411c08        0x8 c:/mingw/bin/../lib/gcc/mingw32/8.2.0/../../../libkernel32.a(dimos00321.o)
                0x00411c08                FindNextFileA@8
 .text          0x00411c10        0x8 c:/mingw/bin/../lib/gcc/mingw32/8.2.0/../../../libkernel32.a(dimos00304.o)
                0x00411c10                FindFirstFileA@8
 .text          0x00411c18        0x8 c:/mingw/bin/../lib/gcc/mingw32/8.2.0/../../../libkernel32.a(dimos00300.o)
                0x00411c18                FindClose@4
 .text          0x00411c20        0x8 c:/mingw/bin/../lib/gcc/mingw32/8.2.0/../../../libkernel32.a(dimos00236.o)
                0x00411c20                EnterCriticalSection@4
 .text          0x00411c28        0x8 c:/mingw/bin/../lib/gcc/mingw32/8.2.0/../../../libkernel32.a(dimos00207.o)
                0x00411c28                DeleteCriticalSection@4
 .text          0x00411c30        0x8 c:/mingw/bin/../lib/gcc/mingw32/8.2.0/../../../libmoldname.a(dugtbs00082.o)
                0x00411c30                stricoll
 .text          0x00411c38        0x8 c:/mingw/bin/../lib/gcc/mingw32/8.2.0/../../../libmoldname.a(dugtbs00080.o)
                0x00411c38                strdup
 .text          0x00411c40        0x0 c:/mingw/bin/../lib/gcc/mingw32/8.2.0/../../../libmoldname.a(dugtbh.o)
 .text          0x00411c40        0x0 c:/mingw/bin/../lib/gcc/mingw32/8.2.0/../../../libmoldname.a(dugtbt.o)
 .text          0x00411c40        0x0 c:/mingw/bin/../lib/gcc/mingw32/8.2.0/crtend.o
 *(SORT_BY_NAME(.text$*))
 *(.text.*)
 .text.startup  0x00411c40       0x10 c:/mingw/bin/../lib/gcc/mingw32/8.2.0/crtend.o
 *(.gnu.linkonce.t.*)
 *(.glue_7t)
 *(.glue_7)
                0x00411c50                ___CTOR_LIST__ = .
                0x00411c50                __CTOR_LIST__ = .
                0x00411c50        0x4 LONG 0xffffffff
 *(.ctors)
 *(.ctor)
 *(SORT_BY_NAME(.ctors.*))
 .ctors.65535   0x00411c54        0x4 c:/mingw/bin/../lib/gcc/mingw32/8.2.0/crtend.o
                0x00411c58        0x4 LONG 0x0
                0x00411c5c                ___DTOR_LIST__ = .
                0x00411c5c                __DTOR_LIST__ = .
                0x00411c5c        0x4 LONG 0xffffffff
 *(.dtors)
 *(.dtor)
 *(SORT_BY_NAME(.dtors.*))
                0x00411c60        0x4 LONG 0x0
 *(.fini)
 *(.gcc_exc)
                [!provide]                PROVIDE (etext = .)
                [!provide]                PROVIDE (_etext = .)
 *(.gcc_except_table)

.data           0x00412000      0x200
                0x00412000                __data_start__ = .
 *(.data)
 .data          0x00412000        0x0 c:/mingw/bin/../lib/gcc/mingw32/8.2.0/../../../crt2.o
 .data          0x00412000        0x4 c:/mingw/bin/../lib/gcc/mingw32/8.2.0/crtbegin.o
 .data          0x00412004        0x0 CMakeFiles\crf_test.dir/objects.a(main.c.obj)
 .data          0x00412004        0x4 CMakeFiles\crf_test.dir/objects.a(cpool_test.c.obj)
 .data          0x00412008        0x4 CMakeFiles\crf_test.dir/objects.a(cqueue_test.c.obj)
 .data          0x0041200c        0x4 CMakeFiles\crf_test.dir/objects.a(chsm_test.c.obj)
 .data          0x00412010       0x10 CMakeFiles\crf_test.dir/objects.a(crf_test.c.obj)
                0x00412014                hsm_ap
 .data          0x00412020        0x4 CMakeFiles\crf_test.dir/objects.a(cbits_test.c.obj)
 .data          0x00412024        0x4 CMakeFiles\crf_test.dir/objects.a(cvalue_test.c.obj)
 .data          0x00412028        0x0 CMakeFiles\crf_test.dir/objects.a(chsm_test_functions.c.obj)
 .data          0x00412028        0x0 CMakeFiles\crf_test.dir/objects.a(chsm_test_machine.c.obj)
 .data          0x00412028        0x0 CMakeFiles\crf_test.dir/objects.a(chsm_test_machine2.c.obj)
 .data          0x00412028        0x0 CMakeFiles\crf_test.dir/objects.a(chsm_test_machine3.c.obj)
 .data          0x00412028        0x0 CMakeFiles\crf_test.dir/objects.a(chsm_test_machine4.c.obj)
 .data          0x00412028        0x0 CMakeFiles\crf_test.dir/objects.a(bus_driver.c.obj)
 .data          0x00412028        0x0 CMakeFiles\crf_test.dir/objects.a(bus_driver_functions.c.obj)
 .data          0x00412028        0x0 CMakeFiles\crf_test.dir/objects.a(dev_driver.c.obj)
 .data          0x00412028        0x0 CMakeFiles\crf_test.dir/objects.a(dev_driver_functions.c.obj)
 .data          0x00412028        0x0 CMakeFiles\crf_test.dir/objects.a(atomic_functions.c.obj)
 .data          0x00412028        0x0 ../../../lib/libunity.a(unity.c.obj)
 .data          0x00412028        0x0 ../../../lib/libunity.a(unity_fixture.c.obj)
 .data          0x00412028        0x0 ../../../lib/libcrf.a(cbits.c.obj)
 .data          0x00412028        0x0 ../../../lib/libcrf.a(chsm.c.obj)
 .data          0x00412028        0x0 ../../../lib/libcrf.a(cpool.c.obj)
 .data          0x00412028        0x0 ../../../lib/libcrf.a(cqueue.c.obj)
 .data          0x00412028        0x0 ../../../lib/libcrf.a(crf.c.obj)
 .data          0x00412028        0x0 ../../../lib/libcrf.a(cvalue.c.obj)
 .data          0x00412028        0x0 c:/mingw/bin/../lib/gcc/mingw32/8.2.0/../../../libkernel32.a(dimos01131.o)
 .data          0x00412028        0x0 c:/mingw/bin/../lib/gcc/mingw32/8.2.0/../../../libkernel32.a(dimos00817.o)
 .data          0x00412028        0x0 c:/mingw/bin/../lib/gcc/mingw32/8.2.0/../../../libkernel32.a(dimos00577.o)
 .data          0x00412028        0x0 c:/mingw/bin/../lib/gcc/mingw32/8.2.0/../../../libkernel32.a(dimos00529.o)
 .data          0x00412028        0x0 c:/mingw/bin/../lib/gcc/mingw32/8.2.0/../../../libkernel32.a(dimos00352.o)
 .data          0x00412028        0x0 c:/mingw/bin/../lib/gcc/mingw32/8.2.0/../../../libkernel32.a(dimos00279.o)
 .data          0x00412028        0x0 c:/mingw/bin/../lib/gcc/mingw32/8.2.0/../../../libkernel32.a(dimoh.o)
 .data          0x00412028        0x0 c:/mingw/bin/../lib/gcc/mingw32/8.2.0/../../../libkernel32.a(dimot.o)
 .data          0x00412028        0x4 c:/mingw/bin/../lib/gcc/mingw32/8.2.0/../../../libmingw32.a(CRTglob.o)
                0x00412028                _CRT_glob
 .data          0x0041202c        0x0 c:/mingw/bin/../lib/gcc/mingw32/8.2.0/../../../libmingw32.a(setargv.o)
 .data          0x0041202c        0x0 c:/mingw/bin/../lib/gcc/mingw32/8.2.0/../../../libmingw32.a(CRTfmode.o)
 .data          0x0041202c        0x0 c:/mingw/bin/../lib/gcc/mingw32/8.2.0/../../../libmingw32.a(cpu_features.o)
 .data          0x0041202c        0x4 c:/mingw/bin/../lib/gcc/mingw32/8.2.0/../../../libmingw32.a(CRT_fp10.o)
                0x0041202c                _CRT_fenv
 .data          0x00412030        0x4 c:/mingw/bin/../lib/gcc/mingw32/8.2.0/../../../libmingw32.a(txtmode.o)
                0x00412030                _fmode
 .data          0x00412034        0x4 c:/mingw/bin/../lib/gcc/mingw32/8.2.0/../../../libmingw32.a(gccmain.o)
 .data          0x00412038        0x0 c:/mingw/bin/../lib/gcc/mingw32/8.2.0/../../../libmingw32.a(tlssup.o)
 .data          0x00412038        0x0 c:/mingw/bin/../lib/gcc/mingw32/8.2.0/../../../libmingw32.a(tlsthrd.o)
 .data          0x00412038        0x0 c:/mingw/bin/../lib/gcc/mingw32/8.2.0/../../../libmingw32.a(pseudo-reloc.o)
 .data          0x00412038        0x0 c:/mingw/bin/../lib/gcc/mingw32/8.2.0/../../../libmingw32.a(pseudo-reloc-list.o)
 .data          0x00412038        0x0 c:/mingw/bin/../lib/gcc/mingw32/8.2.0/../../../libmingw32.a(crtst.o)
 .data          0x00412038        0x0 c:/mingw/bin/../lib/gcc/mingw32/8.2.0/libgcc.a(_chkstk_ms.o)
 .data          0x00412038        0x0 c:/mingw/bin/../lib/gcc/mingw32/8.2.0/libgcc.a(_ctors.o)
 .data          0x00412038        0x4 c:/mingw/bin/../lib/gcc/mingw32/8.2.0/../../../libmingwex.a(fesetenv.o)
 .data          0x0041203c        0x0 c:/mingw/bin/../lib/gcc/mingw32/8.2.0/../../../libmingwex.a(fpclassifyf.o)
 .data          0x0041203c        0x0 c:/mingw/bin/../lib/gcc/mingw32/8.2.0/../../../libmingwex.a(isnanf.o)
 .data          0x0041203c        0x0 c:/mingw/bin/../lib/gcc/mingw32/8.2.0/../../../libmingwex.a(glob.o)
 .data          0x0041203c        0x0 c:/mingw/bin/../lib/gcc/mingw32/8.2.0/../../../libmingwex.a(dirname.o)
 .data          0x0041203c        0x0 c:/mingw/bin/../lib/gcc/mingw32/8.2.0/../../../libmingwex.a(dirent.o)
 .data          0x0041203c        0x0 c:/mingw/bin/../lib/gcc/mingw32/8.2.0/../../../libmsvcrt.a(dupkbs01320.o)
 .data          0x0041203c        0x0 c:/mingw/bin/../lib/gcc/mingw32/8.2.0/../../../libmsvcrt.a(dupkbs01279.o)
 .data          0x0041203c        0x0 c:/mingw/bin/../lib/gcc/mingw32/8.2.0/../../../libmsvcrt.a(dupkbs01272.o)
 .data          0x0041203c        0x0 c:/mingw/bin/../lib/gcc/mingw32/8.2.0/../../../libmsvcrt.a(dupkbs01253.o)
 .data          0x0041203c        0x0 c:/mingw/bin/../lib/gcc/mingw32/8.2.0/../../../libmsvcrt.a(dupkbs01244.o)
 .data          0x0041203c        0x0 c:/mingw/bin/../lib/gcc/mingw32/8.2.0/../../../libmsvcrt.a(dupkbs01237.o)
 .data          0x0041203c        0x0 c:/mingw/bin/../lib/gcc/mingw32/8.2.0/../../../libmsvcrt.a(dupkbs01236.o)
 .data          0x0041203c        0x0 c:/mingw/bin/../lib/gcc/mingw32/8.2.0/../../../libmsvcrt.a(dupkbs01227.o)
 .data          0x0041203c        0x0 c:/mingw/bin/../lib/gcc/mingw32/8.2.0/../../../libmsvcrt.a(dupkbs01224.o)
 .data          0x0041203c        0x0 c:/mingw/bin/../lib/gcc/mingw32/8.2.0/../../../libmsvcrt.a(dupkbs01222.o)
 .data          0x0041203c        0x0 c:/mingw/bin/../lib/gcc/mingw32/8.2.0/../../../libmsvcrt.a(dupkbs01215.o)
 .data          0x0041203c        0x0 c:/mingw/bin/../lib/gcc/mingw32/8.2.0/../../../libmsvcrt.a(dupkbs01206.o)
 .data          0x0041203c        0x0 c:/mingw/bin/../lib/gcc/mingw32/8.2.0/../../../libmsvcrt.a(dupkbs01198.o)
 .data          0x0041203c        0x0 c:/mingw/bin/../lib/gcc/mingw32/8.2.0/../../../libmsvcrt.a(dupkbs01194.o)
 .data          0x0041203c        0x0 c:/mingw/bin/../lib/gcc/mingw32/8.2.0/../../../libmsvcrt.a(dupkbs01189.o)
 .data          0x0041203c        0x0 c:/mingw/bin/../lib/gcc/mingw32/8.2.0/../../../libmsvcrt.a(dupkbs01182.o)
 .data          0x0041203c        0x0 c:/mingw/bin/../lib/gcc/mingw32/8.2.0/../../../libmsvcrt.a(dupkbs01181.o)
 .data          0x0041203c        0x0 c:/mingw/bin/../lib/gcc/mingw32/8.2.0/../../../libmsvcrt.a(dupkbs01137.o)
 .data          0x0041203c        0x0 c:/mingw/bin/../lib/gcc/mingw32/8.2.0/../../../libmsvcrt.a(dupkbs01126.o)
 .data          0x0041203c        0x0 c:/mingw/bin/../lib/gcc/mingw32/8.2.0/../../../libmsvcrt.a(dupkbs01093.o)
 .data          0x0041203c        0x0 c:/mingw/bin/../lib/gcc/mingw32/8.2.0/../../../libmsvcrt.a(dupkbs01086.o)
 .data          0x0041203c        0x0 c:/mingw/bin/../lib/gcc/mingw32/8.2.0/../../../libmsvcrt.a(dupkbs01078.o)
 .data          0x0041203c        0x0 c:/mingw/bin/../lib/gcc/mingw32/8.2.0/../../../libmsvcrt.a(dupkbs00748.o)
 .data          0x0041203c        0x0 c:/mingw/bin/../lib/gcc/mingw32/8.2.0/../../../libmsvcrt.a(dupkbs00744.o)
 .data          0x0041203c        0x0 c:/mingw/bin/../lib/gcc/mingw32/8.2.0/../../../libmsvcrt.a(dupkbs00693.o)
 .data          0x0041203c        0x0 c:/mingw/bin/../lib/gcc/mingw32/8.2.0/../../../libmsvcrt.a(dupkbs00684.o)
 .data          0x0041203c        0x0 c:/mingw/bin/../lib/gcc/mingw32/8.2.0/../../../libmsvcrt.a(dupkbs00417.o)
 .data          0x0041203c        0x0 c:/mingw/bin/../lib/gcc/mingw32/8.2.0/../../../libmsvcrt.a(dupkbs00412.o)
 .data          0x0041203c        0x0 c:/mingw/bin/../lib/gcc/mingw32/8.2.0/../../../libmsvcrt.a(dupkbs00345.o)
 .data          0x0041203c        0x0 c:/mingw/bin/../lib/gcc/mingw32/8.2.0/../../../libmsvcrt.a(dupkbs00319.o)
 .data          0x0041203c        0x0 c:/mingw/bin/../lib/gcc/mingw32/8.2.0/../../../libmsvcrt.a(dupkbs00280.o)
 .data          0x0041203c        0x0 c:/mingw/bin/../lib/gcc/mingw32/8.2.0/../../../libmsvcrt.a(dupkbs00214.o)
 .data          0x0041203c        0x0 c:/mingw/bin/../lib/gcc/mingw32/8.2.0/../../../libmsvcrt.a(dupkbs00153.o)
 .data          0x0041203c        0x0 c:/mingw/bin/../lib/gcc/mingw32/8.2.0/../../../libmsvcrt.a(dupkbs00133.o)
 .data          0x0041203c        0x0 c:/mingw/bin/../lib/gcc/mingw32/8.2.0/../../../libmsvcrt.a(dupkbs00131.o)
 .data          0x0041203c        0x0 c:/mingw/bin/../lib/gcc/mingw32/8.2.0/../../../libmsvcrt.a(dupkbs00119.o)
 .data          0x0041203c        0x0 c:/mingw/bin/../lib/gcc/mingw32/8.2.0/../../../libmsvcrt.a(dupkbs00088.o)
 .data          0x0041203c        0x0 c:/mingw/bin/../lib/gcc/mingw32/8.2.0/../../../libmsvcrt.a(dupkbh.o)
 .data          0x0041203c        0x0 c:/mingw/bin/../lib/gcc/mingw32/8.2.0/../../../libmsvcrt.a(dupkbt.o)
 .data          0x0041203c        0x0 c:/mingw/bin/../lib/gcc/mingw32/8.2.0/../../../libkernel32.a(dimos01206.o)
 .data          0x0041203c        0x0 c:/mingw/bin/../lib/gcc/mingw32/8.2.0/../../../libkernel32.a(dimos01204.o)
 .data          0x0041203c        0x0 c:/mingw/bin/../lib/gcc/mingw32/8.2.0/../../../libkernel32.a(dimos01164.o)
 .data          0x0041203c        0x0 c:/mingw/bin/../lib/gcc/mingw32/8.2.0/../../../libkernel32.a(dimos00814.o)
 .data          0x0041203c        0x0 c:/mingw/bin/../lib/gcc/mingw32/8.2.0/../../../libkernel32.a(dimos00734.o)
 .data          0x0041203c        0x0 c:/mingw/bin/../lib/gcc/mingw32/8.2.0/../../../libkernel32.a(dimos00510.o)
 .data          0x0041203c        0x0 c:/mingw/bin/../lib/gcc/mingw32/8.2.0/../../../libkernel32.a(dimos00388.o)
 .data          0x0041203c        0x0 c:/mingw/bin/../lib/gcc/mingw32/8.2.0/../../../libkernel32.a(dimos00321.o)
 .data          0x0041203c        0x0 c:/mingw/bin/../lib/gcc/mingw32/8.2.0/../../../libkernel32.a(dimos00304.o)
 .data          0x0041203c        0x0 c:/mingw/bin/../lib/gcc/mingw32/8.2.0/../../../libkernel32.a(dimos00300.o)
 .data          0x0041203c        0x0 c:/mingw/bin/../lib/gcc/mingw32/8.2.0/../../../libkernel32.a(dimos00236.o)
 .data          0x0041203c        0x0 c:/mingw/bin/../lib/gcc/mingw32/8.2.0/../../../libkernel32.a(dimos00207.o)
 .data          0x0041203c        0x0 c:/mingw/bin/../lib/gcc/mingw32/8.2.0/../../../libmoldname.a(dugtbs00082.o)
 .data          0x0041203c        0x0 c:/mingw/bin/../lib/gcc/mingw32/8.2.0/../../../libmoldname.a(dugtbs00080.o)
 .data          0x0041203c        0x0 c:/mingw/bin/../lib/gcc/mingw32/8.2.0/../../../libmoldname.a(dugtbh.o)
 .data          0x0041203c        0x0 c:/mingw/bin/../lib/gcc/mingw32/8.2.0/../../../libmoldname.a(dugtbt.o)
 .data          0x0041203c        0x0 c:/mingw/bin/../lib/gcc/mingw32/8.2.0/crtend.o
 *(.data2)
 *(SORT_BY_NAME(.data$*))
 *(.jcr)
                0x0041203c                __data_end__ = .
 *(.data_cygwin_nocopy)

.rdata          0x00413000     0x3000
 *(.rdata)
 .rdata         0x00413000       0x44 c:/mingw/bin/../lib/gcc/mingw32/8.2.0/crtbegin.o
 .rdata         0x00413044      0x178 CMakeFiles\crf_test.dir/objects.a(cpool_test.c.obj)
 .rdata         0x004131bc      0x2d8 CMakeFiles\crf_test.dir/objects.a(cqueue_test.c.obj)
 .rdata         0x00413494      0xdb4 CMakeFiles\crf_test.dir/objects.a(chsm_test.c.obj)
                0x0041349c                event1
                0x004134a0                event2
                0x004134a4                event3
                0x004134a8                event_a
                0x004134ac                event_b
                0x004134b0                event_c
                0x004134b4                event_d
                0x004134b8                event_e
                0x004134bc                event_f
                0x004134c0                event_g
                0x004134c4                event_h
                0x004134c8                event_j
                0x004134cc                event_k
                0x004134d0                event_l
                0x004134d4                event_m
                0x004134d8                event_id
 .rdata         0x00414248      0x23c CMakeFiles\crf_test.dir/objects.a(crf_test.c.obj)
 .rdata         0x00414484      0x214 CMakeFiles\crf_test.dir/objects.a(cbits_test.c.obj)
 .rdata         0x00414698      0x8ac CMakeFiles\crf_test.dir/objects.a(cvalue_test.c.obj)
                0x0041469c                low_st
                0x004146a0                in_st
                0x004146a4                high_st
 .rdata         0x00414f44      0x1c0 CMakeFiles\crf_test.dir/objects.a(chsm_test_functions.c.obj)
 .rdata         0x00415104       0x48 CMakeFiles\crf_test.dir/objects.a(chsm_test_machine4.c.obj)
 .rdata         0x0041514c       0x7c CMakeFiles\crf_test.dir/objects.a(dev_driver_functions.c.obj)
 *fill*         0x004151c8       0x18 
 .rdata         0x004151e0      0x320 ../../../lib/libunity.a(unity.c.obj)
                0x004151e0                UnityStrOk
                0x004151e4                UnityStrPass
                0x004151ec                UnityStrFail
                0x004151f4                UnityStrIgnore
                0x00415380                UnityStrErrShorthand
                0x004153a4                UnityStrErrFloat
                0x004153e0                UnityStrErrDouble
                0x00415400                UnityStrErr64
 .rdata         0x00415500      0x25c ../../../lib/libunity.a(unity_fixture.c.obj)
 .rdata         0x0041575c       0x1c ../../../lib/libcrf.a(chsm.c.obj)
                0x0041575c                chsm_init_event_st
                0x00415760                chsm_none_event_st
 .rdata         0x00415778      0x178 c:/mingw/bin/../lib/gcc/mingw32/8.2.0/../../../libmingw32.a(setargv.o)
 .rdata         0x004158f0        0x4 c:/mingw/bin/../lib/gcc/mingw32/8.2.0/../../../libmingw32.a(tlssup.o)
                0x004158f0                __dyn_tls_init_callback
 .rdata         0x004158f4       0xac c:/mingw/bin/../lib/gcc/mingw32/8.2.0/../../../libmingw32.a(pseudo-reloc.o)
 .rdata         0x004159a0       0x14 c:/mingw/bin/../lib/gcc/mingw32/8.2.0/../../../libmingwex.a(glob.o)
 .rdata         0x004159b4        0x8 c:/mingw/bin/../lib/gcc/mingw32/8.2.0/../../../libmingwex.a(dirname.o)
 *(SORT_BY_NAME(.rdata$*))
 .rdata$zzz     0x004159bc       0x14 c:/mingw/bin/../lib/gcc/mingw32/8.2.0/../../../crt2.o
 .rdata$zzz     0x004159d0       0x14 c:/mingw/bin/../lib/gcc/mingw32/8.2.0/crtbegin.o
 .rdata$zzz     0x004159e4       0x24 CMakeFiles\crf_test.dir/objects.a(main.c.obj)
 .rdata$zzz     0x00415a08       0x24 CMakeFiles\crf_test.dir/objects.a(cpool_test.c.obj)
 .rdata$zzz     0x00415a2c       0x24 CMakeFiles\crf_test.dir/objects.a(cqueue_test.c.obj)
 .rdata$zzz     0x00415a50       0x24 CMakeFiles\crf_test.dir/objects.a(chsm_test.c.obj)
 .rdata$zzz     0x00415a74       0x24 CMakeFiles\crf_test.dir/objects.a(crf_test.c.obj)
 .rdata$zzz     0x00415a98       0x24 CMakeFiles\crf_test.dir/objects.a(cbits_test.c.obj)
 .rdata$zzz     0x00415abc       0x24 CMakeFiles\crf_test.dir/objects.a(cvalue_test.c.obj)
 .rdata$zzz     0x00415ae0       0x24 CMakeFiles\crf_test.dir/objects.a(chsm_test_functions.c.obj)
 .rdata$zzz     0x00415b04       0x24 CMakeFiles\crf_test.dir/objects.a(chsm_test_machine.c.obj)
 .rdata$zzz     0x00415b28       0x24 CMakeFiles\crf_test.dir/objects.a(chsm_test_machine2.c.obj)
 .rdata$zzz     0x00415b4c       0x24 CMakeFiles\crf_test.dir/objects.a(chsm_test_machine3.c.obj)
 .rdata$zzz     0x00415b70       0x24 CMakeFiles\crf_test.dir/objects.a(chsm_test_machine4.c.obj)
 .rdata$zzz     0x00415b94       0x24 CMakeFiles\crf_test.dir/objects.a(bus_driver.c.obj)
 .rdata$zzz     0x00415bb8       0x24 CMakeFiles\crf_test.dir/objects.a(bus_driver_functions.c.obj)
 .rdata$zzz     0x00415bdc       0x24 CMakeFiles\crf_test.dir/objects.a(dev_driver.c.obj)
 .rdata$zzz     0x00415c00       0x24 CMakeFiles\crf_test.dir/objects.a(dev_driver_functions.c.obj)
 .rdata$zzz     0x00415c24       0x24 CMakeFiles\crf_test.dir/objects.a(atomic_functions.c.obj)
 .rdata$zzz     0x00415c48       0x24 ../../../lib/libunity.a(unity.c.obj)
 .rdata$zzz     0x00415c6c       0x24 ../../../lib/libunity.a(unity_fixture.c.obj)
 .rdata$zzz     0x00415c90       0x24 ../../../lib/libcrf.a(cbits.c.obj)
 .rdata$zzz     0x00415cb4       0x24 ../../../lib/libcrf.a(chsm.c.obj)
 .rdata$zzz     0x00415cd8       0x24 ../../../lib/libcrf.a(cpool.c.obj)
 .rdata$zzz     0x00415cfc       0x24 ../../../lib/libcrf.a(cqueue.c.obj)
 .rdata$zzz     0x00415d20       0x24 ../../../lib/libcrf.a(crf.c.obj)
 .rdata$zzz     0x00415d44       0x24 ../../../lib/libcrf.a(cvalue.c.obj)
 .rdata$zzz     0x00415d68       0x14 c:/mingw/bin/../lib/gcc/mingw32/8.2.0/../../../libmingw32.a(CRTglob.o)
 .rdata$zzz     0x00415d7c       0x14 c:/mingw/bin/../lib/gcc/mingw32/8.2.0/../../../libmingw32.a(setargv.o)
 .rdata$zzz     0x00415d90       0x14 c:/mingw/bin/../lib/gcc/mingw32/8.2.0/../../../libmingw32.a(CRTfmode.o)
 .rdata$zzz     0x00415da4       0x14 c:/mingw/bin/../lib/gcc/mingw32/8.2.0/../../../libmingw32.a(CRT_fp10.o)
 .rdata$zzz     0x00415db8       0x14 c:/mingw/bin/../lib/gcc/mingw32/8.2.0/../../../libmingw32.a(txtmode.o)
 .rdata$zzz     0x00415dcc       0x14 c:/mingw/bin/../lib/gcc/mingw32/8.2.0/../../../libmingw32.a(gccmain.o)
 .rdata$zzz     0x00415de0       0x14 c:/mingw/bin/../lib/gcc/mingw32/8.2.0/../../../libmingw32.a(tlssup.o)
 .rdata$zzz     0x00415df4       0x14 c:/mingw/bin/../lib/gcc/mingw32/8.2.0/../../../libmingw32.a(tlsthrd.o)
 .rdata$zzz     0x00415e08       0x14 c:/mingw/bin/../lib/gcc/mingw32/8.2.0/../../../libmingw32.a(pseudo-reloc.o)
 .rdata$zzz     0x00415e1c       0x14 c:/mingw/bin/../lib/gcc/mingw32/8.2.0/../../../libmingw32.a(pseudo-reloc-list.o)
 .rdata$zzz     0x00415e30       0x14 c:/mingw/bin/../lib/gcc/mingw32/8.2.0/../../../libmingw32.a(crtst.o)
 .rdata$zzz     0x00415e44       0x14 c:/mingw/bin/../lib/gcc/mingw32/8.2.0/libgcc.a(_ctors.o)
 .rdata$zzz     0x00415e58       0x14 c:/mingw/bin/../lib/gcc/mingw32/8.2.0/../../../libmingwex.a(fesetenv.o)
 .rdata$zzz     0x00415e6c       0x14 c:/mingw/bin/../lib/gcc/mingw32/8.2.0/../../../libmingwex.a(fpclassifyf.o)
 .rdata$zzz     0x00415e80       0x14 c:/mingw/bin/../lib/gcc/mingw32/8.2.0/../../../libmingwex.a(isnanf.o)
 .rdata$zzz     0x00415e94       0x14 c:/mingw/bin/../lib/gcc/mingw32/8.2.0/../../../libmingwex.a(glob.o)
 .rdata$zzz     0x00415ea8       0x14 c:/mingw/bin/../lib/gcc/mingw32/8.2.0/../../../libmingwex.a(dirname.o)
 .rdata$zzz     0x00415ebc       0x14 c:/mingw/bin/../lib/gcc/mingw32/8.2.0/../../../libmingwex.a(dirent.o)
 .rdata$zzz     0x00415ed0       0x14 c:/mingw/bin/../lib/gcc/mingw32/8.2.0/crtend.o
                0x00415ee4                . = ALIGN (0x4)
                0x00415ee4                __rt_psrelocs_start = .
 *(.rdata_runtime_pseudo_reloc)
                0x00415ee4                __rt_psrelocs_end = .
                0x00000000                __rt_psrelocs_size = (__rt_psrelocs_end - __rt_psrelocs_start)
                0x00415ee4                ___RUNTIME_PSEUDO_RELOC_LIST_END__ = .
                0x00415ee4                __RUNTIME_PSEUDO_RELOC_LIST_END__ = .
                0x00415ee4                ___RUNTIME_PSEUDO_RELOC_LIST__ = (. - __rt_psrelocs_size)
                0x00415ee4                __RUNTIME_PSEUDO_RELOC_LIST__ = (. - __rt_psrelocs_size)

.eh_frame       0x00416000     0x4000
 *(.eh_frame*)
 .eh_frame      0x00416000       0xb8 c:/mingw/bin/../lib/gcc/mingw32/8.2.0/../../../crt2.o
 .eh_frame      0x004160b8       0x64 c:/mingw/bin/../lib/gcc/mingw32/8.2.0/crtbegin.o
                0x004160b8                __EH_FRAME_BEGIN__
 .eh_frame      0x0041611c       0x98 CMakeFiles\crf_test.dir/objects.a(main.c.obj)
 .eh_frame      0x004161b4      0x1bc CMakeFiles\crf_test.dir/objects.a(cpool_test.c.obj)
 .eh_frame      0x00416370      0x3fc CMakeFiles\crf_test.dir/objects.a(cqueue_test.c.obj)
 .eh_frame      0x0041676c      0x838 CMakeFiles\crf_test.dir/objects.a(chsm_test.c.obj)
 .eh_frame      0x00416fa4      0x318 CMakeFiles\crf_test.dir/objects.a(crf_test.c.obj)
 .eh_frame      0x004172bc      0x2d8 CMakeFiles\crf_test.dir/objects.a(cbits_test.c.obj)
 .eh_frame      0x00417594      0x6e0 CMakeFiles\crf_test.dir/objects.a(cvalue_test.c.obj)
 .eh_frame      0x00417c74      0x578 CMakeFiles\crf_test.dir/objects.a(chsm_test_functions.c.obj)
 .eh_frame      0x004181ec       0xd8 CMakeFiles\crf_test.dir/objects.a(chsm_test_machine.c.obj)
 .eh_frame      0x004182c4       0xf8 CMakeFiles\crf_test.dir/objects.a(chsm_test_machine2.c.obj)
 .eh_frame      0x004183bc      0x118 CMakeFiles\crf_test.dir/objects.a(chsm_test_machine3.c.obj)
 .eh_frame      0x004184d4      0x1b8 CMakeFiles\crf_test.dir/objects.a(chsm_test_machine4.c.obj)
 .eh_frame      0x0041868c       0xf8 CMakeFiles\crf_test.dir/objects.a(bus_driver.c.obj)
 .eh_frame      0x00418784       0xf8 CMakeFiles\crf_test.dir/objects.a(dev_driver.c.obj)
 .eh_frame      0x0041887c      0x178 CMakeFiles\crf_test.dir/objects.a(dev_driver_functions.c.obj)
 .eh_frame      0x004189f4       0x98 CMakeFiles\crf_test.dir/objects.a(atomic_functions.c.obj)
 .eh_frame      0x00418a8c      0x530 ../../../lib/libunity.a(unity.c.obj)
 .eh_frame      0x00418fbc      0x1d8 ../../../lib/libunity.a(unity_fixture.c.obj)
 .eh_frame      0x00419194       0x58 ../../../lib/libcrf.a(cbits.c.obj)
 .eh_frame      0x004191ec       0xfc ../../../lib/libcrf.a(chsm.c.obj)
 .eh_frame      0x004192e8       0x7c ../../../lib/libcrf.a(cpool.c.obj)
 .eh_frame      0x00419364       0xf8 ../../../lib/libcrf.a(cqueue.c.obj)
 .eh_frame      0x0041945c       0xdc ../../../lib/libcrf.a(crf.c.obj)
 .eh_frame      0x00419538       0x78 ../../../lib/libcrf.a(cvalue.c.obj)
 .eh_frame      0x004195b0       0x58 c:/mingw/bin/../lib/gcc/mingw32/8.2.0/../../../libmingw32.a(setargv.o)
 .eh_frame      0x00419608       0x40 c:/mingw/bin/../lib/gcc/mingw32/8.2.0/../../../libmingw32.a(cpu_features.o)
 .eh_frame      0x00419648       0x68 c:/mingw/bin/../lib/gcc/mingw32/8.2.0/../../../libmingw32.a(gccmain.o)
 .eh_frame      0x004196b0       0x94 c:/mingw/bin/../lib/gcc/mingw32/8.2.0/../../../libmingw32.a(tlssup.o)
 .eh_frame      0x00419744      0x110 c:/mingw/bin/../lib/gcc/mingw32/8.2.0/../../../libmingw32.a(tlsthrd.o)
 .eh_frame      0x00419854       0xf8 c:/mingw/bin/../lib/gcc/mingw32/8.2.0/../../../libmingw32.a(pseudo-reloc.o)
 .eh_frame      0x0041994c       0x34 c:/mingw/bin/../lib/gcc/mingw32/8.2.0/../../../libmingwex.a(fesetenv.o)
 .eh_frame      0x00419980       0x2c c:/mingw/bin/../lib/gcc/mingw32/8.2.0/../../../libmingwex.a(fpclassifyf.o)
 .eh_frame      0x004199ac       0x2c c:/mingw/bin/../lib/gcc/mingw32/8.2.0/../../../libmingwex.a(isnanf.o)
 .eh_frame      0x004199d8      0x244 c:/mingw/bin/../lib/gcc/mingw32/8.2.0/../../../libmingwex.a(glob.o)
 .eh_frame      0x00419c1c       0x48 c:/mingw/bin/../lib/gcc/mingw32/8.2.0/../../../libmingwex.a(dirname.o)
 .eh_frame      0x00419c64      0x1d8 c:/mingw/bin/../lib/gcc/mingw32/8.2.0/../../../libmingwex.a(dirent.o)
 .eh_frame      0x00419e3c       0x30 c:/mingw/bin/../lib/gcc/mingw32/8.2.0/crtend.o

.pdata
 *(.pdata*)

.bss            0x0041a000      0xfbc
                0x0041a000                __bss_start__ = .
 *(.bss)
 .bss           0x0041a000        0x8 c:/mingw/bin/../lib/gcc/mingw32/8.2.0/../../../crt2.o
                0x0041a000                _argv
                0x0041a004                _argc
 .bss           0x0041a008       0x18 c:/mingw/bin/../lib/gcc/mingw32/8.2.0/crtbegin.o
 .bss           0x0041a020        0x0 CMakeFiles\crf_test.dir/objects.a(main.c.obj)
 .bss           0x0041a020        0x0 CMakeFiles\crf_test.dir/objects.a(cpool_test.c.obj)
 .bss           0x0041a020        0x0 CMakeFiles\crf_test.dir/objects.a(cqueue_test.c.obj)
 .bss           0x0041a020       0x40 CMakeFiles\crf_test.dir/objects.a(chsm_test.c.obj)
 .bss           0x0041a060        0x0 CMakeFiles\crf_test.dir/objects.a(crf_test.c.obj)
 .bss           0x0041a060        0x0 CMakeFiles\crf_test.dir/objects.a(cbits_test.c.obj)
 .bss           0x0041a060        0x0 CMakeFiles\crf_test.dir/objects.a(cvalue_test.c.obj)
 .bss           0x0041a060        0x0 CMakeFiles\crf_test.dir/objects.a(chsm_test_functions.c.obj)
 .bss           0x0041a060        0x0 CMakeFiles\crf_test.dir/objects.a(chsm_test_machine.c.obj)
 .bss           0x0041a060        0x0 CMakeFiles\crf_test.dir/objects.a(chsm_test_machine2.c.obj)
 .bss           0x0041a060        0x0 CMakeFiles\crf_test.dir/objects.a(chsm_test_machine3.c.obj)
 .bss           0x0041a060        0x0 CMakeFiles\crf_test.dir/objects.a(chsm_test_machine4.c.obj)
 .bss           0x0041a060        0x0 CMakeFiles\crf_test.dir/objects.a(bus_driver.c.obj)
 .bss           0x0041a060        0x0 CMakeFiles\crf_test.dir/objects.a(bus_driver_functions.c.obj)
 .bss           0x0041a060        0x0 CMakeFiles\crf_test.dir/objects.a(dev_driver.c.obj)
 .bss           0x0041a060        0x0 CMakeFiles\crf_test.dir/objects.a(dev_driver_functions.c.obj)
 .bss           0x0041a060        0x0 CMakeFiles\crf_test.dir/objects.a(atomic_functions.c.obj)
 .bss           0x0041a060        0x4 ../../../lib/libunity.a(unity.c.obj)
 *fill*         0x0041a064       0x1c 
 .bss           0x0041a080       0x40 ../../../lib/libunity.a(unity_fixture.c.obj)
 .bss           0x0041a0c0        0x0 ../../../lib/libcrf.a(cbits.c.obj)
 .bss           0x0041a0c0        0x0 ../../../lib/libcrf.a(chsm.c.obj)
 .bss           0x0041a0c0        0x0 ../../../lib/libcrf.a(cpool.c.obj)
 .bss           0x0041a0c0        0x0 ../../../lib/libcrf.a(cqueue.c.obj)
 .bss           0x0041a0c0        0x0 ../../../lib/libcrf.a(crf.c.obj)
 .bss           0x0041a0c0        0x0 ../../../lib/libcrf.a(cvalue.c.obj)
 .bss           0x0041a0c0        0x0 c:/mingw/bin/../lib/gcc/mingw32/8.2.0/../../../libkernel32.a(dimos01131.o)
 .bss           0x0041a0c0        0x0 c:/mingw/bin/../lib/gcc/mingw32/8.2.0/../../../libkernel32.a(dimos00817.o)
 .bss           0x0041a0c0        0x0 c:/mingw/bin/../lib/gcc/mingw32/8.2.0/../../../libkernel32.a(dimos00577.o)
 .bss           0x0041a0c0        0x0 c:/mingw/bin/../lib/gcc/mingw32/8.2.0/../../../libkernel32.a(dimos00529.o)
 .bss           0x0041a0c0        0x0 c:/mingw/bin/../lib/gcc/mingw32/8.2.0/../../../libkernel32.a(dimos00352.o)
 .bss           0x0041a0c0        0x0 c:/mingw/bin/../lib/gcc/mingw32/8.2.0/../../../libkernel32.a(dimos00279.o)
 .bss           0x0041a0c0        0x0 c:/mingw/bin/../lib/gcc/mingw32/8.2.0/../../../libkernel32.a(dimoh.o)
 .bss           0x0041a0c0        0x0 c:/mingw/bin/../lib/gcc/mingw32/8.2.0/../../../libkernel32.a(dimot.o)
 .bss           0x0041a0c0        0x0 c:/mingw/bin/../lib/gcc/mingw32/8.2.0/../../../libmingw32.a(CRTglob.o)
 .bss           0x0041a0c0        0x0 c:/mingw/bin/../lib/gcc/mingw32/8.2.0/../../../libmingw32.a(setargv.o)
 .bss           0x0041a0c0        0x4 c:/mingw/bin/../lib/gcc/mingw32/8.2.0/../../../libmingw32.a(CRTfmode.o)
                0x0041a0c0                _CRT_fmode
 .bss           0x0041a0c4        0x4 c:/mingw/bin/../lib/gcc/mingw32/8.2.0/../../../libmingw32.a(cpu_features.o)
                0x0041a0c4                __cpu_features
 .bss           0x0041a0c8        0x0 c:/mingw/bin/../lib/gcc/mingw32/8.2.0/../../../libmingw32.a(CRT_fp10.o)
 .bss           0x0041a0c8        0x0 c:/mingw/bin/../lib/gcc/mingw32/8.2.0/../../../libmingw32.a(txtmode.o)
 .bss           0x0041a0c8        0x4 c:/mingw/bin/../lib/gcc/mingw32/8.2.0/../../../libmingw32.a(gccmain.o)
 .bss           0x0041a0cc       0x10 c:/mingw/bin/../lib/gcc/mingw32/8.2.0/../../../libmingw32.a(tlssup.o)
                0x0041a0cc                mingw_initltssuo_force
                0x0041a0d0                mingw_initltsdyn_force
                0x0041a0d4                mingw_initltsdrot_force
                0x0041a0d8                _tls_index
 .bss           0x0041a0dc       0x20 c:/mingw/bin/../lib/gcc/mingw32/8.2.0/../../../libmingw32.a(tlsthrd.o)
 .bss           0x0041a0fc        0x4 c:/mingw/bin/../lib/gcc/mingw32/8.2.0/../../../libmingw32.a(pseudo-reloc.o)
 .bss           0x0041a100        0x4 c:/mingw/bin/../lib/gcc/mingw32/8.2.0/../../../libmingw32.a(pseudo-reloc-list.o)
 .bss           0x0041a104        0x4 c:/mingw/bin/../lib/gcc/mingw32/8.2.0/../../../libmingw32.a(crtst.o)
                0x0041a104                _CRT_MT
 .bss           0x0041a108        0x0 c:/mingw/bin/../lib/gcc/mingw32/8.2.0/libgcc.a(_chkstk_ms.o)
 .bss           0x0041a108        0x0 c:/mingw/bin/../lib/gcc/mingw32/8.2.0/libgcc.a(_ctors.o)
 .bss           0x0041a108        0x0 c:/mingw/bin/../lib/gcc/mingw32/8.2.0/../../../libmingwex.a(fesetenv.o)
 .bss           0x0041a108        0x0 c:/mingw/bin/../lib/gcc/mingw32/8.2.0/../../../libmingwex.a(fpclassifyf.o)
 .bss           0x0041a108        0x0 c:/mingw/bin/../lib/gcc/mingw32/8.2.0/../../../libmingwex.a(isnanf.o)
 .bss           0x0041a108        0x0 c:/mingw/bin/../lib/gcc/mingw32/8.2.0/../../../libmingwex.a(glob.o)
 .bss           0x0041a108        0x4 c:/mingw/bin/../lib/gcc/mingw32/8.2.0/../../../libmingwex.a(dirname.o)
 .bss           0x0041a10c        0x0 c:/mingw/bin/../lib/gcc/mingw32/8.2.0/../../../libmingwex.a(dirent.o)
 .bss           0x0041a10c        0x0 c:/mingw/bin/../lib/gcc/mingw32/8.2.0/../../../libmsvcrt.a(dupkbs01320.o)
 .bss           0x0041a10c        0x0 c:/mingw/bin/../lib/gcc/mingw32/8.2.0/../../../libmsvcrt.a(dupkbs01279.o)
 .bss           0x0041a10c        0x0 c:/mingw/bin/../lib/gcc/mingw32/8.2.0/../../../libmsvcrt.a(dupkbs01272.o)
 .bss           0x0041a10c        0x0 c:/mingw/bin/../lib/gcc/mingw32/8.2.0/../../../libmsvcrt.a(dupkbs01253.o)
 .bss           0x0041a10c        0x0 c:/mingw/bin/../lib/gcc/mingw32/8.2.0/../../../libmsvcrt.a(dupkbs01244.o)
 .bss           0x0041a10c        0x0 c:/mingw/bin/../lib/gcc/mingw32/8.2.0/../../../libmsvcrt.a(dupkbs01237.o)
 .bss           0x0041a10c        0x0 c:/mingw/bin/../lib/gcc/mingw32/8.2.0/../../../libmsvcrt.a(dupkbs01236.o)
 .bss           0x0041a10c        0x0 c:/mingw/bin/../lib/gcc/mingw32/8.2.0/../../../libmsvcrt.a(dupkbs01227.o)
 .bss           0x0041a10c        0x0 c:/mingw/bin/../lib/gcc/mingw32/8.2.0/../../../libmsvcrt.a(dupkbs01224.o)
 .bss           0x0041a10c        0x0 c:/mingw/bin/../lib/gcc/mingw32/8.2.0/../../../libmsvcrt.a(dupkbs01222.o)
 .bss           0x0041a10c        0x0 c:/mingw/bin/../lib/gcc/mingw32/8.2.0/../../../libmsvcrt.a(dupkbs01215.o)
 .bss           0x0041a10c        0x0 c:/mingw/bin/../lib/gcc/mingw32/8.2.0/../../../libmsvcrt.a(dupkbs01206.o)
 .bss           0x0041a10c        0x0 c:/mingw/bin/../lib/gcc/mingw32/8.2.0/../../../libmsvcrt.a(dupkbs01198.o)
 .bss           0x0041a10c        0x0 c:/mingw/bin/../lib/gcc/mingw32/8.2.0/../../../libmsvcrt.a(dupkbs01194.o)
 .bss           0x0041a10c        0x0 c:/mingw/bin/../lib/gcc/mingw32/8.2.0/../../../libmsvcrt.a(dupkbs01189.o)
 .bss           0x0041a10c        0x0 c:/mingw/bin/../lib/gcc/mingw32/8.2.0/../../../libmsvcrt.a(dupkbs01182.o)
 .bss           0x0041a10c        0x0 c:/mingw/bin/../lib/gcc/mingw32/8.2.0/../../../libmsvcrt.a(dupkbs01181.o)
 .bss           0x0041a10c        0x0 c:/mingw/bin/../lib/gcc/mingw32/8.2.0/../../../libmsvcrt.a(dupkbs01137.o)
 .bss           0x0041a10c        0x0 c:/mingw/bin/../lib/gcc/mingw32/8.2.0/../../../libmsvcrt.a(dupkbs01126.o)
 .bss           0x0041a10c        0x0 c:/mingw/bin/../lib/gcc/mingw32/8.2.0/../../../libmsvcrt.a(dupkbs01093.o)
 .bss           0x0041a10c        0x0 c:/mingw/bin/../lib/gcc/mingw32/8.2.0/../../../libmsvcrt.a(dupkbs01086.o)
 .bss           0x0041a10c        0x0 c:/mingw/bin/../lib/gcc/mingw32/8.2.0/../../../libmsvcrt.a(dupkbs01078.o)
 .bss           0x0041a10c        0x0 c:/mingw/bin/../lib/gcc/mingw32/8.2.0/../../../libmsvcrt.a(dupkbs00748.o)
 .bss           0x0041a10c        0x0 c:/mingw/bin/../lib/gcc/mingw32/8.2.0/../../../libmsvcrt.a(dupkbs00744.o)
 .bss           0x0041a10c        0x0 c:/mingw/bin/../lib/gcc/mingw32/8.2.0/../../../libmsvcrt.a(dupkbs00693.o)
 .bss           0x0041a10c        0x0 c:/mingw/bin/../lib/gcc/mingw32/8.2.0/../../../libmsvcrt.a(dupkbs00684.o)
 .bss           0x0041a10c        0x0 c:/mingw/bin/../lib/gcc/mingw32/8.2.0/../../../libmsvcrt.a(dupkbs00417.o)
 .bss           0x0041a10c        0x0 c:/mingw/bin/../lib/gcc/mingw32/8.2.0/../../../libmsvcrt.a(dupkbs00412.o)
 .bss           0x0041a10c        0x0 c:/mingw/bin/../lib/gcc/mingw32/8.2.0/../../../libmsvcrt.a(dupkbs00345.o)
 .bss           0x0041a10c        0x0 c:/mingw/bin/../lib/gcc/mingw32/8.2.0/../../../libmsvcrt.a(dupkbs00319.o)
 .bss           0x0041a10c        0x0 c:/mingw/bin/../lib/gcc/mingw32/8.2.0/../../../libmsvcrt.a(dupkbs00280.o)
 .bss           0x0041a10c        0x0 c:/mingw/bin/../lib/gcc/mingw32/8.2.0/../../../libmsvcrt.a(dupkbs00214.o)
 .bss           0x0041a10c        0x0 c:/mingw/bin/../lib/gcc/mingw32/8.2.0/../../../libmsvcrt.a(dupkbs00153.o)
 .bss           0x0041a10c        0x0 c:/mingw/bin/../lib/gcc/mingw32/8.2.0/../../../libmsvcrt.a(dupkbs00133.o)
 .bss           0x0041a10c        0x0 c:/mingw/bin/../lib/gcc/mingw32/8.2.0/../../../libmsvcrt.a(dupkbs00131.o)
 .bss           0x0041a10c        0x0 c:/mingw/bin/../lib/gcc/mingw32/8.2.0/../../../libmsvcrt.a(dupkbs00119.o)
 .bss           0x0041a10c        0x0 c:/mingw/bin/../lib/gcc/mingw32/8.2.0/../../../libmsvcrt.a(dupkbs00088.o)
 .bss           0x0041a10c        0x0 c:/mingw/bin/../lib/gcc/mingw32/8.2.0/../../../libmsvcrt.a(dupkbh.o)
 .bss           0x0041a10c        0x0 c:/mingw/bin/../lib/gcc/mingw32/8.2.0/../../../libmsvcrt.a(dupkbt.o)
 .bss           0x0041a10c        0x0 c:/mingw/bin/../lib/gcc/mingw32/8.2.0/../../../libkernel32.a(dimos01206.o)
 .bss           0x0041a10c        0x0 c:/mingw/bin/../lib/gcc/mingw32/8.2.0/../../../libkernel32.a(dimos01204.o)
 .bss           0x0041a10c        0x0 c:/mingw/bin/../lib/gcc/mingw32/8.2.0/../../../libkernel32.a(dimos01164.o)
 .bss           0x0041a10c        0x0 c:/mingw/bin/../lib/gcc/mingw32/8.2.0/../../../libkernel32.a(dimos00814.o)
 .bss           0x0041a10c        0x0 c:/mingw/bin/../lib/gcc/mingw32/8.2.0/../../../libkernel32.a(dimos00734.o)
 .bss           0x0041a10c        0x0 c:/mingw/bin/../lib/gcc/mingw32/8.2.0/../../../libkernel32.a(dimos00510.o)
 .bss           0x0041a10c        0x0 c:/mingw/bin/../lib/gcc/mingw32/8.2.0/../../../libkernel32.a(dimos00388.o)
 .bss           0x0041a10c        0x0 c:/mingw/bin/../lib/gcc/mingw32/8.2.0/../../../libkernel32.a(dimos00321.o)
 .bss           0x0041a10c        0x0 c:/mingw/bin/../lib/gcc/mingw32/8.2.0/../../../libkernel32.a(dimos00304.o)
 .bss           0x0041a10c        0x0 c:/mingw/bin/../lib/gcc/mingw32/8.2.0/../../../libkernel32.a(dimos00300.o)
 .bss           0x0041a10c        0x0 c:/mingw/bin/../lib/gcc/mingw32/8.2.0/../../../libkernel32.a(dimos00236.o)
 .bss           0x0041a10c        0x0 c:/mingw/bin/../lib/gcc/mingw32/8.2.0/../../../libkernel32.a(dimos00207.o)
 .bss           0x0041a10c        0x0 c:/mingw/bin/../lib/gcc/mingw32/8.2.0/../../../libmoldname.a(dugtbs00082.o)
 .bss           0x0041a10c        0x0 c:/mingw/bin/../lib/gcc/mingw32/8.2.0/../../../libmoldname.a(dugtbs00080.o)
 .bss           0x0041a10c        0x0 c:/mingw/bin/../lib/gcc/mingw32/8.2.0/../../../libmoldname.a(dugtbh.o)
 .bss           0x0041a10c        0x0 c:/mingw/bin/../lib/gcc/mingw32/8.2.0/../../../libmoldname.a(dugtbt.o)
 .bss           0x0041a10c        0x0 c:/mingw/bin/../lib/gcc/mingw32/8.2.0/crtend.o
 *(COMMON)
 COMMON         0x0041a10c        0x4 c:/mingw/bin/../lib/gcc/mingw32/8.2.0/crtbegin.o
                0x0041a10c                hmod_libgcc
 *fill*         0x0041a110       0x10 
 COMMON         0x0041a120       0x40 CMakeFiles\crf_test.dir/objects.a(cpool_test.c.obj)
                0x0041a120                pool
                0x0041a140                buff
 COMMON         0x0041a160       0x40 CMakeFiles\crf_test.dir/objects.a(cqueue_test.c.obj)
                0x0041a160                events
                0x0041a180                eq
 COMMON         0x0041a1a0      0x45c CMakeFiles\crf_test.dir/objects.a(chsm_test.c.obj)
                0x0041a1a0                hsm
 *fill*         0x0041a5fc        0x4 
 COMMON         0x0041a600      0x7a0 CMakeFiles\crf_test.dir/objects.a(crf_test.c.obj)
                0x0041a600                crf
                0x0041a620                dev_driver
                0x0041aa80                bus_events
                0x0041aaa0                buff2
                0x0041aca0                pool_ast
                0x0041ace0                dev_events
                0x0041ad00                bus_driver
                0x0041ad60                buff1
 COMMON         0x0041ada0      0x140 CMakeFiles\crf_test.dir/objects.a(cbits_test.c.obj)
                0x0041ada0                inactive_bits_u32
                0x0041ada4                cb_st
                0x0041adbc                last_user_param_pv
                0x0041adc0                inactive_events_ast
                0x0041ae40                active_bits_u32
                0x0041ae60                active_events_ast
 COMMON         0x0041aee0       0x58 CMakeFiles\crf_test.dir/objects.a(cvalue_test.c.obj)
                0x0041aee0                in_cnt_u32
                0x0041aee4                low_cnt_u32
                0x0041af00                cv_st
                0x0041af34                high_cnt_u32
 *fill*         0x0041af38        0x8 
 COMMON         0x0041af40       0x68 ../../../lib/libunity.a(unity.c.obj)
                0x0041af40                Unity
 COMMON         0x0041afa8       0x14 ../../../lib/libunity.a(unity_fixture.c.obj)
                0x0041afa8                UnityFixture
 COMMON         0x0041afbc        0x0 c:/mingw/bin/../lib/gcc/mingw32/8.2.0/libgcc.a(_ctors.o)
                0x0041afbc                __bss_end__ = .

.edata
 *(.edata)

/DISCARD/
 *(.debug$S)
 *(.debug$T)
 *(.debug$F)
 *(.drectve)
 *(.note.GNU-stack)
 *(.gnu.lto_*)

.idata          0x0041b000      0x800
 SORT_BY_NAME(*)(.idata$2)
 .idata$2       0x0041b000       0x14 c:/mingw/bin/../lib/gcc/mingw32/8.2.0/../../../libkernel32.a(dimoh.o)
                0x0041b000                _head_libkernel32_a
 .idata$2       0x0041b014       0x14 c:/mingw/bin/../lib/gcc/mingw32/8.2.0/../../../libmoldname.a(dugtbh.o)
                0x0041b014                _head_libmoldname_a
 .idata$2       0x0041b028       0x14 c:/mingw/bin/../lib/gcc/mingw32/8.2.0/../../../libmsvcrt.a(dupkbh.o)
                0x0041b028                _head_libmsvcrt_a
 SORT_BY_NAME(*)(.idata$3)
                0x0041b03c        0x4 LONG 0x0
                0x0041b040        0x4 LONG 0x0
                0x0041b044        0x4 LONG 0x0
                0x0041b048        0x4 LONG 0x0
                0x0041b04c        0x4 LONG 0x0
 SORT_BY_NAME(*)(.idata$4)
 .idata$4       0x0041b050        0x0 c:/mingw/bin/../lib/gcc/mingw32/8.2.0/../../../libkernel32.a(dimoh.o)
 .idata$4       0x0041b050        0x4 c:/mingw/bin/../lib/gcc/mingw32/8.2.0/../../../libkernel32.a(dimos00207.o)
 .idata$4       0x0041b054        0x4 c:/mingw/bin/../lib/gcc/mingw32/8.2.0/../../../libkernel32.a(dimos00236.o)
 .idata$4       0x0041b058        0x4 c:/mingw/bin/../lib/gcc/mingw32/8.2.0/../../../libkernel32.a(dimos00279.o)
 .idata$4       0x0041b05c        0x4 c:/mingw/bin/../lib/gcc/mingw32/8.2.0/../../../libkernel32.a(dimos00300.o)
 .idata$4       0x0041b060        0x4 c:/mingw/bin/../lib/gcc/mingw32/8.2.0/../../../libkernel32.a(dimos00304.o)
 .idata$4       0x0041b064        0x4 c:/mingw/bin/../lib/gcc/mingw32/8.2.0/../../../libkernel32.a(dimos00321.o)
 .idata$4       0x0041b068        0x4 c:/mingw/bin/../lib/gcc/mingw32/8.2.0/../../../libkernel32.a(dimos00352.o)
 .idata$4       0x0041b06c        0x4 c:/mingw/bin/../lib/gcc/mingw32/8.2.0/../../../libkernel32.a(dimos00388.o)
 .idata$4       0x0041b070        0x4 c:/mingw/bin/../lib/gcc/mingw32/8.2.0/../../../libkernel32.a(dimos00510.o)
 .idata$4       0x0041b074        0x4 c:/mingw/bin/../lib/gcc/mingw32/8.2.0/../../../libkernel32.a(dimos00529.o)
 .idata$4       0x0041b078        0x4 c:/mingw/bin/../lib/gcc/mingw32/8.2.0/../../../libkernel32.a(dimos00577.o)
 .idata$4       0x0041b07c        0x4 c:/mingw/bin/../lib/gcc/mingw32/8.2.0/../../../libkernel32.a(dimos00734.o)
 .idata$4       0x0041b080        0x4 c:/mingw/bin/../lib/gcc/mingw32/8.2.0/../../../libkernel32.a(dimos00814.o)
 .idata$4       0x0041b084        0x4 c:/mingw/bin/../lib/gcc/mingw32/8.2.0/../../../libkernel32.a(dimos00817.o)
 .idata$4       0x0041b088        0x4 c:/mingw/bin/../lib/gcc/mingw32/8.2.0/../../../libkernel32.a(dimos01131.o)
 .idata$4       0x0041b08c        0x4 c:/mingw/bin/../lib/gcc/mingw32/8.2.0/../../../libkernel32.a(dimos01164.o)
 .idata$4       0x0041b090        0x4 c:/mingw/bin/../lib/gcc/mingw32/8.2.0/../../../libkernel32.a(dimos01204.o)
 .idata$4       0x0041b094        0x4 c:/mingw/bin/../lib/gcc/mingw32/8.2.0/../../../libkernel32.a(dimos01206.o)
 .idata$4       0x0041b098        0x4 c:/mingw/bin/../lib/gcc/mingw32/8.2.0/../../../libkernel32.a(dimot.o)
 .idata$4       0x0041b09c        0x0 c:/mingw/bin/../lib/gcc/mingw32/8.2.0/../../../libmoldname.a(dugtbh.o)
 .idata$4       0x0041b09c        0x4 c:/mingw/bin/../lib/gcc/mingw32/8.2.0/../../../libmoldname.a(dugtbs00080.o)
 .idata$4       0x0041b0a0        0x4 c:/mingw/bin/../lib/gcc/mingw32/8.2.0/../../../libmoldname.a(dugtbs00082.o)
 .idata$4       0x0041b0a4        0x4 c:/mingw/bin/../lib/gcc/mingw32/8.2.0/../../../libmoldname.a(dugtbt.o)
 .idata$4       0x0041b0a8        0x0 c:/mingw/bin/../lib/gcc/mingw32/8.2.0/../../../libmsvcrt.a(dupkbh.o)
 .idata$4       0x0041b0a8        0x4 c:/mingw/bin/../lib/gcc/mingw32/8.2.0/../../../libmsvcrt.a(dupkbs00088.o)
 .idata$4       0x0041b0ac        0x4 c:/mingw/bin/../lib/gcc/mingw32/8.2.0/../../../libmsvcrt.a(dupkbs00119.o)
 .idata$4       0x0041b0b0        0x4 c:/mingw/bin/../lib/gcc/mingw32/8.2.0/../../../libmsvcrt.a(dupkbs00131.o)
 .idata$4       0x0041b0b4        0x4 c:/mingw/bin/../lib/gcc/mingw32/8.2.0/../../../libmsvcrt.a(dupkbs00133.o)
 .idata$4       0x0041b0b8        0x4 c:/mingw/bin/../lib/gcc/mingw32/8.2.0/../../../libmsvcrt.a(dupkbs00153.o)
 .idata$4       0x0041b0bc        0x4 c:/mingw/bin/../lib/gcc/mingw32/8.2.0/../../../libmsvcrt.a(dupkbs00214.o)
 .idata$4       0x0041b0c0        0x4 c:/mingw/bin/../lib/gcc/mingw32/8.2.0/../../../libmsvcrt.a(dupkbs00280.o)
 .idata$4       0x0041b0c4        0x4 c:/mingw/bin/../lib/gcc/mingw32/8.2.0/../../../libmsvcrt.a(dupkbs00319.o)
 .idata$4       0x0041b0c8        0x4 c:/mingw/bin/../lib/gcc/mingw32/8.2.0/../../../libmsvcrt.a(dupkbs00345.o)
 .idata$4       0x0041b0cc        0x4 c:/mingw/bin/../lib/gcc/mingw32/8.2.0/../../../libmsvcrt.a(dupkbs00412.o)
 .idata$4       0x0041b0d0        0x4 c:/mingw/bin/../lib/gcc/mingw32/8.2.0/../../../libmsvcrt.a(dupkbs00417.o)
 .idata$4       0x0041b0d4        0x4 c:/mingw/bin/../lib/gcc/mingw32/8.2.0/../../../libmsvcrt.a(dupkbs00684.o)
 .idata$4       0x0041b0d8        0x4 c:/mingw/bin/../lib/gcc/mingw32/8.2.0/../../../libmsvcrt.a(dupkbs00693.o)
 .idata$4       0x0041b0dc        0x4 c:/mingw/bin/../lib/gcc/mingw32/8.2.0/../../../libmsvcrt.a(dupkbs00744.o)
 .idata$4       0x0041b0e0        0x4 c:/mingw/bin/../lib/gcc/mingw32/8.2.0/../../../libmsvcrt.a(dupkbs00748.o)
 .idata$4       0x0041b0e4        0x4 c:/mingw/bin/../lib/gcc/mingw32/8.2.0/../../../libmsvcrt.a(dupkbs01078.o)
 .idata$4       0x0041b0e8        0x4 c:/mingw/bin/../lib/gcc/mingw32/8.2.0/../../../libmsvcrt.a(dupkbs01086.o)
 .idata$4       0x0041b0ec        0x4 c:/mingw/bin/../lib/gcc/mingw32/8.2.0/../../../libmsvcrt.a(dupkbs01093.o)
 .idata$4       0x0041b0f0        0x4 c:/mingw/bin/../lib/gcc/mingw32/8.2.0/../../../libmsvcrt.a(dupkbs01126.o)
 .idata$4       0x0041b0f4        0x4 c:/mingw/bin/../lib/gcc/mingw32/8.2.0/../../../libmsvcrt.a(dupkbs01137.o)
 .idata$4       0x0041b0f8        0x4 c:/mingw/bin/../lib/gcc/mingw32/8.2.0/../../../libmsvcrt.a(dupkbs01181.o)
 .idata$4       0x0041b0fc        0x4 c:/mingw/bin/../lib/gcc/mingw32/8.2.0/../../../libmsvcrt.a(dupkbs01182.o)
 .idata$4       0x0041b100        0x4 c:/mingw/bin/../lib/gcc/mingw32/8.2.0/../../../libmsvcrt.a(dupkbs01189.o)
 .idata$4       0x0041b104        0x4 c:/mingw/bin/../lib/gcc/mingw32/8.2.0/../../../libmsvcrt.a(dupkbs01194.o)
 .idata$4       0x0041b108        0x4 c:/mingw/bin/../lib/gcc/mingw32/8.2.0/../../../libmsvcrt.a(dupkbs01198.o)
 .idata$4       0x0041b10c        0x4 c:/mingw/bin/../lib/gcc/mingw32/8.2.0/../../../libmsvcrt.a(dupkbs01206.o)
 .idata$4       0x0041b110        0x4 c:/mingw/bin/../lib/gcc/mingw32/8.2.0/../../../libmsvcrt.a(dupkbs01215.o)
 .idata$4       0x0041b114        0x4 c:/mingw/bin/../lib/gcc/mingw32/8.2.0/../../../libmsvcrt.a(dupkbs01222.o)
 .idata$4       0x0041b118        0x4 c:/mingw/bin/../lib/gcc/mingw32/8.2.0/../../../libmsvcrt.a(dupkbs01224.o)
 .idata$4       0x0041b11c        0x4 c:/mingw/bin/../lib/gcc/mingw32/8.2.0/../../../libmsvcrt.a(dupkbs01227.o)
 .idata$4       0x0041b120        0x4 c:/mingw/bin/../lib/gcc/mingw32/8.2.0/../../../libmsvcrt.a(dupkbs01236.o)
 .idata$4       0x0041b124        0x4 c:/mingw/bin/../lib/gcc/mingw32/8.2.0/../../../libmsvcrt.a(dupkbs01237.o)
 .idata$4       0x0041b128        0x4 c:/mingw/bin/../lib/gcc/mingw32/8.2.0/../../../libmsvcrt.a(dupkbs01244.o)
 .idata$4       0x0041b12c        0x4 c:/mingw/bin/../lib/gcc/mingw32/8.2.0/../../../libmsvcrt.a(dupkbs01253.o)
 .idata$4       0x0041b130        0x4 c:/mingw/bin/../lib/gcc/mingw32/8.2.0/../../../libmsvcrt.a(dupkbs01272.o)
 .idata$4       0x0041b134        0x4 c:/mingw/bin/../lib/gcc/mingw32/8.2.0/../../../libmsvcrt.a(dupkbs01279.o)
 .idata$4       0x0041b138        0x4 c:/mingw/bin/../lib/gcc/mingw32/8.2.0/../../../libmsvcrt.a(dupkbs01320.o)
 .idata$4       0x0041b13c        0x4 c:/mingw/bin/../lib/gcc/mingw32/8.2.0/../../../libmsvcrt.a(dupkbt.o)
                0x0041b140                __IAT_start__ = .
 SORT_BY_NAME(*)(.idata$5)
 .idata$5       0x0041b140        0x0 c:/mingw/bin/../lib/gcc/mingw32/8.2.0/../../../libkernel32.a(dimoh.o)
 .idata$5       0x0041b140        0x4 c:/mingw/bin/../lib/gcc/mingw32/8.2.0/../../../libkernel32.a(dimos00207.o)
                0x0041b140                _imp__DeleteCriticalSection@4
 .idata$5       0x0041b144        0x4 c:/mingw/bin/../lib/gcc/mingw32/8.2.0/../../../libkernel32.a(dimos00236.o)
                0x0041b144                _imp__EnterCriticalSection@4
 .idata$5       0x0041b148        0x4 c:/mingw/bin/../lib/gcc/mingw32/8.2.0/../../../libkernel32.a(dimos00279.o)
                0x0041b148                _imp__ExitProcess@4
 .idata$5       0x0041b14c        0x4 c:/mingw/bin/../lib/gcc/mingw32/8.2.0/../../../libkernel32.a(dimos00300.o)
                0x0041b14c                _imp__FindClose@4
 .idata$5       0x0041b150        0x4 c:/mingw/bin/../lib/gcc/mingw32/8.2.0/../../../libkernel32.a(dimos00304.o)
                0x0041b150                _imp__FindFirstFileA@8
 .idata$5       0x0041b154        0x4 c:/mingw/bin/../lib/gcc/mingw32/8.2.0/../../../libkernel32.a(dimos00321.o)
                0x0041b154                _imp__FindNextFileA@8
 .idata$5       0x0041b158        0x4 c:/mingw/bin/../lib/gcc/mingw32/8.2.0/../../../libkernel32.a(dimos00352.o)
                0x0041b158                _imp__FreeLibrary@4
 .idata$5       0x0041b15c        0x4 c:/mingw/bin/../lib/gcc/mingw32/8.2.0/../../../libkernel32.a(dimos00388.o)
                0x0041b15c                _imp__GetCommandLineA@0
 .idata$5       0x0041b160        0x4 c:/mingw/bin/../lib/gcc/mingw32/8.2.0/../../../libkernel32.a(dimos00510.o)
                0x0041b160                _imp__GetLastError@0
 .idata$5       0x0041b164        0x4 c:/mingw/bin/../lib/gcc/mingw32/8.2.0/../../../libkernel32.a(dimos00529.o)
                0x0041b164                _imp__GetModuleHandleA@4
 .idata$5       0x0041b168        0x4 c:/mingw/bin/../lib/gcc/mingw32/8.2.0/../../../libkernel32.a(dimos00577.o)
                0x0041b168                _imp__GetProcAddress@8
 .idata$5       0x0041b16c        0x4 c:/mingw/bin/../lib/gcc/mingw32/8.2.0/../../../libkernel32.a(dimos00734.o)
                0x0041b16c                _imp__InitializeCriticalSection@4
 .idata$5       0x0041b170        0x4 c:/mingw/bin/../lib/gcc/mingw32/8.2.0/../../../libkernel32.a(dimos00814.o)
                0x0041b170                _imp__LeaveCriticalSection@4
 .idata$5       0x0041b174        0x4 c:/mingw/bin/../lib/gcc/mingw32/8.2.0/../../../libkernel32.a(dimos00817.o)
                0x0041b174                _imp__LoadLibraryA@4
 .idata$5       0x0041b178        0x4 c:/mingw/bin/../lib/gcc/mingw32/8.2.0/../../../libkernel32.a(dimos01131.o)
                0x0041b178                _imp__SetUnhandledExceptionFilter@4
 .idata$5       0x0041b17c        0x4 c:/mingw/bin/../lib/gcc/mingw32/8.2.0/../../../libkernel32.a(dimos01164.o)
                0x0041b17c                _imp__TlsGetValue@4
 .idata$5       0x0041b180        0x4 c:/mingw/bin/../lib/gcc/mingw32/8.2.0/../../../libkernel32.a(dimos01204.o)
                0x0041b180                _imp__VirtualProtect@16
 .idata$5       0x0041b184        0x4 c:/mingw/bin/../lib/gcc/mingw32/8.2.0/../../../libkernel32.a(dimos01206.o)
                0x0041b184                _imp__VirtualQuery@12
 .idata$5       0x0041b188        0x4 c:/mingw/bin/../lib/gcc/mingw32/8.2.0/../../../libkernel32.a(dimot.o)
 .idata$5       0x0041b18c        0x0 c:/mingw/bin/../lib/gcc/mingw32/8.2.0/../../../libmoldname.a(dugtbh.o)
 .idata$5       0x0041b18c        0x4 c:/mingw/bin/../lib/gcc/mingw32/8.2.0/../../../libmoldname.a(dugtbs00080.o)
                0x0041b18c                _imp__strdup
 .idata$5       0x0041b190        0x4 c:/mingw/bin/../lib/gcc/mingw32/8.2.0/../../../libmoldname.a(dugtbs00082.o)
                0x0041b190                _imp__stricoll
 .idata$5       0x0041b194        0x4 c:/mingw/bin/../lib/gcc/mingw32/8.2.0/../../../libmoldname.a(dugtbt.o)
 .idata$5       0x0041b198        0x0 c:/mingw/bin/../lib/gcc/mingw32/8.2.0/../../../libmsvcrt.a(dupkbh.o)
 .idata$5       0x0041b198        0x4 c:/mingw/bin/../lib/gcc/mingw32/8.2.0/../../../libmsvcrt.a(dupkbs00088.o)
                0x0041b198                _imp____getmainargs
 .idata$5       0x0041b19c        0x4 c:/mingw/bin/../lib/gcc/mingw32/8.2.0/../../../libmsvcrt.a(dupkbs00119.o)
                0x0041b19c                _imp____mb_cur_max
 .idata$5       0x0041b1a0        0x4 c:/mingw/bin/../lib/gcc/mingw32/8.2.0/../../../libmsvcrt.a(dupkbs00131.o)
                0x0041b1a0                _imp____p__environ
 .idata$5       0x0041b1a4        0x4 c:/mingw/bin/../lib/gcc/mingw32/8.2.0/../../../libmsvcrt.a(dupkbs00133.o)
                0x0041b1a4                _imp____p__fmode
 .idata$5       0x0041b1a8        0x4 c:/mingw/bin/../lib/gcc/mingw32/8.2.0/../../../libmsvcrt.a(dupkbs00153.o)
                0x0041b1a8                _imp____set_app_type
 .idata$5       0x0041b1ac        0x4 c:/mingw/bin/../lib/gcc/mingw32/8.2.0/../../../libmsvcrt.a(dupkbs00214.o)
                0x0041b1ac                _imp___cexit
 .idata$5       0x0041b1b0        0x4 c:/mingw/bin/../lib/gcc/mingw32/8.2.0/../../../libmsvcrt.a(dupkbs00280.o)