Archive member included to satisfy reference by file (symbol)

CMakeFiles\i2c_master_test.dir/objects.a(main.c.obj)
                              (--whole-archive)
CMakeFiles\i2c_master_test.dir/objects.a(ut_i2c_master_test.c.obj)
                              (--whole-archive)
../../../../lib/libunity.a(unity.c.obj)
                              CMakeFiles\i2c_master_test.dir/objects.a(ut_i2c_master_test.c.obj) (UnityAssertEqualNumber)
../../../../lib/libunity.a(unity_fixture.c.obj)
                              ../../../../lib/libunity.a(unity.c.obj) (setUp)
../../../../lib/libi2c_drv_mock.a(ut_i2c_driver_mock.c.obj)
                              CMakeFiles\i2c_master_test.dir/objects.a(ut_i2c_master_test.c.obj) (ut_i2c_driver_mock_init)
../../../../lib/libcrf.a(chsm.c.obj)
                              CMakeFiles\i2c_master_test.dir/objects.a(ut_i2c_master_test.c.obj) (chsm_ctor)
../../../../lib/libcrf.a(cpool.c.obj)
                              CMakeFiles\i2c_master_test.dir/objects.a(ut_i2c_master_test.c.obj) (cpool_init)
../../../../lib/libcrf.a(cqueue.c.obj)
                              CMakeFiles\i2c_master_test.dir/objects.a(ut_i2c_master_test.c.obj) (cqueue_init)
../../../../lib/libcrf.a(crf.c.obj)
                              CMakeFiles\i2c_master_test.dir/objects.a(ut_i2c_master_test.c.obj) (crf_init)
c:/mingw/bin/../lib/gcc/mingw32/8.2.0/../../../libkernel32.a(dimos01131.o)
                              c:/mingw/bin/../lib/gcc/mingw32/8.2.0/../../../crt2.o (SetUnhandledExceptionFilter@4)
c:/mingw/bin/../lib/gcc/mingw32/8.2.0/../../../libkernel32.a(dimos00817.o)
                              c:/mingw/bin/../lib/gcc/mingw32/8.2.0/crtbegin.o (LoadLibraryA@4)
c:/mingw/bin/../lib/gcc/mingw32/8.2.0/../../../libkernel32.a(dimos00577.o)
                              c:/mingw/bin/../lib/gcc/mingw32/8.2.0/crtbegin.o (GetProcAddress@8)
c:/mingw/bin/../lib/gcc/mingw32/8.2.0/../../../libkernel32.a(dimos00529.o)
                              c:/mingw/bin/../lib/gcc/mingw32/8.2.0/crtbegin.o (GetModuleHandleA@4)
c:/mingw/bin/../lib/gcc/mingw32/8.2.0/../../../libkernel32.a(dimos00352.o)
                              c:/mingw/bin/../lib/gcc/mingw32/8.2.0/crtbegin.o (FreeLibrary@4)
c:/mingw/bin/../lib/gcc/mingw32/8.2.0/../../../libkernel32.a(dimos00279.o)
                              c:/mingw/bin/../lib/gcc/mingw32/8.2.0/../../../crt2.o (ExitProcess@4)
c:/mingw/bin/../lib/gcc/mingw32/8.2.0/../../../libkernel32.a(dimoh.o)
                              c:/mingw/bin/../lib/gcc/mingw32/8.2.0/../../../libkernel32.a(dimos01131.o) (_head_libkernel32_a)
c:/mingw/bin/../lib/gcc/mingw32/8.2.0/../../../libkernel32.a(dimot.o)
                              c:/mingw/bin/../lib/gcc/mingw32/8.2.0/../../../libkernel32.a(dimoh.o) (_libkernel32_a_iname)
c:/mingw/bin/../lib/gcc/mingw32/8.2.0/../../../libmingw32.a(CRTglob.o)
                              c:/mingw/bin/../lib/gcc/mingw32/8.2.0/../../../crt2.o (_CRT_glob)
c:/mingw/bin/../lib/gcc/mingw32/8.2.0/../../../libmingw32.a(setargv.o)
                              c:/mingw/bin/../lib/gcc/mingw32/8.2.0/../../../crt2.o (_setargv)
c:/mingw/bin/../lib/gcc/mingw32/8.2.0/../../../libmingw32.a(CRTfmode.o)
                              c:/mingw/bin/../lib/gcc/mingw32/8.2.0/../../../crt2.o (_CRT_fmode)
c:/mingw/bin/../lib/gcc/mingw32/8.2.0/../../../libmingw32.a(cpu_features.o)
                              c:/mingw/bin/../lib/gcc/mingw32/8.2.0/../../../crt2.o (__cpu_features_init)
c:/mingw/bin/../lib/gcc/mingw32/8.2.0/../../../libmingw32.a(CRT_fp10.o)
                              c:/mingw/bin/../lib/gcc/mingw32/8.2.0/../../../crt2.o (_CRT_fenv)
c:/mingw/bin/../lib/gcc/mingw32/8.2.0/../../../libmingw32.a(txtmode.o)
                              c:/mingw/bin/../lib/gcc/mingw32/8.2.0/../../../crt2.o (_fmode)
c:/mingw/bin/../lib/gcc/mingw32/8.2.0/../../../libmingw32.a(gccmain.o)
                              c:/mingw/bin/../lib/gcc/mingw32/8.2.0/../../../crt2.o (__main)
c:/mingw/bin/../lib/gcc/mingw32/8.2.0/../../../libmingw32.a(tlssup.o)
                              c:/mingw/bin/../lib/gcc/mingw32/8.2.0/../../../crt2.o (__dyn_tls_init_callback)
c:/mingw/bin/../lib/gcc/mingw32/8.2.0/../../../libmingw32.a(tlsthrd.o)
                              c:/mingw/bin/../lib/gcc/mingw32/8.2.0/../../../libmingw32.a(tlssup.o) (__mingw_TLScallback)
c:/mingw/bin/../lib/gcc/mingw32/8.2.0/../../../libmingw32.a(pseudo-reloc.o)
                              c:/mingw/bin/../lib/gcc/mingw32/8.2.0/../../../crt2.o (_pei386_runtime_relocator)
c:/mingw/bin/../lib/gcc/mingw32/8.2.0/../../../libmingw32.a(pseudo-reloc-list.o)
                              c:/mingw/bin/../lib/gcc/mingw32/8.2.0/../../../libmingw32.a(pseudo-reloc.o) (__RUNTIME_PSEUDO_RELOC_LIST__)
c:/mingw/bin/../lib/gcc/mingw32/8.2.0/../../../libmingw32.a(crtst.o)
                              c:/mingw/bin/../lib/gcc/mingw32/8.2.0/../../../libmingw32.a(tlssup.o) (_CRT_MT)
c:/mingw/bin/../lib/gcc/mingw32/8.2.0/libgcc.a(_chkstk_ms.o)
[...]
Memory Configuration

Name             Origin             Length             Attributes
*default*        0x00000000         0xffffffff

Linker script and memory map

                0x00400000                __image_base__ = 0x400000
                0x00000000                __dll__ = 0x0
                0x00400000                ___ImageBase = 0x400000
                0x00001000                __section_alignment__ = 0x1000
                0x00000200                __file_alignment__ = 0x200
                0x00000004                __major_os_version__ = 0x4
                0x00000000                __minor_os_version__ = 0x0
                0x00000000                __major_image_version__ = 0x0
                0x00000000                __minor_image_version__ = 0x0
                0x00000004                __major_subsystem_version__ = 0x4
                0x00000000                __minor_subsystem_version__ = 0x0
                0x00000003                __subsystem__ = 0x3
                0x00200000                __size_of_stack_reserve__ = 0x200000
                0x00001000                __size_of_stack_commit__ = 0x1000
                0x00100000                __size_of_heap_reserve__ = 0x100000
                0x00001000                __size_of_heap_commit__ = 0x1000
                0x00000000                __loader_flags__ = 0x0
                0x00000000                __dll_characteristics__ = 0x0
LOAD c:/mingw/bin/../lib/gcc/mingw32/8.2.0/../../../crt2.o
LOAD c:/mingw/bin/../lib/gcc/mingw32/8.2.0/crtbegin.o
LOAD CMakeFiles\i2c_master_test.dir/objects.a
LOAD ../../../../lib/libunity.a
LOAD ../../../../lib/libi2c_drv_mock.a
LOAD ../../../../lib/libcrf.a
LOAD c:/mingw/bin/../lib/gcc/mingw32/8.2.0/../../../libkernel32.a
LOAD c:/mingw/bin/../lib/gcc/mingw32/8.2.0/../../../libuser32.a
LOAD c:/mingw/bin/../lib/gcc/mingw32/8.2.0/../../../libgdi32.a
LOAD c:/mingw/bin/../lib/gcc/mingw32/8.2.0/../../../libwinspool.a
LOAD c:/mingw/bin/../lib/gcc/mingw32/8.2.0/../../../libshell32.a
LOAD c:/mingw/bin/../lib/gcc/mingw32/8.2.0/../../../libole32.a
LOAD c:/mingw/bin/../lib/gcc/mingw32/8.2.0/../../../liboleaut32.a
LOAD c:/mingw/bin/../lib/gcc/mingw32/8.2.0/../../../libuuid.a
LOAD c:/mingw/bin/../lib/gcc/mingw32/8.2.0/../../../libcomdlg32.a
LOAD c:/mingw/bin/../lib/gcc/mingw32/8.2.0/../../../libadvapi32.a
LOAD c:/mingw/bin/../lib/gcc/mingw32/8.2.0/../../../libmingw32.a
LOAD c:/mingw/bin/../lib/gcc/mingw32/8.2.0/libgcc.a
LOAD c:/mingw/bin/../lib/gcc/mingw32/8.2.0/libgcc_eh.a
LOAD c:/mingw/bin/../lib/gcc/mingw32/8.2.0/../../../libmoldname.a
LOAD c:/mingw/bin/../lib/gcc/mingw32/8.2.0/../../../libmingwex.a
LOAD c:/mingw/bin/../lib/gcc/mingw32/8.2.0/../../../libmsvcrt.a
LOAD c:/mingw/bin/../lib/gcc/mingw32/8.2.0/../../../libadvapi32.a
LOAD c:/mingw/bin/../lib/gcc/mingw32/8.2.0/../../../libshell32.a
LOAD c:/mingw/bin/../lib/gcc/mingw32/8.2.0/../../../libuser32.a
LOAD c:/mingw/bin/../lib/gcc/mingw32/8.2.0/../../../libkernel32.a
LOAD c:/mingw/bin/../lib/gcc/mingw32/8.2.0/../../../libmingw32.a
LOAD c:/mingw/bin/../lib/gcc/mingw32/8.2.0/libgcc.a
LOAD c:/mingw/bin/../lib/gcc/mingw32/8.2.0/libgcc_eh.a
LOAD c:/mingw/bin/../lib/gcc/mingw32/8.2.0/../../../libmoldname.a
LOAD c:/mingw/bin/../lib/gcc/mingw32/8.2.0/../../../libmingwex.a
LOAD c:/mingw/bin/../lib/gcc/mingw32/8.2.0/../../../libmsvcrt.a
LOAD c:/mingw/bin/../lib/gcc/mingw32/8.2.0/crtend.o
                0x000003a8                . = SIZEOF_HEADERS
                0x00001000                . = ALIGN (__section_alignment__)

.text           0x00401000     0x8400
 *(.init)
 *(.text)
 .text          0x00401000      0x330 c:/mingw/bin/../lib/gcc/mingw32/8.2.0/../../../crt2.o
                0x00401290                _mingw32_init_mainargs
                0x004012d0                mainCRTStartup
                0x004012f0                WinMainCRTStartup
                0x00401310                atexit
                0x00401320                _onexit
 .text          0x00401330       0xe0 c:/mingw/bin/../lib/gcc/mingw32/8.2.0/crtbegin.o
                0x00401330                __gcc_register_frame
                0x004013e0                __gcc_deregister_frame
 .text          0x00401410       0x44 CMakeFiles\i2c_master_test.dir/objects.a(main.c.obj)
                0x00401410                disableInterrupts
                0x00401416                enableInterrupts
                0x0040141c                run_i2c_master_tests
                0x0040142a                main
 .text          0x00401454     0x19f4 CMakeFiles\i2c_master_test.dir/objects.a(ut_i2c_master_test.c.obj)
                0x004014a0                TEST_i2c_master_SETUP
                0x0040163b                TEST_i2c_master_TEAR_DOWN
                0x00401641                TEST_i2c_master_init_run
                0x0040168f                TEST_i2c_master_init_
                0x00401695                TEST_i2c_master_send_1b_run
                0x004016e3                TEST_i2c_master_send_1b_
                0x00401919                TEST_i2c_master_send_2b_run
                0x00401967                TEST_i2c_master_send_2b_
                0x00401b6c                TEST_i2c_master_send_1b_addr_nack_run
                0x00401bba                TEST_i2c_master_send_1b_addr_nack_
                0x00401dd3                TEST_i2c_master_send_1b_data_nack_run
                0x00401e21                TEST_i2c_master_send_1b_data_nack_
                0x00402020                TEST_i2c_master_send_2x_1b_run
                0x0040206e                TEST_i2c_master_send_2x_1b_
                0x00402392                TEST_i2c_master_read_1b_run
                0x004023e0                TEST_i2c_master_read_1b_
                0x004025dc                TEST_i2c_master_read_2b_run
                0x0040262a                TEST_i2c_master_read_2b_
                0x0040282d                TEST_i2c_master_read_1b_addr_nack_run
                0x0040287b                TEST_i2c_master_read_1b_addr_nack_
                0x00402a77                TEST_i2c_master_write_2b_read_2b_run
                0x00402ac5                TEST_i2c_master_write_2b_read_2b_
                0x00402d5a                TEST_i2c_master_start_bus_scan_run
                0x00402da8                TEST_i2c_master_start_bus_scan_
                0x00402dae                TEST_i2c_master_check_bus_scan_result_run
                0x00402dfc                TEST_i2c_master_check_bus_scan_result_
                0x00402e02                TEST_i2c_master_GROUP_RUNNER
 .text          0x00402e48     0x2768 ../../../../lib/libunity.a(unity.c.obj)
                0x00402ef2                UnityPrint
                0x00402f22                UnityPrintLen
                0x00402ffd                UnityPrintNumberByStyle
                0x00403115                UnityPrintNumber
                0x00403144                UnityPrintNumberUnsigned
                0x004031c3                UnityPrintNumberHex
                0x00403237                UnityPrintMask
                0x00403299                UnityPrintFloat
                0x004037e9                UnityConcludeTest
                0x00403a81                UnityAssertBits
                0x00403b2d                UnityAssertEqualNumber
                0x00403bd4                UnityAssertGreaterOrLessOrEqualNumber
                0x00403d65                UnityAssertEqualIntArray
                0x004040c4                UnityAssertEqualFloatArray
                0x00404278                UnityAssertFloatsWithin
                0x00404326                UnityAssertFloatsNotWithin
                0x004043d4                UnityAssertGreaterOrLessFloat
                0x00404530                UnityAssertFloatSpecial
                0x004046ea                UnityAssertNumbersWithin
                0x00404836                UnityAssertNumbersArrayWithin
                0x00404b9d                UnityAssertEqualString
                0x00404c8d                UnityAssertEqualStringLen
                0x00404d8f                UnityAssertEqualStringArray
                0x00404f98                UnityAssertEqualMemory
                0x004051d8                UnityNumToPtr
                0x00405222                UnityFloatToPtr
                0x00405235                UnityFail
                0x00405322                UnityIgnore
                0x004053b5                UnityMessage
                0x00405413                UnityDefaultTestRun
                0x00405481                UnitySetTestFile
                0x0040548f                UnityBegin
                0x004054f7                UnityEnd
 .text          0x004055b0      0x7cc ../../../../lib/libunity.a(unity_fixture.c.obj)
                0x004055b0                setUp
                0x004055b6                tearDown
                0x00405604                UnityMain
                0x004056e6                UnityTestRunner
                0x004057bd                UnityIgnoreTest
                0x00405835                UnityPointer_Init
                0x00405845                UnityPointer_Set
                0x004058a0                UnityPointer_UndoAllSets
                0x004058d9                UnityGetCommandLineOptions
                0x00405ce7                UnityConcludeFixtureTest
 .text          0x00405d7c      0x3ac ../../../../lib/libi2c_drv_mock.a(ut_i2c_driver_mock.c.obj)
                0x004060e7                ut_i2c_driver_mock_init
 .text          0x00406128      0x1c8 ../../../../lib/libcrf.a(chsm.c.obj)
                0x0040612e                chsm_ctor
                0x004061a6                chsm_init
                0x004061c2                chsm_defer
                0x004061e3                chsm_recall
                0x0040621d                chsm_exit_children
                0x00406262                chsm_dispatch
 .text          0x004062f0      0x264 ../../../../lib/libcrf.a(cpool.c.obj)
                0x00406466                cpool_init
 .text          0x00406554      0x3cc ../../../../lib/libcrf.a(cqueue.c.obj)
                0x0040688c                cqueue_init
 .text          0x00406920      0x288 ../../../../lib/libcrf.a(crf.c.obj)
                0x00406b2c                crf_init
 .text          0x00406ba8        0x8 c:/mingw/bin/../lib/gcc/mingw32/8.2.0/../../../libkernel32.a(dimos01131.o)
                0x00406ba8                SetUnhandledExceptionFilter@4
 .text          0x00406bb0        0x8 c:/mingw/bin/../lib/gcc/mingw32/8.2.0/../../../libkernel32.a(dimos00817.o)
                0x00406bb0                LoadLibraryA@4
 .text          0x00406bb8        0x8 c:/mingw/bin/../lib/gcc/mingw32/8.2.0/../../../libkernel32.a(dimos00577.o)
                0x00406bb8                GetProcAddress@8
 .text          0x00406bc0        0x8 c:/mingw/bin/../lib/gcc/mingw32/8.2.0/../../../libkernel32.a(dimos00529.o)
                0x00406bc0                GetModuleHandleA@4
 .text          0x00406bc8        0x8 c:/mingw/bin/../lib/gcc/mingw32/8.2.0/../../../libkernel32.a(dimos00352.o)
                0x00406bc8                FreeLibrary@4
 .text          0x00406bd0        0x8 c:/mingw/bin/../lib/gcc/mingw32/8.2.0/../../../libkernel32.a(dimos00279.o)
                0x00406bd0                ExitProcess@4
 .text          0x00406bd8        0x0 c:/mingw/bin/../lib/gcc/mingw32/8.2.0/../../../libkernel32.a(dimoh.o)
 .text          0x00406bd8        0x0 c:/mingw/bin/../lib/gcc/mingw32/8.2.0/../../../libkernel32.a(dimot.o)
 .text          0x00406bd8        0x0 c:/mingw/bin/../lib/gcc/mingw32/8.2.0/../../../libmingw32.a(CRTglob.o)
 *fill*         0x00406bd8        0x8 
 .text          0x00406be0      0x370 c:/mingw/bin/../lib/gcc/mingw32/8.2.0/../../../libmingw32.a(setargv.o)
                0x00406be0                _setargv
 .text          0x00406f50        0x0 c:/mingw/bin/../lib/gcc/mingw32/8.2.0/../../../libmingw32.a(CRTfmode.o)
 .text          0x00406f50      0x110 c:/mingw/bin/../lib/gcc/mingw32/8.2.0/../../../libmingw32.a(cpu_features.o)
                0x00406f50                __cpu_features_init
 .text          0x00407060        0x0 c:/mingw/bin/../lib/gcc/mingw32/8.2.0/../../../libmingw32.a(CRT_fp10.o)
 .text          0x00407060        0x0 c:/mingw/bin/../lib/gcc/mingw32/8.2.0/../../../libmingw32.a(txtmode.o)
 .text          0x00407060       0xb0 c:/mingw/bin/../lib/gcc/mingw32/8.2.0/../../../libmingw32.a(gccmain.o)
                0x00407060                __do_global_dtors
                0x004070a0                __do_global_ctors
                0x004070f0                __main
 .text          0x00407110      0x100 c:/mingw/bin/../lib/gcc/mingw32/8.2.0/../../../libmingw32.a(tlssup.o)
                0x00407160                __dyn_tls_init@12
                0x00407200                __tlregdtor
 .text          0x00407210      0x250 c:/mingw/bin/../lib/gcc/mingw32/8.2.0/../../../libmingw32.a(tlsthrd.o)
                0x00407270                ___w64_mingwthr_add_key_dtor
                0x00407300                ___w64_mingwthr_remove_key_dtor
                0x004073a0                __mingw_TLScallback
 .text          0x00407460      0x320 c:/mingw/bin/../lib/gcc/mingw32/8.2.0/../../../libmingw32.a(pseudo-reloc.o)
                0x004075a0                _pei386_runtime_relocator
 .text          0x00407780        0x0 c:/mingw/bin/../lib/gcc/mingw32/8.2.0/../../../libmingw32.a(pseudo-reloc-list.o)
 .text          0x00407780        0x0 c:/mingw/bin/../lib/gcc/mingw32/8.2.0/../../../libmingw32.a(crtst.o)
 .text          0x00407780       0x2c c:/mingw/bin/../lib/gcc/mingw32/8.2.0/libgcc.a(_chkstk_ms.o)
                0x00407780                __chkstk_ms
 .text          0x004077ac        0x0 c:/mingw/bin/../lib/gcc/mingw32/8.2.0/libgcc.a(_ctors.o)
 *fill*         0x004077ac        0x4 
 .text          0x004077b0       0x80 c:/mingw/bin/../lib/gcc/mingw32/8.2.0/../../../libmingwex.a(fesetenv.o)
                0x004077b0                fesetenv
 .text          0x00407830       0x20 c:/mingw/bin/../lib/gcc/mingw32/8.2.0/../../../libmingwex.a(fpclassifyf.o)
                0x00407830                __fpclassifyf
 .text          0x00407850       0x20 c:/mingw/bin/../lib/gcc/mingw32/8.2.0/../../../libmingwex.a(isnanf.o)
                0x00407850                __isnanf
                0x00407850                isnanf
 .text          0x00407870     0x1090 c:/mingw/bin/../lib/gcc/mingw32/8.2.0/../../../libmingwex.a(glob.o)
                0x004087c0                __mingw_glob
                0x004088a0                __mingw_globfree
 .text          0x00408900      0x3f0 c:/mingw/bin/../lib/gcc/mingw32/8.2.0/../../../libmingwex.a(dirname.o)
                0x00408900                __mingw_dirname
 .text          0x00408cf0      0x540 c:/mingw/bin/../lib/gcc/mingw32/8.2.0/../../../libmingwex.a(dirent.o)
                0x00408e80                __mingw_opendir
                0x00409080                __mingw_readdir
                0x004090d0                __mingw_closedir
                0x00409120                __mingw_rewinddir
                0x00409180                __mingw_telldir
                0x004091b0                __mingw_seekdir
 .text          0x00409230        0x8 c:/mingw/bin/../lib/gcc/mingw32/8.2.0/../../../libmsvcrt.a(dupkbs01320.o)
                0x00409230                wcstombs
 .text          0x00409238        0x8 c:/mingw/bin/../lib/gcc/mingw32/8.2.0/../../../libmsvcrt.a(dupkbs01279.o)
                0x00409238                vfprintf
 .text          0x00409240        0x8 c:/mingw/bin/../lib/gcc/mingw32/8.2.0/../../../libmsvcrt.a(dupkbs01272.o)
                0x00409240                tolower
 .text          0x00409248        0x8 c:/mingw/bin/../lib/gcc/mingw32/8.2.0/../../../libmsvcrt.a(dupkbs01253.o)
                0x00409248                strstr
 .text          0x00409250        0x8 c:/mingw/bin/../lib/gcc/mingw32/8.2.0/../../../libmsvcrt.a(dupkbs01244.o)
                0x00409250                strlen
 .text          0x00409258        0x8 c:/mingw/bin/../lib/gcc/mingw32/8.2.0/../../../libmsvcrt.a(dupkbs01237.o)
                0x00409258                strcoll
 .text          0x00409260        0x8 c:/mingw/bin/../lib/gcc/mingw32/8.2.0/../../../libmsvcrt.a(dupkbs01236.o)
                0x00409260                strcmp
 .text          0x00409268        0x8 c:/mingw/bin/../lib/gcc/mingw32/8.2.0/../../../libmsvcrt.a(dupkbs01224.o)
                0x00409268                signal
 .text          0x00409270        0x8 c:/mingw/bin/../lib/gcc/mingw32/8.2.0/../../../libmsvcrt.a(dupkbs01222.o)
                0x00409270                setlocale
 .text          0x00409278        0x8 c:/mingw/bin/../lib/gcc/mingw32/8.2.0/../../../libmsvcrt.a(dupkbs01215.o)
                0x00409278                realloc
 .text          0x00409280        0x8 c:/mingw/bin/../lib/gcc/mingw32/8.2.0/../../../libmsvcrt.a(dupkbs01206.o)
                0x00409280                putchar
 .text          0x00409288        0x8 c:/mingw/bin/../lib/gcc/mingw32/8.2.0/../../../libmsvcrt.a(dupkbs01198.o)
                0x00409288                memset
 .text          0x00409290        0x8 c:/mingw/bin/../lib/gcc/mingw32/8.2.0/../../../libmsvcrt.a(dupkbs01194.o)
                0x00409290                memcpy
 .text          0x00409298        0x8 c:/mingw/bin/../lib/gcc/mingw32/8.2.0/../../../libmsvcrt.a(dupkbs01189.o)
                0x00409298                mbstowcs
 .text          0x004092a0        0x8 c:/mingw/bin/../lib/gcc/mingw32/8.2.0/../../../libmsvcrt.a(dupkbs01182.o)
                0x004092a0                malloc
 .text          0x004092a8        0x8 c:/mingw/bin/../lib/gcc/mingw32/8.2.0/../../../libmsvcrt.a(dupkbs01181.o)
                0x004092a8                longjmp
 .text          0x004092b0        0x8 c:/mingw/bin/../lib/gcc/mingw32/8.2.0/../../../libmsvcrt.a(dupkbs01137.o)
                0x004092b0                fwrite
 .text          0x004092b8        0x8 c:/mingw/bin/../lib/gcc/mingw32/8.2.0/../../../libmsvcrt.a(dupkbs01126.o)
                0x004092b8                free
 .text          0x004092c0        0x8 c:/mingw/bin/../lib/gcc/mingw32/8.2.0/../../../libmsvcrt.a(dupkbs01093.o)
                0x004092c0                calloc
 .text          0x004092c8        0x0 c:/mingw/bin/../lib/gcc/mingw32/8.2.0/../../../libmsvcrt.a(dupkbs01086.o)
 .text          0x004092c8        0x8 c:/mingw/bin/../lib/gcc/mingw32/8.2.0/../../../libmsvcrt.a(dupkbs01078.o)
                0x004092c8                abort
 .text          0x004092d0        0x8 c:/mingw/bin/../lib/gcc/mingw32/8.2.0/../../../libmsvcrt.a(dupkbs00748.o)
                0x004092d0                _setmode
 .text          0x004092d8        0x8 c:/mingw/bin/../lib/gcc/mingw32/8.2.0/../../../libmsvcrt.a(dupkbs00744.o)
                0x004092d8                _setjmp
 .text          0x004092e0        0x0 c:/mingw/bin/../lib/gcc/mingw32/8.2.0/../../../libmsvcrt.a(dupkbs00693.o)
 .text          0x004092e0        0x0 c:/mingw/bin/../lib/gcc/mingw32/8.2.0/../../../libmsvcrt.a(dupkbs00684.o)
 .text          0x004092e0        0x8 c:/mingw/bin/../lib/gcc/mingw32/8.2.0/../../../libmsvcrt.a(dupkbs00417.o)
                0x004092e0                _isctype
 .text          0x004092e8        0x0 c:/mingw/bin/../lib/gcc/mingw32/8.2.0/../../../libmsvcrt.a(dupkbs00412.o)
 .text          0x004092e8        0x8 c:/mingw/bin/../lib/gcc/mingw32/8.2.0/../../../libmsvcrt.a(dupkbs00345.o)
                0x004092e8                _fullpath
 .text          0x004092f0        0x8 c:/mingw/bin/../lib/gcc/mingw32/8.2.0/../../../libmsvcrt.a(dupkbs00280.o)
                0x004092f0                _errno
 .text          0x004092f8        0x8 c:/mingw/bin/../lib/gcc/mingw32/8.2.0/../../../libmsvcrt.a(dupkbs00214.o)
                0x004092f8                _cexit
 .text          0x00409300        0x8 c:/mingw/bin/../lib/gcc/mingw32/8.2.0/../../../libmsvcrt.a(dupkbs00133.o)
                0x00409300                __p__fmode
 .text          0x00409308        0x8 c:/mingw/bin/../lib/gcc/mingw32/8.2.0/../../../libmsvcrt.a(dupkbs00131.o)
                0x00409308                __p__environ
 .text          0x00409310        0x0 c:/mingw/bin/../lib/gcc/mingw32/8.2.0/../../../libmsvcrt.a(dupkbs00119.o)
 .text          0x00409310        0x8 c:/mingw/bin/../lib/gcc/mingw32/8.2.0/../../../libmsvcrt.a(dupkbs00088.o)
                0x00409310                __getmainargs
 .text          0x00409318        0x0 c:/mingw/bin/../lib/gcc/mingw32/8.2.0/../../../libmsvcrt.a(dupkbh.o)
 .text          0x00409318        0x0 c:/mingw/bin/../lib/gcc/mingw32/8.2.0/../../../libmsvcrt.a(dupkbt.o)
 .text          0x00409318        0x8 c:/mingw/bin/../lib/gcc/mingw32/8.2.0/../../../libkernel32.a(dimos01206.o)
                0x00409318                VirtualQuery@12
 .text          0x00409320        0x8 c:/mingw/bin/../lib/gcc/mingw32/8.2.0/../../../libkernel32.a(dimos01204.o)
                0x00409320                VirtualProtect@16
 .text          0x00409328        0x8 c:/mingw/bin/../lib/gcc/mingw32/8.2.0/../../../libkernel32.a(dimos01164.o)
                0x00409328                TlsGetValue@4
 .text          0x00409330        0x8 c:/mingw/bin/../lib/gcc/mingw32/8.2.0/../../../libkernel32.a(dimos00814.o)
                0x00409330                LeaveCriticalSection@4
 .text          0x00409338        0x8 c:/mingw/bin/../lib/gcc/mingw32/8.2.0/../../../libkernel32.a(dimos00734.o)
                0x00409338                InitializeCriticalSection@4
 .text          0x00409340        0x8 c:/mingw/bin/../lib/gcc/mingw32/8.2.0/../../../libkernel32.a(dimos00510.o)
                0x00409340                GetLastError@0
 .text          0x00409348        0x8 c:/mingw/bin/../lib/gcc/mingw32/8.2.0/../../../libkernel32.a(dimos00388.o)
                0x00409348                GetCommandLineA@0
 .text          0x00409350        0x8 c:/mingw/bin/../lib/gcc/mingw32/8.2.0/../../../libkernel32.a(dimos00321.o)
                0x00409350                FindNextFileA@8
 .text          0x00409358        0x8 c:/mingw/bin/../lib/gcc/mingw32/8.2.0/../../../libkernel32.a(dimos00304.o)
                0x00409358                FindFirstFileA@8
 .text          0x00409360        0x8 c:/mingw/bin/../lib/gcc/mingw32/8.2.0/../../../libkernel32.a(dimos00300.o)
                0x00409360                FindClose@4
 .text          0x00409368        0x8 c:/mingw/bin/../lib/gcc/mingw32/8.2.0/../../../libkernel32.a(dimos00236.o)
                0x00409368                EnterCriticalSection@4
 .text          0x00409370        0x8 c:/mingw/bin/../lib/gcc/mingw32/8.2.0/../../../libkernel32.a(dimos00207.o)
                0x00409370                DeleteCriticalSection@4
 .text          0x00409378        0x8 c:/mingw/bin/../lib/gcc/mingw32/8.2.0/../../../libmoldname.a(dugtbs00082.o)
                0x00409378                stricoll
 .text          0x00409380        0x8 c:/mingw/bin/../lib/gcc/mingw32/8.2.0/../../../libmoldname.a(dugtbs00080.o)
                0x00409380                strdup
 .text          0x00409388        0x0 c:/mingw/bin/../lib/gcc/mingw32/8.2.0/../../../libmoldname.a(dugtbh.o)
 .text          0x00409388        0x0 c:/mingw/bin/../lib/gcc/mingw32/8.2.0/../../../libmoldname.a(dugtbt.o)
 .text          0x00409388        0x0 c:/mingw/bin/../lib/gcc/mingw32/8.2.0/crtend.o
 *(SORT_BY_NAME(.text$*))
 *(.text.*)
 *fill*         0x00409388        0x8 
 .text.startup  0x00409390       0x10 c:/mingw/bin/../lib/gcc/mingw32/8.2.0/crtend.o
 *(.gnu.linkonce.t.*)
 *(.glue_7t)
 *(.glue_7)
                0x004093a0                ___CTOR_LIST__ = .
                0x004093a0                __CTOR_LIST__ = .
                0x004093a0        0x4 LONG 0xffffffff
 *(.ctors)
 *(.ctor)
 *(SORT_BY_NAME(.ctors.*))
 .ctors.65535   0x004093a4        0x4 c:/mingw/bin/../lib/gcc/mingw32/8.2.0/crtend.o
                0x004093a8        0x4 LONG 0x0
                0x004093ac                ___DTOR_LIST__ = .
                0x004093ac                __DTOR_LIST__ = .
                0x004093ac        0x4 LONG 0xffffffff
 *(.dtors)
 *(.dtor)
 *(SORT_BY_NAME(.dtors.*))
                0x004093b0        0x4 LONG 0x0
 *(.fini)
 *(.gcc_exc)
                [!provide]                PROVIDE (etext = .)
                [!provide]                PROVIDE (_etext = .)
 *(.gcc_except_table)

.data           0x0040a000      0x200
                0x0040a000                __data_start__ = .
 *(.data)
 .data          0x0040a000        0x0 c:/mingw/bin/../lib/gcc/mingw32/8.2.0/../../../crt2.o
 .data          0x0040a000        0x4 c:/mingw/bin/../lib/gcc/mingw32/8.2.0/crtbegin.o
 .data          0x0040a004        0x0 CMakeFiles\i2c_master_test.dir/objects.a(main.c.obj)
 .data          0x0040a004       0x10 CMakeFiles\i2c_master_test.dir/objects.a(ut_i2c_master_test.c.obj)
                0x0040a008                drv_pst
                0x0040a00c                hsm_apst
 .data          0x0040a014        0x0 ../../../../lib/libunity.a(unity.c.obj)
 .data          0x0040a014        0x0 ../../../../lib/libunity.a(unity_fixture.c.obj)
 .data          0x0040a014        0x0 ../../../../lib/libi2c_drv_mock.a(ut_i2c_driver_mock.c.obj)
 .data          0x0040a014        0x0 ../../../../lib/libcrf.a(chsm.c.obj)
 .data          0x0040a014        0x0 ../../../../lib/libcrf.a(cpool.c.obj)
 .data          0x0040a014        0x0 ../../../../lib/libcrf.a(cqueue.c.obj)
 .data          0x0040a014        0x0 ../../../../lib/libcrf.a(crf.c.obj)
 .data          0x0040a014        0x0 c:/mingw/bin/../lib/gcc/mingw32/8.2.0/../../../libkernel32.a(dimos01131.o)
 .data          0x0040a014        0x0 c:/mingw/bin/../lib/gcc/mingw32/8.2.0/../../../libkernel32.a(dimos00817.o)
 .data          0x0040a014        0x0 c:/mingw/bin/../lib/gcc/mingw32/8.2.0/../../../libkernel32.a(dimos00577.o)
 .data          0x0040a014        0x0 c:/mingw/bin/../lib/gcc/mingw32/8.2.0/../../../libkernel32.a(dimos00529.o)
 .data          0x0040a014        0x0 c:/mingw/bin/../lib/gcc/mingw32/8.2.0/../../../libkernel32.a(dimos00352.o)
 .data          0x0040a014        0x0 c:/mingw/bin/../lib/gcc/mingw32/8.2.0/../../../libkernel32.a(dimos00279.o)
 .data          0x0040a014        0x0 c:/mingw/bin/../lib/gcc/mingw32/8.2.0/../../../libkernel32.a(dimoh.o)
 .data          0x0040a014        0x0 c:/mingw/bin/../lib/gcc/mingw32/8.2.0/../../../libkernel32.a(dimot.o)
 .data          0x0040a014        0x4 c:/mingw/bin/../lib/gcc/mingw32/8.2.0/../../../libmingw32.a(CRTglob.o)
                0x0040a014                _CRT_glob
 .data          0x0040a018        0x0 c:/mingw/bin/../lib/gcc/mingw32/8.2.0/../../../libmingw32.a(setargv.o)
 .data          0x0040a018        0x0 c:/mingw/bin/../lib/gcc/mingw32/8.2.0/../../../libmingw32.a(CRTfmode.o)
 .data          0x0040a018        0x0 c:/mingw/bin/../lib/gcc/mingw32/8.2.0/../../../libmingw32.a(cpu_features.o)
 .data          0x0040a018        0x4 c:/mingw/bin/../lib/gcc/mingw32/8.2.0/../../../libmingw32.a(CRT_fp10.o)
                0x0040a018                _CRT_fenv
 .data          0x0040a01c        0x4 c:/mingw/bin/../lib/gcc/mingw32/8.2.0/../../../libmingw32.a(txtmode.o)
                0x0040a01c                _fmode
 .data          0x0040a020        0x4 c:/mingw/bin/../lib/gcc/mingw32/8.2.0/../../../libmingw32.a(gccmain.o)
 .data          0x0040a024        0x0 c:/mingw/bin/../lib/gcc/mingw32/8.2.0/../../../libmingw32.a(tlssup.o)
 .data          0x0040a024        0x0 c:/mingw/bin/../lib/gcc/mingw32/8.2.0/../../../libmingw32.a(tlsthrd.o)
 .data          0x0040a024        0x0 c:/mingw/bin/../lib/gcc/mingw32/8.2.0/../../../libmingw32.a(pseudo-reloc.o)
 .data          0x0040a024        0x0 c:/mingw/bin/../lib/gcc/mingw32/8.2.0/../../../libmingw32.a(pseudo-reloc-list.o)
 .data          0x0040a024        0x0 c:/mingw/bin/../lib/gcc/mingw32/8.2.0/../../../libmingw32.a(crtst.o)
 .data          0x0040a024        0x0 c:/mingw/bin/../lib/gcc/mingw32/8.2.0/libgcc.a(_chkstk_ms.o)
 .data          0x0040a024        0x0 c:/mingw/bin/../lib/gcc/mingw32/8.2.0/libgcc.a(_ctors.o)
 .data          0x0040a024        0x4 c:/mingw/bin/../lib/gcc/mingw32/8.2.0/../../../libmingwex.a(fesetenv.o)
 .data          0x0040a028        0x0 c:/mingw/bin/../lib/gcc/mingw32/8.2.0/../../../libmingwex.a(fpclassifyf.o)
 .data          0x0040a028        0x0 c:/mingw/bin/../lib/gcc/mingw32/8.2.0/../../../libmingwex.a(isnanf.o)
 .data          0x0040a028        0x0 c:/mingw/bin/../lib/gcc/mingw32/8.2.0/../../../libmingwex.a(glob.o)
 .data          0x0040a028        0x0 c:/mingw/bin/../lib/gcc/mingw32/8.2.0/../../../libmingwex.a(dirname.o)
 .data          0x0040a028        0x0 c:/mingw/bin/../lib/gcc/mingw32/8.2.0/../../../libmingwex.a(dirent.o)
 .data          0x0040a028        0x0 c:/mingw/bin/../lib/gcc/mingw32/8.2.0/../../../libmsvcrt.a(dupkbs01320.o)
 .data          0x0040a028        0x0 c:/mingw/bin/../lib/gcc/mingw32/8.2.0/../../../libmsvcrt.a(dupkbs01279.o)
 .data          0x0040a028        0x0 c:/mingw/bin/../lib/gcc/mingw32/8.2.0/../../../libmsvcrt.a(dupkbs01272.o)
 .data          0x0040a028        0x0 c:/mingw/bin/../lib/gcc/mingw32/8.2.0/../../../libmsvcrt.a(dupkbs01253.o)
 .data          0x0040a028        0x0 c:/mingw/bin/../lib/gcc/mingw32/8.2.0/../../../libmsvcrt.a(dupkbs01244.o)
 .data          0x0040a028        0x0 c:/mingw/bin/../lib/gcc/mingw32/8.2.0/../../../libmsvcrt.a(dupkbs01237.o)
 .data          0x0040a028        0x0 c:/mingw/bin/../lib/gcc/mingw32/8.2.0/../../../libmsvcrt.a(dupkbs01236.o)
 .data          0x0040a028        0x0 c:/mingw/bin/../lib/gcc/mingw32/8.2.0/../../../libmsvcrt.a(dupkbs01224.o)
 .data          0x0040a028        0x0 c:/mingw/bin/../lib/gcc/mingw32/8.2.0/../../../libmsvcrt.a(dupkbs01222.o)
 .data          0x0040a028        0x0 c:/mingw/bin/../lib/gcc/mingw32/8.2.0/../../../libmsvcrt.a(dupkbs01215.o)
 .data          0x0040a028        0x0 c:/mingw/bin/../lib/gcc/mingw32/8.2.0/../../../libmsvcrt.a(dupkbs01206.o)
 .data          0x0040a028        0x0 c:/mingw/bin/../lib/gcc/mingw32/8.2.0/../../../libmsvcrt.a(dupkbs01198.o)
 .data          0x0040a028        0x0 c:/mingw/bin/../lib/gcc/mingw32/8.2.0/../../../libmsvcrt.a(dupkbs01194.o)
 .data          0x0040a028        0x0 c:/mingw/bin/../lib/gcc/mingw32/8.2.0/../../../libmsvcrt.a(dupkbs01189.o)
 .data          0x0040a028        0x0 c:/mingw/bin/../lib/gcc/mingw32/8.2.0/../../../libmsvcrt.a(dupkbs01182.o)
 .data          0x0040a028        0x0 c:/mingw/bin/../lib/gcc/mingw32/8.2.0/../../../libmsvcrt.a(dupkbs01181.o)
 .data          0x0040a028        0x0 c:/mingw/bin/../lib/gcc/mingw32/8.2.0/../../../libmsvcrt.a(dupkbs01137.o)
 .data          0x0040a028        0x0 c:/mingw/bin/../lib/gcc/mingw32/8.2.0/../../../libmsvcrt.a(dupkbs01126.o)
 .data          0x0040a028        0x0 c:/mingw/bin/../lib/gcc/mingw32/8.2.0/../../../libmsvcrt.a(dupkbs01093.o)
 .data          0x0040a028        0x0 c:/mingw/bin/../lib/gcc/mingw32/8.2.0/../../../libmsvcrt.a(dupkbs01086.o)
 .data          0x0040a028        0x0 c:/mingw/bin/../lib/gcc/mingw32/8.2.0/../../../libmsvcrt.a(dupkbs01078.o)
 .data          0x0040a028        0x0 c:/mingw/bin/../lib/gcc/mingw32/8.2.0/../../../libmsvcrt.a(dupkbs00748.o)
 .data          0x0040a028        0x0 c:/mingw/bin/../lib/gcc/mingw32/8.2.0/../../../libmsvcrt.a(dupkbs00744.o)
 .data          0x0040a028        0x0 c:/mingw/bin/../lib/gcc/mingw32/8.2.0/../../../libmsvcrt.a(dupkbs00693.o)
 .data          0x0040a028        0x0 c:/mingw/bin/../lib/gcc/mingw32/8.2.0/../../../libmsvcrt.a(dupkbs00684.o)
 .data          0x0040a028        0x0 c:/mingw/bin/../lib/gcc/mingw32/8.2.0/../../../libmsvcrt.a(dupkbs00417.o)
 .data          0x0040a028        0x0 c:/mingw/bin/../lib/gcc/mingw32/8.2.0/../../../libmsvcrt.a(dupkbs00412.o)
 .data          0x0040a028        0x0 c:/mingw/bin/../lib/gcc/mingw32/8.2.0/../../../libmsvcrt.a(dupkbs00345.o)
 .data          0x0040a028        0x0 c:/mingw/bin/../lib/gcc/mingw32/8.2.0/../../../libmsvcrt.a(dupkbs00319.o)
 .data          0x0040a028        0x0 c:/mingw/bin/../lib/gcc/mingw32/8.2.0/../../../libmsvcrt.a(dupkbs00280.o)
 .data          0x0040a028        0x0 c:/mingw/bin/../lib/gcc/mingw32/8.2.0/../../../libmsvcrt.a(dupkbs00214.o)
 .data          0x0040a028        0x0 c:/mingw/bin/../lib/gcc/mingw32/8.2.0/../../../libmsvcrt.a(dupkbs00153.o)
 .data          0x0040a028        0x0 c:/mingw/bin/../lib/gcc/mingw32/8.2.0/../../../libmsvcrt.a(dupkbs00133.o)
 .data          0x0040a028        0x0 c:/mingw/bin/../lib/gcc/mingw32/8.2.0/../../../libmsvcrt.a(dupkbs00131.o)
 .data          0x0040a028        0x0 c:/mingw/bin/../lib/gcc/mingw32/8.2.0/../../../libmsvcrt.a(dupkbs00119.o)
 .data          0x0040a028        0x0 c:/mingw/bin/../lib/gcc/mingw32/8.2.0/../../../libmsvcrt.a(dupkbs00088.o)
 .data          0x0040a028        0x0 c:/mingw/bin/../lib/gcc/mingw32/8.2.0/../../../libmsvcrt.a(dupkbh.o)
 .data          0x0040a028        0x0 c:/mingw/bin/../lib/gcc/mingw32/8.2.0/../../../libmsvcrt.a(dupkbt.o)
 .data          0x0040a028        0x0 c:/mingw/bin/../lib/gcc/mingw32/8.2.0/../../../libkernel32.a(dimos01206.o)
 .data          0x0040a028        0x0 c:/mingw/bin/../lib/gcc/mingw32/8.2.0/../../../libkernel32.a(dimos01204.o)
 .data          0x0040a028        0x0 c:/mingw/bin/../lib/gcc/mingw32/8.2.0/../../../libkernel32.a(dimos01164.o)
 .data          0x0040a028        0x0 c:/mingw/bin/../lib/gcc/mingw32/8.2.0/../../../libkernel32.a(dimos00814.o)
 .data          0x0040a028        0x0 c:/mingw/bin/../lib/gcc/mingw32/8.2.0/../../../libkernel32.a(dimos00734.o)
 .data          0x0040a028        0x0 c:/mingw/bin/../lib/gcc/mingw32/8.2.0/../../../libkernel32.a(dimos00510.o)
 .data          0x0040a028        0x0 c:/mingw/bin/../lib/gcc/mingw32/8.2.0/../../../libkernel32.a(dimos00388.o)
 .data          0x0040a028        0x0 c:/mingw/bin/../lib/gcc/mingw32/8.2.0/../../../libkernel32.a(dimos00321.o)
 .data          0x0040a028        0x0 c:/mingw/bin/../lib/gcc/mingw32/8.2.0/../../../libkernel32.a(dimos00304.o)
 .data          0x0040a028        0x0 c:/mingw/bin/../lib/gcc/mingw32/8.2.0/../../../libkernel32.a(dimos00300.o)
 .data          0x0040a028        0x0 c:/mingw/bin/../lib/gcc/mingw32/8.2.0/../../../libkernel32.a(dimos00236.o)
 .data          0x0040a028        0x0 c:/mingw/bin/../lib/gcc/mingw32/8.2.0/../../../libkernel32.a(dimos00207.o)
 .data          0x0040a028        0x0 c:/mingw/bin/../lib/gcc/mingw32/8.2.0/../../../libmoldname.a(dugtbs00082.o)
 .data          0x0040a028        0x0 c:/mingw/bin/../lib/gcc/mingw32/8.2.0/../../../libmoldname.a(dugtbs00080.o)
 .data          0x0040a028        0x0 c:/mingw/bin/../lib/gcc/mingw32/8.2.0/../../../libmoldname.a(dugtbh.o)
 .data          0x0040a028        0x0 c:/mingw/bin/../lib/gcc/mingw32/8.2.0/../../../libmoldname.a(dugtbt.o)
 .data          0x0040a028        0x0 c:/mingw/bin/../lib/gcc/mingw32/8.2.0/crtend.o
 *(.data2)
 *(SORT_BY_NAME(.data$*))
 *(.jcr)
                0x0040a028                __data_end__ = .
 *(.data_cygwin_nocopy)

.rdata          0x0040b000      0xe00
 *(.rdata)
 .rdata         0x0040b000       0x44 c:/mingw/bin/../lib/gcc/mingw32/8.2.0/crtbegin.o
 .rdata         0x0040b044      0x2d0 CMakeFiles\i2c_master_test.dir/objects.a(ut_i2c_master_test.c.obj)
 *fill*         0x0040b314        0xc 
 .rdata         0x0040b320      0x320 ../../../../lib/libunity.a(unity.c.obj)
                0x0040b320                UnityStrOk
                0x0040b324                UnityStrPass
                0x0040b32c                UnityStrFail
                0x0040b334                UnityStrIgnore
                0x0040b4c0                UnityStrErrShorthand
                0x0040b4e4                UnityStrErrFloat
                0x0040b520                UnityStrErrDouble
                0x0040b540                UnityStrErr64
 .rdata         0x0040b640      0x25c ../../../../lib/libunity.a(unity_fixture.c.obj)
 .rdata         0x0040b89c       0x10 ../../../../lib/libi2c_drv_mock.a(ut_i2c_driver_mock.c.obj)
 .rdata         0x0040b8ac       0x1c ../../../../lib/libcrf.a(chsm.c.obj)
                0x0040b8ac                chsm_init_event_st
                0x0040b8b0                chsm_none_event_st
 .rdata         0x0040b8c8      0x178 c:/mingw/bin/../lib/gcc/mingw32/8.2.0/../../../libmingw32.a(setargv.o)
 .rdata         0x0040ba40        0x4 c:/mingw/bin/../lib/gcc/mingw32/8.2.0/../../../libmingw32.a(tlssup.o)
                0x0040ba40                __dyn_tls_init_callback
 .rdata         0x0040ba44       0xac c:/mingw/bin/../lib/gcc/mingw32/8.2.0/../../../libmingw32.a(pseudo-reloc.o)
 .rdata         0x0040baf0       0x14 c:/mingw/bin/../lib/gcc/mingw32/8.2.0/../../../libmingwex.a(glob.o)
 .rdata         0x0040bb04        0x8 c:/mingw/bin/../lib/gcc/mingw32/8.2.0/../../../libmingwex.a(dirname.o)
 *(SORT_BY_NAME(.rdata$*))
 .rdata$zzz     0x0040bb0c       0x14 c:/mingw/bin/../lib/gcc/mingw32/8.2.0/../../../crt2.o
 .rdata$zzz     0x0040bb20       0x14 c:/mingw/bin/../lib/gcc/mingw32/8.2.0/crtbegin.o
 .rdata$zzz     0x0040bb34       0x24 CMakeFiles\i2c_master_test.dir/objects.a(main.c.obj)
 .rdata$zzz     0x0040bb58       0x24 CMakeFiles\i2c_master_test.dir/objects.a(ut_i2c_master_test.c.obj)
 .rdata$zzz     0x0040bb7c       0x24 ../../../../lib/libunity.a(unity.c.obj)
 .rdata$zzz     0x0040bba0       0x24 ../../../../lib/libunity.a(unity_fixture.c.obj)
 .rdata$zzz     0x0040bbc4       0x24 ../../../../lib/libi2c_drv_mock.a(ut_i2c_driver_mock.c.obj)
 .rdata$zzz     0x0040bbe8       0x24 ../../../../lib/libcrf.a(chsm.c.obj)
 .rdata$zzz     0x0040bc0c       0x24 ../../../../lib/libcrf.a(cpool.c.obj)
 .rdata$zzz     0x0040bc30       0x24 ../../../../lib/libcrf.a(cqueue.c.obj)
 .rdata$zzz     0x0040bc54       0x24 ../../../../lib/libcrf.a(crf.c.obj)
 .rdata$zzz     0x0040bc78       0x14 c:/mingw/bin/../lib/gcc/mingw32/8.2.0/../../../libmingw32.a(CRTglob.o)
 .rdata$zzz     0x0040bc8c       0x14 c:/mingw/bin/../lib/gcc/mingw32/8.2.0/../../../libmingw32.a(setargv.o)
 .rdata$zzz     0x0040bca0       0x14 c:/mingw/bin/../lib/gcc/mingw32/8.2.0/../../../libmingw32.a(CRTfmode.o)
 .rdata$zzz     0x0040bcb4       0x14 c:/mingw/bin/../lib/gcc/mingw32/8.2.0/../../../libmingw32.a(CRT_fp10.o)
 .rdata$zzz     0x0040bcc8       0x14 c:/mingw/bin/../lib/gcc/mingw32/8.2.0/../../../libmingw32.a(txtmode.o)
 .rdata$zzz     0x0040bcdc       0x14 c:/mingw/bin/../lib/gcc/mingw32/8.2.0/../../../libmingw32.a(gccmain.o)
 .rdata$zzz     0x0040bcf0       0x14 c:/mingw/bin/../lib/gcc/mingw32/8.2.0/../../../libmingw32.a(tlssup.o)
 .rdata$zzz     0x0040bd04       0x14 c:/mingw/bin/../lib/gcc/mingw32/8.2.0/../../../libmingw32.a(tlsthrd.o)
 .rdata$zzz     0x0040bd18       0x14 c:/mingw/bin/../lib/gcc/mingw32/8.2.0/../../../libmingw32.a(pseudo-reloc.o)
 .rdata$zzz     0x0040bd2c       0x14 c:/mingw/bin/../lib/gcc/mingw32/8.2.0/../../../libmingw32.a(pseudo-reloc-list.o)
 .rdata$zzz     0x0040bd40       0x14 c:/mingw/bin/../lib/gcc/mingw32/8.2.0/../../../libmingw32.a(crtst.o)
 .rdata$zzz     0x0040bd54       0x14 c:/mingw/bin/../lib/gcc/mingw32/8.2.0/libgcc.a(_ctors.o)
 .rdata$zzz     0x0040bd68       0x14 c:/mingw/bin/../lib/gcc/mingw32/8.2.0/../../../libmingwex.a(fesetenv.o)
 .rdata$zzz     0x0040bd7c       0x14 c:/mingw/bin/../lib/gcc/mingw32/8.2.0/../../../libmingwex.a(fpclassifyf.o)
 .rdata$zzz     0x0040bd90       0x14 c:/mingw/bin/../lib/gcc/mingw32/8.2.0/../../../libmingwex.a(isnanf.o)
 .rdata$zzz     0x0040bda4       0x14 c:/mingw/bin/../lib/gcc/mingw32/8.2.0/../../../libmingwex.a(glob.o)
 .rdata$zzz     0x0040bdb8       0x14 c:/mingw/bin/../lib/gcc/mingw32/8.2.0/../../../libmingwex.a(dirname.o)
 .rdata$zzz     0x0040bdcc       0x14 c:/mingw/bin/../lib/gcc/mingw32/8.2.0/../../../libmingwex.a(dirent.o)
 .rdata$zzz     0x0040bde0       0x14 c:/mingw/bin/../lib/gcc/mingw32/8.2.0/crtend.o
                0x0040bdf4                . = ALIGN (0x4)
                0x0040bdf4                __rt_psrelocs_start = .
 *(.rdata_runtime_pseudo_reloc)
                0x0040bdf4                __rt_psrelocs_end = .
                0x00000000                __rt_psrelocs_size = (__rt_psrelocs_end - __rt_psrelocs_start)
                0x0040bdf4                ___RUNTIME_PSEUDO_RELOC_LIST_END__ = .
                0x0040bdf4                __RUNTIME_PSEUDO_RELOC_LIST_END__ = .
                0x0040bdf4                ___RUNTIME_PSEUDO_RELOC_LIST__ = (. - __rt_psrelocs_size)
                0x0040bdf4                __RUNTIME_PSEUDO_RELOC_LIST__ = (. - __rt_psrelocs_size)

.eh_frame       0x0040c000     0x1a00
 *(.eh_frame*)
 .eh_frame      0x0040c000       0xb8 c:/mingw/bin/../lib/gcc/mingw32/8.2.0/../../../crt2.o
 .eh_frame      0x0040c0b8       0x64 c:/mingw/bin/../lib/gcc/mingw32/8.2.0/crtbegin.o
                0x0040c0b8                __EH_FRAME_BEGIN__
 .eh_frame      0x0040c11c       0x98 CMakeFiles\i2c_master_test.dir/objects.a(main.c.obj)
 .eh_frame      0x0040c1b4      0x404 CMakeFiles\i2c_master_test.dir/objects.a(ut_i2c_master_test.c.obj)
 .eh_frame      0x0040c5b8      0x530 ../../../../lib/libunity.a(unity.c.obj)
 .eh_frame      0x0040cae8      0x1d8 ../../../../lib/libunity.a(unity_fixture.c.obj)
 .eh_frame      0x0040ccc0       0xe4 ../../../../lib/libi2c_drv_mock.a(ut_i2c_driver_mock.c.obj)
 .eh_frame      0x0040cda4       0xfc ../../../../lib/libcrf.a(chsm.c.obj)
 .eh_frame      0x0040cea0       0x7c ../../../../lib/libcrf.a(cpool.c.obj)
 .eh_frame      0x0040cf1c       0xf8 ../../../../lib/libcrf.a(cqueue.c.obj)
 .eh_frame      0x0040d014       0xdc ../../../../lib/libcrf.a(crf.c.obj)
 .eh_frame      0x0040d0f0       0x58 c:/mingw/bin/../lib/gcc/mingw32/8.2.0/../../../libmingw32.a(setargv.o)
 .eh_frame      0x0040d148       0x40 c:/mingw/bin/../lib/gcc/mingw32/8.2.0/../../../libmingw32.a(cpu_features.o)
 .eh_frame      0x0040d188       0x68 c:/mingw/bin/../lib/gcc/mingw32/8.2.0/../../../libmingw32.a(gccmain.o)
 .eh_frame      0x0040d1f0       0x94 c:/mingw/bin/../lib/gcc/mingw32/8.2.0/../../../libmingw32.a(tlssup.o)
 .eh_frame      0x0040d284      0x110 c:/mingw/bin/../lib/gcc/mingw32/8.2.0/../../../libmingw32.a(tlsthrd.o)
 .eh_frame      0x0040d394       0xf8 c:/mingw/bin/../lib/gcc/mingw32/8.2.0/../../../libmingw32.a(pseudo-reloc.o)
 .eh_frame      0x0040d48c       0x34 c:/mingw/bin/../lib/gcc/mingw32/8.2.0/../../../libmingwex.a(fesetenv.o)
 .eh_frame      0x0040d4c0       0x2c c:/mingw/bin/../lib/gcc/mingw32/8.2.0/../../../libmingwex.a(fpclassifyf.o)
 .eh_frame      0x0040d4ec       0x2c c:/mingw/bin/../lib/gcc/mingw32/8.2.0/../../../libmingwex.a(isnanf.o)
 .eh_frame      0x0040d518      0x244 c:/mingw/bin/../lib/gcc/mingw32/8.2.0/../../../libmingwex.a(glob.o)
 .eh_frame      0x0040d75c       0x48 c:/mingw/bin/../lib/gcc/mingw32/8.2.0/../../../libmingwex.a(dirname.o)
 .eh_frame      0x0040d7a4      0x1d8 c:/mingw/bin/../lib/gcc/mingw32/8.2.0/../../../libmingwex.a(dirent.o)
 .eh_frame      0x0040d97c       0x30 c:/mingw/bin/../lib/gcc/mingw32/8.2.0/crtend.o

.pdata
 *(.pdata*)

.bss            0x0040e000      0x69c
                0x0040e000                __bss_start__ = .
 *(.bss)
 .bss           0x0040e000        0x8 c:/mingw/bin/../lib/gcc/mingw32/8.2.0/../../../crt2.o
                0x0040e000                _argv
                0x0040e004                _argc
 .bss           0x0040e008       0x18 c:/mingw/bin/../lib/gcc/mingw32/8.2.0/crtbegin.o
 .bss           0x0040e020        0x0 CMakeFiles\i2c_master_test.dir/objects.a(main.c.obj)
 .bss           0x0040e020        0x0 CMakeFiles\i2c_master_test.dir/objects.a(ut_i2c_master_test.c.obj)
 .bss           0x0040e020        0x4 ../../../../lib/libunity.a(unity.c.obj)
 *fill*         0x0040e024       0x1c 
 .bss           0x0040e040       0x40 ../../../../lib/libunity.a(unity_fixture.c.obj)
 .bss           0x0040e080        0x0 ../../../../lib/libi2c_drv_mock.a(ut_i2c_driver_mock.c.obj)
 .bss           0x0040e080        0x0 ../../../../lib/libcrf.a(chsm.c.obj)
 .bss           0x0040e080        0x0 ../../../../lib/libcrf.a(cpool.c.obj)
 .bss           0x0040e080        0x0 ../../../../lib/libcrf.a(cqueue.c.obj)
 .bss           0x0040e080        0x0 ../../../../lib/libcrf.a(crf.c.obj)
 .bss           0x0040e080        0x0 c:/mingw/bin/../lib/gcc/mingw32/8.2.0/../../../libkernel32.a(dimos01131.o)
 .bss           0x0040e080        0x0 c:/mingw/bin/../lib/gcc/mingw32/8.2.0/../../../libkernel32.a(dimos00817.o)
 .bss           0x0040e080        0x0 c:/mingw/bin/../lib/gcc/mingw32/8.2.0/../../../libkernel32.a(dimos00577.o)
 .bss           0x0040e080        0x0 c:/mingw/bin/../lib/gcc/mingw32/8.2.0/../../../libkernel32.a(dimos00529.o)
 .bss           0x0040e080        0x0 c:/mingw/bin/../lib/gcc/mingw32/8.2.0/../../../libkernel32.a(dimos00352.o)
 .bss           0x0040e080        0x0 c:/mingw/bin/../lib/gcc/mingw32/8.2.0/../../../libkernel32.a(dimos00279.o)
 .bss           0x0040e080        0x0 c:/mingw/bin/../lib/gcc/mingw32/8.2.0/../../../libkernel32.a(dimoh.o)
 .bss           0x0040e080        0x0 c:/mingw/bin/../lib/gcc/mingw32/8.2.0/../../../libkernel32.a(dimot.o)
 .bss           0x0040e080        0x0 c:/mingw/bin/../lib/gcc/mingw32/8.2.0/../../../libmingw32.a(CRTglob.o)
 .bss           0x0040e080        0x0 c:/mingw/bin/../lib/gcc/mingw32/8.2.0/../../../libmingw32.a(setargv.o)
 .bss           0x0040e080        0x4 c:/mingw/bin/../lib/gcc/mingw32/8.2.0/../../../libmingw32.a(CRTfmode.o)
                0x0040e080                _CRT_fmode
 .bss           0x0040e084        0x4 c:/mingw/bin/../lib/gcc/mingw32/8.2.0/../../../libmingw32.a(cpu_features.o)
                0x0040e084                __cpu_features
 .bss           0x0040e088        0x0 c:/mingw/bin/../lib/gcc/mingw32/8.2.0/../../../libmingw32.a(CRT_fp10.o)
 .bss           0x0040e088        0x0 c:/mingw/bin/../lib/gcc/mingw32/8.2.0/../../../libmingw32.a(txtmode.o)
 .bss           0x0040e088        0x4 c:/mingw/bin/../lib/gcc/mingw32/8.2.0/../../../libmingw32.a(gccmain.o)
 .bss           0x0040e08c       0x10 c:/mingw/bin/../lib/gcc/mingw32/8.2.0/../../../libmingw32.a(tlssup.o)
                0x0040e08c                mingw_initltssuo_force
                0x0040e090                mingw_initltsdyn_force
                0x0040e094                mingw_initltsdrot_force
                0x0040e098                _tls_index
 .bss           0x0040e09c       0x20 c:/mingw/bin/../lib/gcc/mingw32/8.2.0/../../../libmingw32.a(tlsthrd.o)
 .bss           0x0040e0bc        0x4 c:/mingw/bin/../lib/gcc/mingw32/8.2.0/../../../libmingw32.a(pseudo-reloc.o)
 .bss           0x0040e0c0        0x4 c:/mingw/bin/../lib/gcc/mingw32/8.2.0/../../../libmingw32.a(pseudo-reloc-list.o)
 .bss           0x0040e0c4        0x4 c:/mingw/bin/../lib/gcc/mingw32/8.2.0/../../../libmingw32.a(crtst.o)
                0x0040e0c4                _CRT_MT
 .bss           0x0040e0c8        0x0 c:/mingw/bin/../lib/gcc/mingw32/8.2.0/libgcc.a(_chkstk_ms.o)
 .bss           0x0040e0c8        0x0 c:/mingw/bin/../lib/gcc/mingw32/8.2.0/libgcc.a(_ctors.o)
 .bss           0x0040e0c8        0x0 c:/mingw/bin/../lib/gcc/mingw32/8.2.0/../../../libmingwex.a(fesetenv.o)
 .bss           0x0040e0c8        0x0 c:/mingw/bin/../lib/gcc/mingw32/8.2.0/../../../libmingwex.a(fpclassifyf.o)
 .bss           0x0040e0c8        0x0 c:/mingw/bin/../lib/gcc/mingw32/8.2.0/../../../libmingwex.a(isnanf.o)
 .bss           0x0040e0c8        0x0 c:/mingw/bin/../lib/gcc/mingw32/8.2.0/../../../libmingwex.a(glob.o)
 .bss           0x0040e0c8        0x4 c:/mingw/bin/../lib/gcc/mingw32/8.2.0/../../../libmingwex.a(dirname.o)
 .bss           0x0040e0cc        0x0 c:/mingw/bin/../lib/gcc/mingw32/8.2.0/../../../libmingwex.a(dirent.o)
 .bss           0x0040e0cc        0x0 c:/mingw/bin/../lib/gcc/mingw32/8.2.0/../../../libmsvcrt.a(dupkbs01320.o)
 .bss           0x0040e0cc        0x0 c:/mingw/bin/../lib/gcc/mingw32/8.2.0/../../../libmsvcrt.a(dupkbs01279.o)
 .bss           0x0040e0cc        0x0 c:/mingw/bin/../lib/gcc/mingw32/8.2.0/../../../libmsvcrt.a(dupkbs01272.o)
 .bss           0x0040e0cc        0x0 c:/mingw/bin/../lib/gcc/mingw32/8.2.0/../../../libmsvcrt.a(dupkbs01253.o)
 .bss           0x0040e0cc        0x0 c:/mingw/bin/../lib/gcc/mingw32/8.2.0/../../../libmsvcrt.a(dupkbs01244.o)
 .bss           0x0040e0cc        0x0 c:/mingw/bin/../lib/gcc/mingw32/8.2.0/../../../libmsvcrt.a(dupkbs01237.o)
 .bss           0x0040e0cc        0x0 c:/mingw/bin/../lib/gcc/mingw32/8.2.0/../../../libmsvcrt.a(dupkbs01236.o)
 .bss           0x0040e0cc        0x0 c:/mingw/bin/../lib/gcc/mingw32/8.2.0/../../../libmsvcrt.a(dupkbs01224.o)
 .bss           0x0040e0cc        0x0 c:/mingw/bin/../lib/gcc/mingw32/8.2.0/../../../libmsvcrt.a(dupkbs01222.o)
 .bss           0x0040e0cc        0x0 c:/mingw/bin/../lib/gcc/mingw32/8.2.0/../../../libmsvcrt.a(dupkbs01215.o)
 .bss           0x0040e0cc        0x0 c:/mingw/bin/../lib/gcc/mingw32/8.2.0/../../../libmsvcrt.a(dupkbs01206.o)
 .bss           0x0040e0cc        0x0 c:/mingw/bin/../lib/gcc/mingw32/8.2.0/../../../libmsvcrt.a(dupkbs01198.o)
 .bss           0x0040e0cc        0x0 c:/mingw/bin/../lib/gcc/mingw32/8.2.0/../../../libmsvcrt.a(dupkbs01194.o)
 .bss           0x0040e0cc        0x0 c:/mingw/bin/../lib/gcc/mingw32/8.2.0/../../../libmsvcrt.a(dupkbs01189.o)
 .bss           0x0040e0cc        0x0 c:/mingw/bin/../lib/gcc/mingw32/8.2.0/../../../libmsvcrt.a(dupkbs01182.o)
 .bss           0x0040e0cc        0x0 c:/mingw/bin/../lib/gcc/mingw32/8.2.0/../../../libmsvcrt.a(dupkbs01181.o)
 .bss           0x0040e0cc        0x0 c:/mingw/bin/../lib/gcc/mingw32/8.2.0/../../../libmsvcrt.a(dupkbs01137.o)
 .bss           0x0040e0cc        0x0 c:/mingw/bin/../lib/gcc/mingw32/8.2.0/../../../libmsvcrt.a(dupkbs01126.o)
 .bss           0x0040e0cc        0x0 c:/mingw/bin/../lib/gcc/mingw32/8.2.0/../../../libmsvcrt.a(dupkbs01093.o)
 .bss           0x0040e0cc        0x0 c:/mingw/bin/../lib/gcc/mingw32/8.2.0/../../../libmsvcrt.a(dupkbs01086.o)
 .bss           0x0040e0cc        0x0 c:/mingw/bin/../lib/gcc/mingw32/8.2.0/../../../libmsvcrt.a(dupkbs01078.o)
 .bss           0x0040e0cc        0x0 c:/mingw/bin/../lib/gcc/mingw32/8.2.0/../../../libmsvcrt.a(dupkbs00748.o)
 .bss           0x0040e0cc        0x0 c:/mingw/bin/../lib/gcc/mingw32/8.2.0/../../../libmsvcrt.a(dupkbs00744.o)
 .bss           0x0040e0cc        0x0 c:/mingw/bin/../lib/gcc/mingw32/8.2.0/../../../libmsvcrt.a(dupkbs00693.o)
 .bss           0x0040e0cc        0x0 c:/mingw/bin/../lib/gcc/mingw32/8.2.0/../../../libmsvcrt.a(dupkbs00684.o)
 .bss           0x0040e0cc        0x0 c:/mingw/bin/../lib/gcc/mingw32/8.2.0/../../../libmsvcrt.a(dupkbs00417.o)
 .bss           0x0040e0cc        0x0 c:/mingw/bin/../lib/gcc/mingw32/8.2.0/../../../libmsvcrt.a(dupkbs00412.o)
 .bss           0x0040e0cc        0x0 c:/mingw/bin/../lib/gcc/mingw32/8.2.0/../../../libmsvcrt.a(dupkbs00345.o)
 .bss           0x0040e0cc        0x0 c:/mingw/bin/../lib/gcc/mingw32/8.2.0/../../../libmsvcrt.a(dupkbs00319.o)
 .bss           0x0040e0cc        0x0 c:/mingw/bin/../lib/gcc/mingw32/8.2.0/../../../libmsvcrt.a(dupkbs00280.o)
 .bss           0x0040e0cc        0x0 c:/mingw/bin/../lib/gcc/mingw32/8.2.0/../../../libmsvcrt.a(dupkbs00214.o)
 .bss           0x0040e0cc        0x0 c:/mingw/bin/../lib/gcc/mingw32/8.2.0/../../../libmsvcrt.a(dupkbs00153.o)
 .bss           0x0040e0cc        0x0 c:/mingw/bin/../lib/gcc/mingw32/8.2.0/../../../libmsvcrt.a(dupkbs00133.o)
 .bss           0x0040e0cc        0x0 c:/mingw/bin/../lib/gcc/mingw32/8.2.0/../../../libmsvcrt.a(dupkbs00131.o)
 .bss           0x0040e0cc        0x0 c:/mingw/bin/../lib/gcc/mingw32/8.2.0/../../../libmsvcrt.a(dupkbs00119.o)
 .bss           0x0040e0cc        0x0 c:/mingw/bin/../lib/gcc/mingw32/8.2.0/../../../libmsvcrt.a(dupkbs00088.o)
 .bss           0x0040e0cc        0x0 c:/mingw/bin/../lib/gcc/mingw32/8.2.0/../../../libmsvcrt.a(dupkbh.o)
 .bss           0x0040e0cc        0x0 c:/mingw/bin/../lib/gcc/mingw32/8.2.0/../../../libmsvcrt.a(dupkbt.o)
 .bss           0x0040e0cc        0x0 c:/mingw/bin/../lib/gcc/mingw32/8.2.0/../../../libkernel32.a(dimos01206.o)
 .bss           0x0040e0cc        0x0 c:/mingw/bin/../lib/gcc/mingw32/8.2.0/../../../libkernel32.a(dimos01204.o)
 .bss           0x0040e0cc        0x0 c:/mingw/bin/../lib/gcc/mingw32/8.2.0/../../../libkernel32.a(dimos01164.o)
 .bss           0x0040e0cc        0x0 c:/mingw/bin/../lib/gcc/mingw32/8.2.0/../../../libkernel32.a(dimos00814.o)
 .bss           0x0040e0cc        0x0 c:/mingw/bin/../lib/gcc/mingw32/8.2.0/../../../libkernel32.a(dimos00734.o)
 .bss           0x0040e0cc        0x0 c:/mingw/bin/../lib/gcc/mingw32/8.2.0/../../../libkernel32.a(dimos00510.o)
 .bss           0x0040e0cc        0x0 c:/mingw/bin/../lib/gcc/mingw32/8.2.0/../../../libkernel32.a(dimos00388.o)
 .bss           0x0040e0cc        0x0 c:/mingw/bin/../lib/gcc/mingw32/8.2.0/../../../libkernel32.a(dimos00321.o)
 .bss           0x0040e0cc        0x0 c:/mingw/bin/../lib/gcc/mingw32/8.2.0/../../../libkernel32.a(dimos00304.o)
 .bss           0x0040e0cc        0x0 c:/mingw/bin/../lib/gcc/mingw32/8.2.0/../../../libkernel32.a(dimos00300.o)
 .bss           0x0040e0cc        0x0 c:/mingw/bin/../lib/gcc/mingw32/8.2.0/../../../libkernel32.a(dimos00236.o)
 .bss           0x0040e0cc        0x0 c:/mingw/bin/../lib/gcc/mingw32/8.2.0/../../../libkernel32.a(dimos00207.o)
 .bss           0x0040e0cc        0x0 c:/mingw/bin/../lib/gcc/mingw32/8.2.0/../../../libmoldname.a(dugtbs00082.o)
 .bss           0x0040e0cc        0x0 c:/mingw/bin/../lib/gcc/mingw32/8.2.0/../../../libmoldname.a(dugtbs00080.o)
 .bss           0x0040e0cc        0x0 c:/mingw/bin/../lib/gcc/mingw32/8.2.0/../../../libmoldname.a(dugtbh.o)
 .bss           0x0040e0cc        0x0 c:/mingw/bin/../lib/gcc/mingw32/8.2.0/../../../libmoldname.a(dugtbt.o)
 .bss           0x0040e0cc        0x0 c:/mingw/bin/../lib/gcc/mingw32/8.2.0/crtend.o
 *(COMMON)
 COMMON         0x0040e0cc        0x4 c:/mingw/bin/../lib/gcc/mingw32/8.2.0/crtbegin.o
                0x0040e0cc                hmod_libgcc
 *fill*         0x0040e0d0       0x10 
 COMMON         0x0040e0e0      0x540 CMakeFiles\i2c_master_test.dir/objects.a(ut_i2c_master_test.c.obj)
                0x0040e0e0                events_apst
                0x0040e100                crf
                0x0040e120                pool_buff_au8
                0x0040e520                drv_mock_st
                0x0040e54c                pool_ast
                0x0040e560                i2c_master_st
                0x0040e5e0                q_st
                0x0040e600                i2c_master_events_apst
 COMMON         0x0040e620       0x68 ../../../../lib/libunity.a(unity.c.obj)
                0x0040e620                Unity
 COMMON         0x0040e688       0x14 ../../../../lib/libunity.a(unity_fixture.c.obj)
                0x0040e688                UnityFixture
 COMMON         0x0040e69c        0x0 c:/mingw/bin/../lib/gcc/mingw32/8.2.0/libgcc.a(_ctors.o)
                0x0040e69c                __bss_end__ = .

.edata
 *(.edata)

/DISCARD/
 *(.debug$S)
 *(.debug$T)
 *(.debug$F)
 *(.drectve)
 *(.note.GNU-stack)
 *(.gnu.lto_*)

.idata          0x0040f000      0x800
 SORT_BY_NAME(*)(.idata$2)
 .idata$2       0x0040f000       0x14 c:/mingw/bin/../lib/gcc/mingw32/8.2.0/../../../libkernel32.a(dimoh.o)
                0x0040f000                _head_libkernel32_a
 .idata$2       0x0040f014       0x14 c:/mingw/bin/../lib/gcc/mingw32/8.2.0/../../../libmoldname.a(dugtbh.o)
                0x0040f014                _head_libmoldname_a
 .idata$2       0x0040f028       0x14 c:/mingw/bin/../lib/gcc/mingw32/8.2.0/../../../libmsvcrt.a(dupkbh.o)
                0x0040f028                _head_libmsvcrt_a
 SORT_BY_NAME(*)(.idata$3)
                0x0040f03c        0x4 LONG 0x0
                0x0040f040        0x4 LONG 0x0
                0x0040f044        0x4 LONG 0x0
                0x0040f048        0x4 LONG 0x0
                0x0040f04c        0x4 LONG 0x0
 SORT_BY_NAME(*)(.idata$4)
 .idata$4       0x0040f050        0x0 c:/mingw/bin/../lib/gcc/mingw32/8.2.0/../../../libkernel32.a(dimoh.o)
 .idata$4       0x0040f050        0x4 c:/mingw/bin/../lib/gcc/mingw32/8.2.0/../../../libkernel32.a(dimos00207.o)
 .idata$4       0x0040f054        0x4 c:/mingw/bin/../lib/gcc/mingw32/8.2.0/../../../libkernel32.a(dimos00236.o)
 .idata$4       0x0040f058        0x4 c:/mingw/bin/../lib/gcc/mingw32/8.2.0/../../../libkernel32.a(dimos00279.o)
 .idata$4       0x0040f05c        0x4 c:/mingw/bin/../lib/gcc/mingw32/8.2.0/../../../libkernel32.a(dimos00300.o)
 .idata$4       0x0040f060        0x4 c:/mingw/bin/../lib/gcc/mingw32/8.2.0/../../../libkernel32.a(dimos00304.o)
 .idata$4       0x0040f064        0x4 c:/mingw/bin/../lib/gcc/mingw32/8.2.0/../../../libkernel32.a(dimos00321.o)
 .idata$4       0x0040f068        0x4 c:/mingw/bin/../lib/gcc/mingw32/8.2.0/../../../libkernel32.a(dimos00352.o)
 .idata$4       0x0040f06c        0x4 c:/mingw/bin/../lib/gcc/mingw32/8.2.0/../../../libkernel32.a(dimos00388.o)
 .idata$4       0x0040f070        0x4 c:/mingw/bin/../lib/gcc/mingw32/8.2.0/../../../libkernel32.a(dimos00510.o)
 .idata$4       0x0040f074        0x4 c:/mingw/bin/../lib/gcc/mingw32/8.2.0/../../../libkernel32.a(dimos00529.o)
 .idata$4       0x0040f078        0x4 c:/mingw/bin/../lib/gcc/mingw32/8.2.0/../../../libkernel32.a(dimos00577.o)
 .idata$4       0x0040f07c        0x4 c:/mingw/bin/../lib/gcc/mingw32/8.2.0/../../../libkernel32.a(dimos00734.o)
 .idata$4       0x0040f080        0x4 c:/mingw/bin/../lib/gcc/mingw32/8.2.0/../../../libkernel32.a(dimos00814.o)
 .idata$4       0x0040f084        0x4 c:/mingw/bin/../lib/gcc/mingw32/8.2.0/../../../libkernel32.a(dimos00817.o)
 .idata$4       0x0040f088        0x4 c:/mingw/bin/../lib/gcc/mingw32/8.2.0/../../../libkernel32.a(dimos01131.o)
 .idata$4       0x0040f08c        0x4 c:/mingw/bin/../lib/gcc/mingw32/8.2.0/../../../libkernel32.a(dimos01164.o)
 .idata$4       0x0040f090        0x4 c:/mingw/bin/../lib/gcc/mingw32/8.2.0/../../../libkernel32.a(dimos01204.o)
 .idata$4       0x0040f094        0x4 c:/mingw/bin/../lib/gcc/mingw32/8.2.0/../../../libkernel32.a(dimos01206.o)
 .idata$4       0x0040f098        0x4 c:/mingw/bin/../lib/gcc/mingw32/8.2.0/../../../libkernel32.a(dimot.o)
 .idata$4       0x0040f09c        0x0 c:/mingw/bin/../lib/gcc/mingw32/8.2.0/../../../libmoldname.a(dugtbh.o)
 .idata$4       0x0040f09c        0x4 c:/mingw/bin/../lib/gcc/mingw32/8.2.0/../../../libmoldname.a(dugtbs00080.o)
 .idata$4       0x0040f0a0        0x4 c:/mingw/bin/../lib/gcc/mingw32/8.2.0/../../../libmoldname.a(dugtbs00082.o)
 .idata$4       0x0040f0a4        0x4 c:/mingw/bin/../lib/gcc/mingw32/8.2.0/../../../libmoldname.a(dugtbt.o)
 .idata$4       0x0040f0a8        0x0 c:/mingw/bin/../lib/gcc/mingw32/8.2.0/../../../libmsvcrt.a(dupkbh.o)
 .idata$4       0x0040f0a8        0x4 c:/mingw/bin/../lib/gcc/mingw32/8.2.0/../../../libmsvcrt.a(dupkbs00088.o)
 .idata$4       0x0040f0ac        0x4 c:/mingw/bin/../lib/gcc/mingw32/8.2.0/../../../libmsvcrt.a(dupkbs00119.o)
 .idata$4       0x0040f0b0        0x4 c:/mingw/bin/../lib/gcc/mingw32/8.2.0/../../../libmsvcrt.a(dupkbs00131.o)
 .idata$4       0x0040f0b4        0x4 c:/mingw/bin/../lib/gcc/mingw32/8.2.0/../../../libmsvcrt.a(dupkbs00133.o)
 .idata$4       0x0040f0b8        0x4 c:/mingw/bin/../lib/gcc/mingw32/8.2.0/../../../libmsvcrt.a(dupkbs00153.o)
 .idata$4       0x0040f0bc        0x4 c:/mingw/bin/../lib/gcc/mingw32/8.2.0/../../../libmsvcrt.a(dupkbs00214.o)
 .idata$4       0x0040f0c0        0x4 c:/mingw/bin/../lib/gcc/mingw32/8.2.0/../../../libmsvcrt.a(dupkbs00280.o)
 .idata$4       0x0040f0c4        0x4 c:/mingw/bin/../lib/gcc/mingw32/8.2.0/../../../libmsvcrt.a(dupkbs00319.o)
 .idata$4       0x0040f0c8        0x4 c:/mingw/bin/../lib/gcc/mingw32/8.2.0/../../../libmsvcrt.a(dupkbs00345.o)
 .idata$4       0x0040f0cc        0x4 c:/mingw/bin/../lib/gcc/mingw32/8.2.0/../../../libmsvcrt.a(dupkbs00412.o)
 .idata$4       0x0040f0d0        0x4 c:/mingw/bin/../lib/gcc/mingw32/8.2.0/../../../libmsvcrt.a(dupkbs00417.o)
 .idata$4       0x0040f0d4        0x4 c:/mingw/bin/../lib/gcc/mingw32/8.2.0/../../../libmsvcrt.a(dupkbs00684.o)
 .idata$4       0x0040f0d8        0x4 c:/mingw/bin/../lib/gcc/mingw32/8.2.0/../../../libmsvcrt.a(dupkbs00693.o)
 .idata$4       0x0040f0dc        0x4 c:/mingw/bin/../lib/gcc/mingw32/8.2.0/../../../libmsvcrt.a(dupkbs00744.o)
 .idata$4       0x0040f0e0        0x4 c:/mingw/bin/../lib/gcc/mingw32/8.2.0/../../../libmsvcrt.a(dupkbs00748.o)
 .idata$4       0x0040f0e4        0x4 c:/mingw/bin/../lib/gcc/mingw32/8.2.0/../../../libmsvcrt.a(dupkbs01078.o)
 .idata$4       0x0040f0e8        0x4 c:/mingw/bin/../lib/gcc/mingw32/8.2.0/../../../libmsvcrt.a(dupkbs01086.o)
 .idata$4       0x0040f0ec        0x4 c:/mingw/bin/../lib/gcc/mingw32/8.2.0/../../../libmsvcrt.a(dupkbs01093.o)
 .idata$4       0x0040f0f0        0x4 c:/mingw/bin/../lib/gcc/mingw32/8.2.0/../../../libmsvcrt.a(dupkbs01126.o)
 .idata$4       0x0040f0f4        0x4 c:/mingw/bin/../lib/gcc/mingw32/8.2.0/../../../libmsvcrt.a(dupkbs01137.o)
 .idata$4       0x0040f0f8        0x4 c:/mingw/bin/../lib/gcc/mingw32/8.2.0/../../../libmsvcrt.a(dupkbs01181.o)
 .idata$4       0x0040f0fc        0x4 c:/mingw/bin/../lib/gcc/mingw32/8.2.0/../../../libmsvcrt.a(dupkbs01182.o)
 .idata$4       0x0040f100        0x4 c:/mingw/bin/../lib/gcc/mingw32/8.2.0/../../../libmsvcrt.a(dupkbs01189.o)
 .idata$4       0x0040f104        0x4 c:/mingw/bin/../lib/gcc/mingw32/8.2.0/../../../libmsvcrt.a(dupkbs01194.o)
 .idata$4       0x0040f108        0x4 c:/mingw/bin/../lib/gcc/mingw32/8.2.0/../../../libmsvcrt.a(dupkbs01198.o)
 .idata$4       0x0040f10c        0x4 c:/mingw/bin/../lib/gcc/mingw32/8.2.0/../../../libmsvcrt.a(dupkbs01206.o)
 .idata$4       0x0040f110        0x4 c:/mingw/bin/../lib/gcc/mingw32/8.2.0/../../../libmsvcrt.a(dupkbs01215.o)
 .idata$4       0x0040f114        0x4 c:/mingw/bin/../lib/gcc/mingw32/8.2.0/../../../libmsvcrt.a(dupkbs01222.o)
 .idata$4       0x0040f118        0x4 c:/mingw/bin/../lib/gcc/mingw32/8.2.0/../../../libmsvcrt.a(dupkbs01224.o)
 .idata$4       0x0040f11c        0x4 c:/mingw/bin/../lib/gcc/mingw32/8.2.0/../../../libmsvcrt.a(dupkbs01236.o)
 .idata$4       0x0040f120        0x4 c:/mingw/bin/../lib/gcc/mingw32/8.2.0/../../../libmsvcrt.a(dupkbs01237.o)
 .idata$4       0x0040f124        0x4 c:/mingw/bin/../lib/gcc/mingw32/8.2.0/../../../libmsvcrt.a(dupkbs01244.o)
 .idata$4       0x0040f128        0x4 c:/mingw/bin/../lib/gcc/mingw32/8.2.0/../../../libmsvcrt.a(dupkbs01253.o)
 .idata$4       0x0040f12c        0x4 c:/mingw/bin/../lib/gcc/mingw32/8.2.0/../../../libmsvcrt.a(dupkbs01272.o)
 .idata$4       0x0040f130        0x4 c:/mingw/bin/../lib/gcc/mingw32/8.2.0/../../../libmsvcrt.a(dupkbs01279.o)
 .idata$4       0x0040f134        0x4 c:/mingw/bin/../lib/gcc/mingw32/8.2.0/../../../libmsvcrt.a(dupkbs01320.o)
 .idata$4       0x0040f138        0x4 c:/mingw/bin/../lib/gcc/mingw32/8.2.0/../../../libmsvcrt.a(dupkbt.o)
                0x0040f13c                __IAT_start__ = .
 SORT_BY_NAME(*)(.idata$5)
 .idata$5       0x0040f13c        0x0 c:/mingw/bin/../lib/gcc/mingw32/8.2.0/../../../libkernel32.a(dimoh.o)
 .idata$5       0x0040f13c        0x4 c:/mingw/bin/../lib/gcc/mingw32/8.2.0/../../../libkernel32.a(dimos00207.o)
                0x0040f13c                _imp__DeleteCriticalSection@4
 .idata$5       0x0040f140        0x4 c:/mingw/bin/../lib/gcc/mingw32/8.2.0/../../../libkernel32.a(dimos00236.o)
                0x0040f140                _imp__EnterCriticalSection@4
 .idata$5       0x0040f144        0x4 c:/mingw/bin/../lib/gcc/mingw32/8.2.0/../../../libkernel32.a(dimos00279.o)
                0x0040f144                _imp__ExitProcess@4
 .idata$5       0x0040f148        0x4 c:/mingw/bin/../lib/gcc/mingw32/8.2.0/../../../libkernel32.a(dimos00300.o)
                0x0040f148                _imp__FindClose@4
 .idata$5       0x0040f14c        0x4 c:/mingw/bin/../lib/gcc/mingw32/8.2.0/../../../libkernel32.a(dimos00304.o)
                0x0040f14c                _imp__FindFirstFileA@8
 .idata$5       0x0040f150        0x4 c:/mingw/bin/../lib/gcc/mingw32/8.2.0/../../../libkernel32.a(dimos00321.o)
                0x0040f150                _imp__FindNextFileA@8
 .idata$5       0x0040f154        0x4 c:/mingw/bin/../lib/gcc/mingw32/8.2.0/../../../libkernel32.a(dimos00352.o)
                0x0040f154                _imp__FreeLibrary@4
 .idata$5       0x0040f158        0x4 c:/mingw/bin/../lib/gcc/mingw32/8.2.0/../../../libkernel32.a(dimos00388.o)
                0x0040f158                _imp__GetCommandLineA@0
 .idata$5       0x0040f15c        0x4 c:/mingw/bin/../lib/gcc/mingw32/8.2.0/../../../libkernel32.a(dimos00510.o)
                0x0040f15c                _imp__GetLastError@0
 .idata$5       0x0040f160        0x4 c:/mingw/bin/../lib/gcc/mingw32/8.2.0/../../../libkernel32.a(dimos00529.o)
                0x0040f160                _imp__GetModuleHandleA@4
 .idata$5       0x0040f164        0x4 c:/mingw/bin/../lib/gcc/mingw32/8.2.0/../../../libkernel32.a(dimos00577.o)
                0x0040f164                _imp__GetProcAddress@8
 .idata$5       0x0040f168        0x4 c:/mingw/bin/../lib/gcc/mingw32/8.2.0/../../../libkernel32.a(dimos00734.o)
                0x0040f168                _imp__InitializeCriticalSection@4
 .idata$5       0x0040f16c        0x4 c:/mingw/bin/../lib/gcc/mingw32/8.2.0/../../../libkernel32.a(dimos00814.o)
                0x0040f16c                _imp__LeaveCriticalSection@4
 .idata$5       0x0040f170        0x4 c:/mingw/bin/../lib/gcc/mingw32/8.2.0/../../../libkernel32.a(dimos00817.o)
                0x0040f170                _imp__LoadLibraryA@4
 .idata$5       0x0040f174        0x4 c:/mingw/bin/../lib/gcc/mingw32/8.2.0/../../../libkernel32.a(dimos01131.o)
                0x0040f174                _imp__SetUnhandledExceptionFilter@4
 .idata$5       0x0040f178        0x4 c:/mingw/bin/../lib/gcc/mingw32/8.2.0/../../../libkernel32.a(dimos01164.o)
                0x0040f178                _imp__TlsGetValue@4
 .idata$5       0x0040f17c        0x4 c:/mingw/bin/../lib/gcc/mingw32/8.2.0/../../../libkernel32.a(dimos01204.o)
                0x0040f17c                _imp__VirtualProtect@16
 .idata$5       0x0040f180        0x4 c:/mingw/bin/../lib/gcc/mingw32/8.2.0/../../../libkernel32.a(dimos01206.o)
                0x0040f180                _imp__VirtualQuery@12
 .idata$5       0x0040f184        0x4 c:/mingw/bin/../lib/gcc/mingw32/8.2.0/../../../libkernel32.a(dimot.o)
 .idata$5       0x0040f188        0x0 c:/mingw/bin/../lib/gcc/mingw32/8.2.0/../../../libmoldname.a(dugtbh.o)
 .idata$5       0x0040f188        0x4 c:/mingw/bin/../lib/gcc/mingw32/8.2.0/../../../libmoldname.a(dugtbs00080.o)
                0x0040f188                _imp__strdup
 .idata$5       0x0040f18c        0x4 c:/mingw/bin/../lib/gcc/mingw32/8.2.0/../../../libmoldname.a(dugtbs00082.o)
                0x0040f18c                _imp__stricoll
 .idata$5       0x0040f190        0x4 c:/mingw/bin/../lib/gcc/mingw32/8.2.0/../../../libmoldname.a(dugtbt.o)
 .idata$5       0x0040f194        0x0 c:/mingw/bin/../lib/gcc/mingw32/8.2.0/../../../libmsvcrt.a(dupkbh.o)
 .idata$5       0x0040f194        0x4 c:/mingw/bin/../lib/gcc/mingw32/8.2.0/../../../libmsvcrt.a(dupkbs00088.o)
                0x0040f194                _imp____getmainargs
 .idata$5       0x0040f198        0x4 c:/mingw/bin/../lib/gcc/mingw32/8.2.0/../../../libmsvcrt.a(dupkbs00119.o)
                0x0040f198                _imp____mb_cur_max
 .idata$5       0x0040f19c        0x4 c:/mingw/bin/../lib/gcc/mingw32/8.2.0/../../../libmsvcrt.a(dupkbs00131.o)
                0x0040f19c                _imp____p__environ
 .idata$5       0x0040f1a0        0x4 c:/mingw/bin/../lib/gcc/mingw32/8.2.0/../../../libmsvcrt.a(dupkbs00133.o)
                0x0040f1a0                _imp____p__fmode
 .idata$5       0x0040f1a4        0x4 c:/mingw/bin/../lib/gcc/mingw32/8.2.0/../../../libmsvcrt.a(dupkbs00153.o)
                0x0040f1a4                _imp____set_app_type
 .idata$5       0x0040f1a8        0x4 c:/mingw/bin/../lib/gcc/mingw32/8.2.0/../../../libmsvcrt.a(dupkbs00214.o)
                0x0040f1a8                _imp___cexit
 .idata$5       0x0040f1ac        0x4 c:/mingw/bin/../lib/gcc/mingw32/8.2.0/../../../libmsvcrt.a(dupkbs00280.o)
                0x0040f1ac                _imp___errno
 .idata$5       0x0040f1b0        0x4 c:/mingw/bin/../lib/gcc/mingw32/8.2.0/../../../libmsvcrt.a(dupkbs00319.o)
                0x0040f1b0                _imp___fpreset
 .idata$5       0x0040f1b4        0x4 c:/mingw/bin/../lib/gcc/mingw32/8.2.0/../../../libmsvcrt.a(dupkbs00345.o)
                0x0040f1b4                _imp___fullpath
 .idata$5       0x0040f1b8        0x4 c:/mingw/bin/../lib/gcc/mingw32/8.2.0/../../../libmsvcrt.a(dupkbs00412.o)
                0x0040f1b8                _imp___iob
 .idata$5       0x0040f1bc        0x4 c:/mingw/bin/../lib/gcc/mingw32/8.2.0/../../../libmsvcrt.a(dupkbs00417.o)
                0x0040f1bc                _imp___isctype
 .idata$5       0x0040f1c0        0x4 c:/mingw/bin/../lib/gcc/mingw32/8.2.0/../../../libmsvcrt.a(dupkbs00684.o)
                0x0040f1c0                _imp___onexit
 .idata$5       0x0040f1c4        0x4 c:/mingw/bin/../lib/gcc/mingw32/8.2.0/../../../libmsvcrt.a(dupkbs00693.o)
                0x0040f1c4                _imp___pctype
 .idata$5       0x0040f1c8        0x4 c:/mingw/bin/../lib/gcc/mingw32/8.2.0/../../../libmsvcrt.a(dupkbs00744.o)
                0x0040f1c8                _imp___setjmp
 .idata$5       0x0040f1cc        0x4 c:/mingw/bin/../lib/gcc/mingw32/8.2.0/../../../libmsvcrt.a(dupkbs00748.o)
                0x0040f1cc                _imp___setmode
 .idata$5       0x0040f1d0        0x4 c:/mingw/bin/../lib/gcc/mingw32/8.2.0/../../../libmsvcrt.a(dupkbs01078.o)
                0x0040f1d0                _imp__abort
 .idata$5       0x0040f1d4        0x4 c:/mingw/bin/../lib/gcc/mingw32/8.2.0/../../../libmsvcrt.a(dupkbs01086.o)
                0x0040f1d4                _imp__atexit
 .idata$5       0x0040f1d8        0x4 c:/mingw/bin/../lib/gcc/mingw32/8.2.0/../../../libmsvcrt.a(dupkbs01093.o)
                0x0040f1d8                _imp__calloc
 .idata$5       0x0040f1dc        0x4 c:/mingw/bin/../lib/gcc/mingw32/8.2.0/../../../libmsvcrt.a(dupkbs01126.o)
                0x0040f1dc                _imp__free
 .idata$5       0x0040f1e0        0x4 c:/mingw/bin/../lib/gcc/mingw32/8.2.0/../../../libmsvcrt.a(dupkbs01137.o)
                0x0040f1e0                _imp__fwrite
 .idata$5       0x0040f1e4        0x4 c:/mingw/bin/../lib/gcc/mingw32/8.2.0/../../../libmsvcrt.a(dupkbs01181.o)
                0x0040f1e4                _imp__longjmp
 .idata$5       0x0040f1e8        0x4 c:/mingw/bin/../lib/gcc/mingw32/8.2.0/../../../libmsvcrt.a(dupkbs01182.o)
                0x0040f1e8                _imp__malloc
 .idata$5       0x0040f1ec        0x4 c:/mingw/bin/../lib/gcc/mingw32/8.2.0/../../../libmsvcrt.a(dupkbs01189.o)
                0x0040f1ec                _imp__mbstowcs
 .idata$5       0x0040f1f0        0x4 c:/mingw/bin/../lib/gcc/mingw32/8.2.0/../../../libmsvcrt.a(dupkbs01194.o)
                0x0040f1f0                _imp__memcpy
 .idata$5       0x0040f1f4        0x4 c:/mingw/bin/../lib/gcc/mingw32/8.2.0/../../../libmsvcrt.a(dupkbs01198.o)
                0x0040f1f4                _imp__memset
 .idata$5       0x0040f1f8        0x4 c:/mingw/bin/../lib/gcc/mingw32/8.2.0/../../../libmsvcrt.a(dupkbs01206.o)
                0x0040f1f8                _imp__putchar
 .idata$5       0x0040f1fc        0x4 c:/mingw/bin/../lib/gcc/mingw32/8.2.0/../../../libmsvcrt.a(dupkbs01215.o)
                0x0040f1fc                _imp__realloc
 .idata$5       0x0040f200        0x4 c:/mingw/bin/../lib/gcc/mingw32/8.2.0/../../../libmsvcrt.a(dupkbs01222.o)
                0x0040f200                _imp__setlocale
 .idata$5       0x0040f204        0x4 c:/mingw/bin/../lib/gcc/mingw32/8.2.0/../../../libmsvcrt.a(dupkbs01224.o)
                0x0040f204                _imp__signal
 .idata$5       0x0040f208        0x4 c:/mingw/bin/../lib/gcc/mingw32/8.2.0/../../../libmsvcrt.a(dupkbs01236.o)
                0x0040f208                _imp__strcmp
 .idata$5       0x0040f20c        0x4 c:/mingw/bin/../lib/gcc/mingw32/8.2.0/../../../libmsvcrt.a(dupkbs01237.o)
                0x0040f20c                _imp__strcoll
 .idata$5       0x0040f210        0x4 c:/mingw/bin/../lib/gcc/mingw32/8.2.0/../../../libmsvcrt.a(dupkbs01244.o)
                0x0040f210                _imp__strlen
 .idata$5       0x0040f214        0x4 c:/mingw/bin/../lib/gcc/mingw32/8.2.0/../../../libmsvcrt.a(dupkbs01253.o)
                0x0040f214                _imp__strstr
 .idata$5       0x0040f218        0x4 c:/mingw/bin/../lib/gcc/mingw32/8.2.0/../../../libmsvcrt.a(dupkbs01272.o)
                0x0040f218                _imp__tolower
 .idata$5       0x0040f21c        0x4 c:/mingw/bin/../lib/gcc/mingw32/8.2.0/../../../libmsvcrt.a(dupkbs01279.o)
                0x0040f21c                _imp__vfprintf
 .idata$5       0x0040f220        0x4 c:/mingw/bin/../lib/gcc/mingw32/8.2.0/../../../libmsvcrt.a(dupkbs01320.o)
                0x0040f220                _imp__wcstombs
 .idata$5       0x0040f224        0x4 c:/mingw/bin/../lib/gcc/mingw32/8.2.0/../../../libmsvcrt.a(dupkbt.o)
                0x0040f228                __IAT_end__ = .
 SORT_BY_NAME(*)(.idata$6)
 .idata$6       0x0040f228       0x18 c:/mingw/bin/../lib/gcc/mingw32/8.2.0/../../../libkernel32.a(dimos00207.o)
 .idata$6       0x0040f240       0x18 c:/mingw/bin/../lib/gcc/mingw32/8.2.0/../../../libkernel32.a(dimos00236.o)
 .idata$6       0x0040f258        0xe c:/mingw/bin/../lib/gcc/mingw32/8.2.0/../../../libkernel32.a(dimos00279.o)
 .idata$6       0x0040f266        0xc c:/mingw/bin/../lib/gcc/mingw32/8.2.0/../../../libkernel32.a(dimos00300.o)
 .idata$6       0x0040f272       0x12 c:/mingw/bin/../lib/gcc/mingw32/8.2.0/../../../libkernel32.a(dimos00304.o)
 .idata$6       0x0040f284       0x10 c:/mingw/bin/../lib/gcc/mingw32/8.2.0/../../../libkernel32.a(dimos00321.o)
 .idata$6       0x0040f294        0xe c:/mingw/bin/../lib/gcc/mingw32/8.2.0/../../../libkernel32.a(dimos00352.o)
 .idata$6       0x0040f2a2       0x12 c:/mingw/bin/../lib/gcc/mingw32/8.2.0/../../../libkernel32.a(dimos00388.o)
 .idata$6       0x0040f2b4       0x10 c:/mingw/bin/../lib/gcc/mingw32/8.2.0/../../../libkernel32.a(dimos00510.o)
 .idata$6       0x0040f2c4       0x14 c:/mingw/bin/../lib/gcc/mingw32/8.2.0/../../../libkernel32.a(dimos00529.o)
 .idata$6       0x0040f2d8       0x12 c:/mingw/bin/../lib/gcc/mingw32/8.2.0/../../../libkernel32.a(dimos00577.o)
 .idata$6       0x0040f2ea       0x1c c:/mingw/bin/../lib/gcc/mingw32/8.2.0/../../../libkernel32.a(dimos00734.o)
 .idata$6       0x0040f306       0x18 c:/mingw/bin/../lib/gcc/mingw32/8.2.0/../../../libkernel32.a(dimos00814.o)
 .idata$6       0x0040f31e       0x10 c:/mingw/bin/../lib/gcc/mingw32/8.2.0/../../../libkernel32.a(dimos00817.o)
 .idata$6       0x0040f32e       0x1e c:/mingw/bin/../lib/gcc/mingw32/8.2.0/../../../libkernel32.a(dimos01131.o)
 .idata$6       0x0040f34c        0xe c:/mingw/bin/../lib/gcc/mingw32/8.2.0/../../../libkernel32.a(dimos01164.o)
 .idata$6       0x0040f35a       0x12 c:/mingw/bin/../lib/gcc/mingw32/8.2.0/../../../libkernel32.a(dimos01204.o)
 .idata$6       0x0040f36c       0x10 c:/mingw/bin/../lib/gcc/mingw32/8.2.0/../../../libkernel32.a(dimos01206.o)
 .idata$6       0x0040f37c        0xa c:/mingw/bin/../lib/gcc/mingw32/8.2.0/../../../libmoldname.a(dugtbs00080.o)
 .idata$6       0x0040f386        0xc c:/mingw/bin/../lib/gcc/mingw32/8.2.0/../../../libmoldname.a(dugtbs00082.o)
 .idata$6       0x0040f392       0x10 c:/mingw/bin/../lib/gcc/mingw32/8.2.0/../../../libmsvcrt.a(dupkbs00088.o)
 .idata$6       0x0040f3a2       0x10 c:/mingw/bin/../lib/gcc/mingw32/8.2.0/../../../libmsvcrt.a(dupkbs00119.o)
 .idata$6       0x0040f3b2       0x10 c:/mingw/bin/../lib/gcc/mingw32/8.2.0/../../../libmsvcrt.a(dupkbs00131.o)
 .idata$6       0x0040f3c2        0xe c:/mingw/bin/../lib/gcc/mingw32/8.2.0/../../../libmsvcrt.a(dupkbs00133.o)
 .idata$6       0x0040f3d0       0x12 c:/mingw/bin/../lib/gcc/mingw32/8.2.0/../../../libmsvcrt.a(dupkbs00153.o)
 .idata$6       0x0040f3e2        0xa c:/mingw/bin/../lib/gcc/mingw32/8.2.0/../../../libmsvcrt.a(dupkbs00214.o)
 .idata$6       0x0040f3ec        0xa c:/mingw/bin/../lib/gcc/mingw32/8.2.0/../../../libmsvcrt.a(dupkbs00280.o)
 .idata$6       0x0040f3f6        0xc c:/mingw/bin/../lib/gcc/mingw32/8.2.0/../../../libmsvcrt.a(dupkbs00319.o)
 .idata$6       0x0040f402        0xc c:/mingw/bin/../lib/gcc/mingw32/8.2.0/../../../libmsvcrt.a(dupkbs00345.o)
 .idata$6       0x0040f40e        0x8 c:/mingw/bin/../lib/gcc/mingw32/8.2.0/../../../libmsvcrt.a(dupkbs00412.o)
 .idata$6       0x0040f416        0xc c:/mingw/bin/../lib/gcc/mingw32/8.2.0/../../../libmsvcrt.a(dupkbs00417.o)
 .idata$6       0x0040f422        0xa c:/mingw/bin/../lib/gcc/mingw32/8.2.0/../../../libmsvcrt.a(dupkbs00684.o)
 .idata$6       0x0040f42c        0xa c:/mingw/bin/../lib/gcc/mingw32/8.2.0/../../../libmsvcrt.a(dupkbs00693.o)
 .idata$6       0x0040f436        0xa c:/mingw/bin/../lib/gcc/mingw32/8.2.0/../../../libmsvcrt.a(dupkbs00744.o)
 .idata$6       0x0040f440        0xc c:/mingw/bin/../lib/gcc/mingw32/8.2.0/../../../libmsvcrt.a(dupkbs00748.o)
 .idata$6       0x0040f44c        0x8 c:/mingw/bin/../lib/gcc/mingw32/8.2.0/../../../libmsvcrt.a(dupkbs01078.o)
 .idata$6       0x0040f454        0xa c:/mingw/bin/../lib/gcc/mingw32/8.2.0/../../../libmsvcrt.a(dupkbs01086.o)
 .idata$6       0x0040f45e        0xa c:/mingw/bin/../lib/gcc/mingw32/8.2.0/../../../libmsvcrt.a(dupkbs01093.o)
 .idata$6       0x0040f468        0x8 c:/mingw/bin/../lib/gcc/mingw32/8.2.0/../../../libmsvcrt.a(dupkbs01126.o)
 .idata$6       0x0040f470        0xa c:/mingw/bin/../lib/gcc/mingw32/8.2.0/../../../libmsvcrt.a(dupkbs01137.o)
 .idata$6       0x0040f47a        0xa c:/mingw/bin/../lib/gcc/mingw32/8.2.0/../../../libmsvcrt.a(dupkbs01181.o)
 .idata$6       0x0040f484        0xa c:/mingw/bin/../lib/gcc/mingw32/8.2.0/../../../libmsvcrt.a(dupkbs01182.o)
 .idata$6       0x0040f48e        0xc c:/mingw/bin/../lib/gcc/mingw32/8.2.0/../../../libmsvcrt.a(dupkbs01189.o)
 .idata$6       0x0040f49a        0xa c:/mingw/bin/../lib/gcc/mingw32/8.2.0/../../../libmsvcrt.a(dupkbs01194.o)
 .idata$6       0x0040f4a4        0xa c:/mingw/bin/../lib/gcc/mingw32/8.2.0/../../../libmsvcrt.a(dupkbs01198.o)
 .idata$6       0x0040f4ae        0xa c:/mingw/bin/../lib/gcc/mingw32/8.2.0/../../../libmsvcrt.a(dupkbs01206.o)
 .idata$6       0x0040f4b8        0xa c:/mingw/bin/../lib/gcc/mingw32/8.2.0/../../../libmsvcrt.a(dupkbs01215.o)
 .idata$6       0x0040f4c2        0xc c:/mingw/bin/../lib/gcc/mingw32/8.2.0/../../../libmsvcrt.a(dupkbs01222.o)
 .idata$6       0x0040f4ce        0xa c:/mingw/bin/../lib/gcc/mingw32/8.2.0/../../../libmsvcrt.a(dupkbs01224.o)
 .idata$6       0x0040f4d8        0xa c:/mingw/bin/../lib/gcc/mingw32/8.2.0/../../../libmsvcrt.a(dupkbs01236.o)
 .idata$6       0x0040f4e2        0xa c:/mingw/bin/../lib/gcc/mingw32/8.2.0/../../../libmsvcrt.a(dupkbs01237.o)
 .idata$6       0x0040f4ec        0xa c:/mingw/bin/../lib/gcc/mingw32/8.2.0/../../../libmsvcrt.a(dupkbs01244.o)
 .idata$6       0x0040f4f6        0xa c:/mingw/bin/../lib/gcc/mingw32/8.2.0/../../../libmsvcrt.a(dupkbs01253.o)
 .idata$6       0x0040f500        0xa c:/mingw/bin/../lib/gcc/mingw32/8.2.0/../../../libmsvcrt.a(dupkbs01272.o)
 .idata$6       0x0040f50a        0xc c:/mingw/bin/../lib/gcc/mingw32/8.2.0/../../../libmsvcrt.a(dupkbs01279.o)
 .idata$6       0x0040f516        0xc c:/mingw/bin/../lib/gcc/mingw32/8.2.0/../../../libmsvcrt.a(dupkbs01320.o)
 SORT_BY_NAME(*)(.idata$7)
 *fill*         0x0040f522        0x2 
 .idata$7       0x0040f524        0x4 c:/mingw/bin/../lib/gcc/mingw32/8.2.0/../../../libkernel32.a(dimos00207.o)
 .idata$7       0x0040f528        0x4 c:/mingw/bin/../lib/gcc/mingw32/8.2.0/../../../libkernel32.a(dimos00236.o)
 .idata$7       0x0040f52c        0x4 c:/mingw/bin/../lib/gcc/mingw32/8.2.0/../../../libkernel32.a(dimos00279.o)
 .idata$7       0x0040f530        0x4 c:/mingw/bin/../lib/gcc/mingw32/8.2.0/../../../libkernel32.a(dimos00300.o)
 .idata$7       0x0040f534        0x4 c:/mingw/bin/../lib/gcc/mingw32/8.2.0/../../../libkernel32.a(dimos00304.o)
 .idata$7       0x0040f538        0x4 c:/mingw/bin/../lib/gcc/mingw32/8.2.0/../../../libkernel32.a(dimos00321.o)
 .idata$7       0x0040f53c        0x4 c:/mingw/bin/../lib/gcc/mingw32/8.2.0/../../../libkernel32.a(dimos00352.o)
 .idata$7       0x0040f540        0x4 c:/mingw/bin/../lib/gcc/mingw32/8.2.0/../../../libkernel32.a(dimos00388.o)
 .idata$7       0x0040f544        0x4 c:/mingw/bin/../lib/gcc/mingw32/8.2.0/../../../libkernel32.a(dimos00510.o)
 .idata$7       0x0040f548        0x4 c:/mingw/bin/../lib/gcc/mingw32/8.2.0/../../../libkernel32.a(dimos00529.o)
 .idata$7       0x0040f54c        0x4 c:/mingw/bin/../lib/gcc/mingw32/8.2.0/../../../libkernel32.a(dimos00577.o)
 .idata$7       0x0040f550        0x4 c:/mingw/bin/../lib/gcc/mingw32/8.2.0/../../../libkernel32.a(dimos00734.o)
 .idata$7       0x0040f554        0x4 c:/mingw/bin/../lib/gcc/mingw32/8.2.0/../../../libkernel32.a(dimos00814.o)
 .idata$7       0x0040f558        0x4 c:/mingw/bin/../lib/gcc/mingw32/8.2.0/../../../libkernel32.a(dimos00817.o)
 .idata$7       0x0040f55c        0x4 c:/mingw/bin/../lib/gcc/mingw32/8.2.0/../../../libkernel32.a(dimos01131.o)
 .idata$7       0x0040f560        0x4 c:/mingw/bin/../lib/gcc/mingw32/8.2.0/../../../libkernel32.a(dimos01164.o)
 .idata$7       0x0040f564        0x4 c:/mingw/bin/../lib/gcc/mingw32/8.2.0/../../../libkernel32.a(dimos01204.o)
 .idata$7       0x0040f568        0x4 c:/mingw/bin/../lib/gcc/mingw32/8.2.0/../../../libkernel32.a(dimos01206.o)
 .idata$7       0x0040f56c       0x10 c:/mingw/bin/../lib/gcc/mingw32/8.2.0/../../../libkernel32.a(dimot.o)
                0x0040f56c                _libkernel32_a_iname
 .idata$7       0x0040f57c        0x4 c:/mingw/bin/../lib/gcc/mingw32/8.2.0/../../../libmoldname.a(dugtbs00080.o)
 .idata$7       0x0040f580        0x4 c:/mingw/bin/../lib/gcc/mingw32/8.2.0/../../../libmoldname.a(dugtbs00082.o)
 .idata$7       0x0040f584        0xc c:/mingw/bin/../lib/gcc/mingw32/8.2.0/../../../libmoldname.a(dugtbt.o)
                0x0040f584                _libmoldname_a_iname
 .idata$7       0x0040f590        0x4 c:/mingw/bin/../lib/gcc/mingw32/8.2.0/../../../libmsvcrt.a(dupkbs00088.o)
 .idata$7       0x0040f594        0x4 c:/mingw/bin/../lib/gcc/mingw32/8.2.0/../../../libmsvcrt.a(dupkbs00119.o)
 .idata$7       0x0040f598        0x4 c:/mingw/bin/../lib/gcc/mingw32/8.2.0/../../../libmsvcrt.a(dupkbs00131.o)
 .idata$7       0x0040f59c        0x4 c:/mingw/bin/../lib/gcc/mingw32/8.2.0/../../../libmsvcrt.a(dupkbs00133.o)
 .idata$7       0x0040f5a0        0x4 c:/mingw/bin/../lib/gcc/mingw32/8.2.0/../../../libmsvcrt.a(dupkbs00153.o)
 .idata$7       0x0040f5a4        0x4 c:/mingw/bin/../lib/gcc/mingw32/8.2.0/../../../libmsvcrt.a(dupkbs00214.o)
 .idata$7       0x0040f5a8        0x4 c:/mingw/bin/../lib/gcc/mingw32/8.2.0/../../../libmsvcrt.a(dupkbs00280.o)
 .idata$7       0x0040f5ac        0x4 c:/mingw/bin/../lib/gcc/mingw32/8.2.0/../../../libmsvcrt.a(dupkbs00319.o)
 .idata$7       0x0040f5b0        0x4 c:/mingw/bin/../lib/gcc/mingw32/8.2.0/../../../libmsvcrt.a(dupkbs00345.o)
 .idata$7       0x0040f5b4        0x4 c:/mingw/bin/../lib/gcc/mingw32/8.2.0/../../../libmsvcrt.a(dupkbs00412.o)
 .idata$7       0x0040f5b8        0x4 c:/mingw/bin/../lib/gcc/mingw32/8.2.0/../../../libmsvcrt.a(dupkbs00417.o)
 .idata$7       0x0040f5bc        0x4 c:/mingw/bin/../lib/gcc/mingw32/8.2.0/../../../libmsvcrt.a(dupkbs00684.o)
 .idata$7       0x0040f5c0        0x4 c:/mingw/bin/../lib/gcc/mingw32/8.2.0/../../../libmsvcrt.a(dupkbs00693.o)
 .idata$7       0x0040f5c4        0x4 c:/mingw/bin/../lib/gcc/mingw32/8.2.0/../../../libmsvcrt.a(dupkbs00744.o)
 .idata$7       0x0040f5c8        0x4 c:/mingw/bin/../lib/gcc/mingw32/8.2.0/../../../libmsvcrt.a(dupkbs00748.o)
 .idata$7       0x0040f5cc        0x4 c:/mingw/bin/../lib/gcc/mingw32/8.2.0/../../../libmsvcrt.a(dupkbs01078.o)
 .idata$7       0x0040f5d0        0x4 c:/mingw/bin/../lib/gcc/mingw32/8.2.0/../../../libmsvcrt.a(dupkbs01086.o)
 .idata$7       0x0040f5d4        0x4 c:/mingw/bin/../lib/gcc/mingw32/8.2.0/../../../libmsvcrt.a(dupkbs01093.o)
 .idata$7       0x0040f5d8        0x4 c:/mingw/bin/../lib/gcc/mingw32/8.2.0/../../../libmsvcrt.a(dupkbs01126.o)
 .idata$7       0x0040f5dc        0x4 c:/mingw/bin/../lib/gcc/mingw32/8.2.0/../../../libmsvcrt.a(dupkbs01137.o)
 .idata$7       0x0040f5e0        0x4 c:/mingw/bin/../lib/gcc/mingw32/8.2.0/../../../libmsvcrt.a(dupkbs01181.o)
 .idata$7       0x0040f5e4        0x4 c:/mingw/bin/../lib/gcc/mingw32/8.2.0/../../../libmsvcrt.a(dupkbs01182.o)
 .idata$7       0x0040f5e8        0x4 c:/mingw/bin/../lib/gcc/mingw32/8.2.0/../../../libmsvcrt.a(dupkbs01189.o)
 .idata$7       0x0040f5ec        0x4 c:/mingw/bin/../lib/gcc/mingw32/8.2.0/../../../libmsvcrt.a(dupkbs01194.o)
 .idata$7       0x0040f5f0        0x4 c:/mingw/bin/../lib/gcc/mingw32/8.2.0/../../../libmsvcrt.a(dupkbs01198.o)
 .idata$7       0x0040f5f4        0x4 c:/mingw/bin/../lib/gcc/mingw32/8.2.0/../../../libmsvcrt.a(dupkbs01206.o)
 .idata$7       0x0040f5f8        0x4 c:/mingw/bin/../lib/gcc/mingw32/8.2.0/../../../libmsvcrt.a(dupkbs01215.o)
 .idata$7       0x0040f5fc        0x4 c:/mingw/bin/../lib/gcc/mingw32/8.2.0/../../../libmsvcrt.a(dupkbs01222.o)
 .idata$7       0x0040f600        0x4 c:/mingw/bin/../lib/gcc/mingw32/8.2.0/../../../libmsvcrt.a(dupkbs01224.o)
 .idata$7       0x0040f604        0x4 c:/mingw/bin/../lib/gcc/mingw32/8.2.0/../../../libmsvcrt.a(dupkbs01236.o)
 .idata$7       0x0040f608        0x4 c:/mingw/bin/../lib/gcc/mingw32/8.2.0/../../../libmsvcrt.a(dupkbs01237.o)
 .idata$7       0x0040f60c        0x4 c:/mingw/bin/../lib/gcc/mingw32/8.2.0/../../../libmsvcrt.a(dupkbs01244.o)
 .idata$7       0x0040f610        0x4 c:/mingw/bin/../lib/gcc/mingw32/8.2.0/../../../libmsvcrt.a(dupkbs01253.o)
 .idata$7       0x0040f614        0x4 c:/mingw/bin/../lib/gcc/mingw32/8.2.0/../../../libmsvcrt.a(dupkbs01272.o)
 .idata$7       0x0040f618        0x4 c:/mingw/bin/../lib/gcc/mingw32/8.2.0/../../../libmsvcrt.a(dupkbs01279.o)
 .idata$7       0x0040f61c        0x4 c:/mingw/bin/../lib/gcc/mingw32/8.2.0/../../../libmsvcrt.a(dupkbs01320.o)
 .idata$7       0x0040f620        0xc c:/mingw/bin/../lib/gcc/mingw32/8.2.0/../../../libmsvcrt.a(dupkbt.o)
                0x0040f620                _libmsvcrt_a_iname

.CRT            0x00410000      0x200
                0x00410000                ___crt_xc_start__ = .
 *(SORT_BY_NAME(.CRT$XC*))
                0x00410000                ___crt_xc_end__ = .
                0x00410000                ___crt_xi_start__ = .
 *(SORT_BY_NAME(.CRT$XI*))
                0x00410000                ___crt_xi_end__ = .
                0x00410000                ___crt_xl_start__ = .
 *(SORT_BY_NAME(.CRT$XL*))
 .CRT$XLA       0x00410000        0x4 c:/mingw/bin/../lib/gcc/mingw32/8.2.0/../../../libmingw32.a(tlssup.o)
                0x00410000                __xl_a
 .CRT$XLC       0x00410004        0x4 c:/mingw/bin/../lib/gcc/mingw32/8.2.0/../../../libmingw32.a(tlssup.o)
                0x00410004                __xl_c
 .CRT$XLD       0x00410008        0x4 c:/mingw/bin/../lib/gcc/mingw32/8.2.0/../../../libmingw32.a(tlssup.o)
                0x00410008                __xl_d
 .CRT$XLZ       0x0041000c        0x4 c:/mingw/bin/../lib/gcc/mingw32/8.2.0/../../../libmingw32.a(tlssup.o)
                0x0041000c                __xl_z
                0x00410010                ___crt_xp_start__ = .
 *(SORT_BY_NAME(.CRT$XP*))
                0x00410010                ___crt_xp_end__ = .
                0x00410010                ___crt_xt_start__ = .
 *(SORT_BY_NAME(.CRT$XT*))
                0x00410010                ___crt_xt_end__ = .
 .CRT$XDA       0x00410010        0x4 c:/mingw/bin/../lib/gcc/mingw32/8.2.0/../../../libmingw32.a(tlssup.o)
 .CRT$XDZ       0x00410014        0x4 c:/mingw/bin/../lib/gcc/mingw32/8.2.0/../../../libmingw32.a(tlssup.o)

.tls            0x00411000      0x200
                0x00411000                ___tls_start__ = .
 *(.tls$AAA)
 .tls$AAA       0x00411000        0x4 c:/mingw/bin/../lib/gcc/mingw32/8.2.0/../../../libmingw32.a(tlssup.o)
                0x00411000                _tls_start
 *(.tls)
 .tls           0x00411004       0x18 c:/mingw/bin/../lib/gcc/mingw32/8.2.0/../../../libmingw32.a(tlssup.o)
                0x00411004                _tls_used
 *(.tls$)
 *(SORT_BY_NAME(.tls$*))
 .tls$ZZZ       0x0041101c        0x4 c:/mingw/bin/../lib/gcc/mingw32/8.2.0/../../../libmingw32.a(tlssup.o)
                0x0041101c                _tls_end
 *(.tls$ZZZ)
                0x00411020                ___tls_end__ = .

.endjunk        0x00412000        0x0
                [!provide]                PROVIDE (end = .)
                [!provide]                PROVIDE (_end = .)
                0x00412000                __end__ = .

.rsrc
 *(.rsrc)
 *(.rsrc$*)

.reloc
 *(.reloc)

.stab
 *(.stab)

.stabstr
 *(.stabstr)

.debug_aranges  0x00412000      0x200
 *(.debug_aranges)
 .debug_aranges
                0x00412000       0x20 c:/mingw/bin/../lib/gcc/mingw32/8.2.0/libgcc.a(_chkstk_ms.o)
 .debug_aranges
                0x00412020       0x18 c:/mingw/bin/../lib/gcc/mingw32/8.2.0/libgcc.a(_ctors.o)

.zdebug_aranges
 *(.zdebug_aranges)

.debug_pubnames
 *(.debug_pubnames)

.zdebug_pubnames
 *(.zdebug_pubnames)

.debug_pubtypes
 *(.debug_pubtypes)

.zdebug_pubtypes
 *(.zdebug_pubtypes)

.debug_info     0x00413000     0x2000
 *(.debug_info .gnu.linkonce.wi.*)
 .debug_info    0x00413000       0x26 c:/mingw/bin/../lib/gcc/mingw32/8.2.0/libgcc.a(_chkstk_ms.o)
 .debug_info    0x00413026     0x1e1c c:/mingw/bin/../lib/gcc/mingw32/8.2.0/libgcc.a(_ctors.o)

.zdebug_info
 *(.zdebug_info .zdebug.gnu.linkonce.wi.*)

.debug_abbrev   0x00415000      0x200
 *(.debug_abbrev)
 .debug_abbrev  0x00415000       0x14 c:/mingw/bin/../lib/gcc/mingw32/8.2.0/libgcc.a(_chkstk_ms.o)
 .debug_abbrev  0x00415014      0x135 c:/mingw/bin/../lib/gcc/mingw32/8.2.0/libgcc.a(_ctors.o)

.zdebug_abbrev
 *(.zdebug_abbrev)

.debug_line     0x00416000      0x200
 *(.debug_line)
 .debug_line    0x00416000       0x71 c:/mingw/bin/../lib/gcc/mingw32/8.2.0/libgcc.a(_chkstk_ms.o)
 .debug_line    0x00416071      0x157 c:/mingw/bin/../lib/gcc/mingw32/8.2.0/libgcc.a(_ctors.o)

.zdebug_line
 *(.zdebug_line)

.debug_frame    0x00417000      0x200
 *(.debug_frame*)
 .debug_frame   0x00417000       0x38 c:/mingw/bin/../lib/gcc/mingw32/8.2.0/libgcc.a(_chkstk_ms.o)

.zdebug_frame
 *(.zdebug_frame*)

.debug_str      0x00418000      0x200
 *(.debug_str)
 .debug_str     0x00418000       0x97 c:/mingw/bin/../lib/gcc/mingw32/8.2.0/libgcc.a(_chkstk_ms.o)
 .debug_str     0x00418097        0x0 c:/mingw/bin/../lib/gcc/mingw32/8.2.0/libgcc.a(_ctors.o)

.zdebug_str
 *(.zdebug_str)

.debug_loc
 *(.debug_loc)

.zdebug_loc
 *(.zdebug_loc)

.debug_macinfo
 *(.debug_macinfo)

.zdebug_macinfo
 *(.zdebug_macinfo)

.debug_weaknames
 *(.debug_weaknames)

.zdebug_weaknames
 *(.zdebug_weaknames)

.debug_funcnames
 *(.debug_funcnames)

.zdebug_funcnames
 *(.zdebug_funcnames)

.debug_typenames
 *(.debug_typenames)

.zdebug_typenames
 *(.zdebug_typenames)

.debug_varnames
 *(.debug_varnames)

.zdebug_varnames
 *(.zdebug_varnames)

.debug_macro
 *(.debug_macro)

.zdebug_macro
 *(.zdebug_macro)

.debug_ranges
 *(.debug_ranges)

.zdebug_ranges
 *(.zdebug_ranges)

.debug_types
 *(.debug_types .gnu.linkonce.wt.*)

.zdebug_types
 *(.zdebug_types .gnu.linkonce.wt.*)

.debug_gdb_scripts
 *(.debug_gdb_scripts)

.zdebug_gdb_scripts
 *(.zdebug_gdb_scripts)
OUTPUT(..\..\..\..\bin\i2c_master_test.exe pei-i386)
